10.101.2.113 - - [21/Jan/2014:10:26:22 +0800] "GET /monitor/show?callback=angular.callbacks._0 HTTP/1.1" 200 66 "http://127.0.0.1/index.html" "Mozilla/5.0 (Windows NT 6.1; WOW64) AppleWebKit/537.36 (KHTML, like Gecko) Chrome/32.0.1700.76 Safari/537.36"
10.101.2.113 - - [21/Jan/2014:10:26:22 +0800] "GET /uservisit/updatepv?callback=jQuery110109182563801296055_1390271181640&_=1390271181641 HTTP/1.1" 200 67 "http://127.0.0.1/index.html" "Mozilla/5.0 (Windows NT 6.1; WOW64) AppleWebKit/537.36 (KHTML, like Gecko) Chrome/32.0.1700.76 Safari/537.36"
10.101.2.113 - - [21/Jan/2014:10:26:24 +0800] "GET /monitor/show?callback=angular.callbacks._0 HTTP/1.1" 200 66 "http://127.0.0.1/index.html" "Mozilla/5.0 (Windows NT 6.1; WOW64) AppleWebKit/537.36 (KHTML, like Gecko) Chrome/32.0.1700.76 Safari/537.36"
10.101.2.113 - - [21/Jan/2014:10:26:24 +0800] "GET /uservisit/updatepv?callback=jQuery11010026070640422403812_1390271183714&_=1390271183715 HTTP/1.1" 200 69 "http://127.0.0.1/index.html" "Mozilla/5.0 (Windows NT 6.1; WOW64) AppleWebKit/537.36 (KHTML, like Gecko) Chrome/32.0.1700.76 Safari/537.36"
10.101.2.113 - - [21/Jan/2014:10:26:35 +0800] "GET /uservisit/updatepv?callback=jQuery110109158149568829685_1390271194259&_=1390271194260 HTTP/1.1" 200 67 "http://127.0.0.1/index.html" "Mozilla/5.0 (Windows NT 6.1; WOW64) AppleWebKit/537.36 (KHTML, like Gecko) Chrome/32.0.1700.76 Safari/537.36"
10.101.2.113 - - [21/Jan/2014:10:26:35 +0800] "GET /monitor/show?callback=angular.callbacks._0 HTTP/1.1" 200 66 "http://127.0.0.1/index.html" "Mozilla/5.0 (Windows NT 6.1; WOW64) AppleWebKit/537.36 (KHTML, like Gecko) Chrome/32.0.1700.76 Safari/537.36"
10.101.2.113 - - [21/Jan/2014:10:27:11 +0800] "GET /monitor/show?callback=angular.callbacks._0 HTTP/1.1" 200 66 "http://127.0.0.1/index.html" "Mozilla/5.0 (Windows NT 6.1; WOW64) AppleWebKit/537.36 (KHTML, like Gecko) Chrome/32.0.1700.76 Safari/537.36"
10.101.2.113 - - [21/Jan/2014:10:27:11 +0800] "GET /uservisit/updatepv?callback=jQuery1101009116096305660903_1390271230168&_=1390271230169 HTTP/1.1" 200 68 "http://127.0.0.1/index.html" "Mozilla/5.0 (Windows NT 6.1; WOW64) AppleWebKit/537.36 (KHTML, like Gecko) Chrome/32.0.1700.76 Safari/537.36"
10.101.2.113 - - [21/Jan/2014:10:28:02 +0800] "GET /monitor/show?callback=angular.callbacks._0 HTTP/1.1" 200 66 "http://127.0.0.1/index.html" "Mozilla/5.0 (Windows NT 6.1; WOW64) AppleWebKit/537.36 (KHTML, like Gecko) Chrome/32.0.1700.76 Safari/537.36"
10.101.2.113 - - [21/Jan/2014:10:28:02 +0800] "GET /uservisit/updatepv?callback=jQuery1101008779472997412086_1390271281621&_=1390271281622 HTTP/1.1" 200 68 "http://127.0.0.1/index.html" "Mozilla/5.0 (Windows NT 6.1; WOW64) AppleWebKit/537.36 (KHTML, like Gecko) Chrome/32.0.1700.76 Safari/537.36"
192.168.52.225 - - [21/Jan/2014:10:28:56 +0800] "POST /vendor/report/login.php HTTP/1.1" 200 15 "-" "Apache-HttpClient/4.3.1 (java 1.5)"
192.168.52.225 - - [21/Jan/2014:10:28:57 +0800] "POST /vendor/report/login.php HTTP/1.1" 200 15 "-" "Apache-HttpClient/4.3.1 (java 1.5)"
192.168.52.225 - - [21/Jan/2014:10:28:57 +0800] "POST /vendor/report/login.php HTTP/1.1" 200 15 "-" "Apache-HttpClient/4.3.1 (java 1.5)"
192.168.52.225 - - [21/Jan/2014:10:29:10 +0800] "POST /vendor/report/login.php HTTP/1.1" 200 15 "-" "Apache-HttpClient/4.3.1 (java 1.5)"
192.168.52.225 - - [21/Jan/2014:10:29:10 +0800] "POST /vendor/report/login.php HTTP/1.1" 200 15 "-" "Apache-HttpClient/4.3.1 (java 1.5)"
192.168.52.225 - - [21/Jan/2014:10:29:25 +0800] "POST /vendor/report/login.php HTTP/1.1" 200 15 "-" "Apache-HttpClient/4.3.1 (java 1.5)"
192.168.52.225 - - [21/Jan/2014:10:29:25 +0800] "POST /vendor/report/login.php HTTP/1.1" 200 15 "-" "Apache-HttpClient/4.3.1 (java 1.5)"
10.101.2.121 - - [21/Jan/2014:10:29:43 +0800] "POST /vendor/report/login.php HTTP/1.1" 200 15 "-" "Apache-HttpClient/4.3.1 (java 1.5)"
10.101.2.121 - - [21/Jan/2014:10:29:50 +0800] "POST /vendor/report/login.php HTTP/1.1" 200 15 "-" "Apache-HttpClient/4.3.1 (java 1.5)"
10.101.2.121 - - [21/Jan/2014:10:29:53 +0800] "POST /vendor/report/login.php HTTP/1.1" 200 15 "-" "Apache-HttpClient/4.3.1 (java 1.5)"
10.101.2.113 - - [21/Jan/2014:10:30:45 +0800] "GET /uservisit/updatepv?callback=jQuery1101008779472997412086_1390271281621&_=1390271281624 HTTP/1.1" 200 68 "http://127.0.0.1/index.html" "Mozilla/5.0 (Windows NT 6.1; WOW64) AppleWebKit/537.36 (KHTML, like Gecko) Chrome/32.0.1700.76 Safari/537.36"
10.101.2.113 - - [21/Jan/2014:10:30:47 +0800] "GET /loadgoods/find?start=20140114&end=20140121&page=1&offset=15&callback=jQuery1101008779472997412086_1390271281621&_=1390271281626 HTTP/1.1" 200 160 "http://127.0.0.1/index.html" "Mozilla/5.0 (Windows NT 6.1; WOW64) AppleWebKit/537.36 (KHTML, like Gecko) Chrome/32.0.1700.76 Safari/537.36"
10.101.2.113 - - [21/Jan/2014:10:30:52 +0800] "GET /loadgoods/find?start=20140114&end=20140121&page=1&offset=15&callback=jQuery1101008779472997412086_1390271281621&_=1390271281627 HTTP/1.1" 200 160 "http://127.0.0.1/index.html" "Mozilla/5.0 (Windows NT 6.1; WOW64) AppleWebKit/537.36 (KHTML, like Gecko) Chrome/32.0.1700.76 Safari/537.36"
10.101.2.113 - - [21/Jan/2014:10:30:57 +0800] "GET /loadgoods/find?start=20131210&end=20140121&page=1&offset=15&callback=jQuery1101008779472997412086_1390271281621&_=1390271281628 HTTP/1.1" 200 430 "http://127.0.0.1/index.html" "Mozilla/5.0 (Windows NT 6.1; WOW64) AppleWebKit/537.36 (KHTML, like Gecko) Chrome/32.0.1700.76 Safari/537.36"
10.101.2.113 - - [21/Jan/2014:10:31:16 +0800] "GET /monitor/show?callback=angular.callbacks._0 HTTP/1.1" 200 66 "http://127.0.0.1/index.html" "Mozilla/5.0 (Windows NT 6.1; WOW64) AppleWebKit/537.36 (KHTML, like Gecko) Chrome/32.0.1700.76 Safari/537.36"
10.101.2.113 - - [21/Jan/2014:10:31:16 +0800] "GET /uservisit/updatepv?callback=jQuery1101093400843674317_1390271475796&_=1390271475797 HTTP/1.1" 200 65 "http://127.0.0.1/index.html" "Mozilla/5.0 (Windows NT 6.1; WOW64) AppleWebKit/537.36 (KHTML, like Gecko) Chrome/32.0.1700.76 Safari/537.36"
10.101.2.113 - - [21/Jan/2014:10:31:22 +0800] "GET /monitor/show?callback=angular.callbacks._0 HTTP/1.1" 200 66 "http://127.0.0.1/index.html" "Mozilla/5.0 (Windows NT 6.1; WOW64) AppleWebKit/537.36 (KHTML, like Gecko) Chrome/32.0.1700.76 Safari/537.36"
10.101.2.113 - - [21/Jan/2014:10:31:22 +0800] "GET /uservisit/updatepv?callback=jQuery110106565500686410815_1390271481555&_=1390271481556 HTTP/1.1" 200 67 "http://127.0.0.1/index.html" "Mozilla/5.0 (Windows NT 6.1; WOW64) AppleWebKit/537.36 (KHTML, like Gecko) Chrome/32.0.1700.76 Safari/537.36"
10.101.2.113 - - [21/Jan/2014:10:31:36 +0800] "GET /monitor/show?callback=angular.callbacks._0 HTTP/1.1" 200 66 "http://127.0.0.1/index.html" "Mozilla/5.0 (Windows NT 6.1; WOW64) AppleWebKit/537.36 (KHTML, like Gecko) Chrome/32.0.1700.76 Safari/537.36"
10.101.2.113 - - [21/Jan/2014:10:31:36 +0800] "GET /uservisit/updatepv?callback=jQuery110104301740590017289_1390271495546&_=1390271495547 HTTP/1.1" 200 67 "http://127.0.0.1/index.html" "Mozilla/5.0 (Windows NT 6.1; WOW64) AppleWebKit/537.36 (KHTML, like Gecko) Chrome/32.0.1700.76 Safari/537.36"
10.101.2.113 - - [21/Jan/2014:10:31:38 +0800] "GET /uservisit/updatepv?callback=jQuery110104301740590017289_1390271495546&_=1390271495549 HTTP/1.1" 200 67 "http://127.0.0.1/index.html" "Mozilla/5.0 (Windows NT 6.1; WOW64) AppleWebKit/537.36 (KHTML, like Gecko) Chrome/32.0.1700.76 Safari/537.36"
10.101.2.121 - - [21/Jan/2014:10:31:54 +0800] "POST /vendor/report/login.php HTTP/1.1" 200 15 "-" "Apache-HttpClient/4.3.1 (java 1.5)"
10.101.2.121 - - [21/Jan/2014:10:31:59 +0800] "POST /vendor/report/login.php HTTP/1.1" 200 15 "-" "Apache-HttpClient/4.3.1 (java 1.5)"
10.101.2.121 - - [21/Jan/2014:10:31:59 +0800] "POST /vendor/report/login.php HTTP/1.1" 200 15 "-" "Apache-HttpClient/4.3.1 (java 1.5)"
10.101.2.121 - - [21/Jan/2014:10:32:00 +0800] "POST /vendor/report/login.php HTTP/1.1" 200 15 "-" "Apache-HttpClient/4.3.1 (java 1.5)"
10.101.2.113 - - [21/Jan/2014:10:32:08 +0800] "GET /monitor/show?callback=angular.callbacks._0 HTTP/1.1" 200 66 "http://127.0.0.1/index.html" "Mozilla/5.0 (Windows NT 6.1; WOW64) AppleWebKit/537.36 (KHTML, like Gecko) Chrome/32.0.1700.76 Safari/537.36"
10.101.2.113 - - [21/Jan/2014:10:32:08 +0800] "GET /uservisit/updatepv?callback=jQuery110105671768409665674_1390271527444&_=1390271527445 HTTP/1.1" 200 67 "http://127.0.0.1/index.html" "Mozilla/5.0 (Windows NT 6.1; WOW64) AppleWebKit/537.36 (KHTML, like Gecko) Chrome/32.0.1700.76 Safari/537.36"
10.101.2.113 - - [21/Jan/2014:10:32:22 +0800] "GET /monitor/show?callback=angular.callbacks._0 HTTP/1.1" 200 66 "http://127.0.0.1/index.html" "Mozilla/5.0 (Windows NT 6.1; WOW64) AppleWebKit/537.36 (KHTML, like Gecko) Chrome/32.0.1700.76 Safari/537.36"
10.101.2.113 - - [21/Jan/2014:10:32:22 +0800] "GET /uservisit/updatepv?callback=jQuery11010053030197974294424_1390271541370&_=1390271541371 HTTP/1.1" 200 69 "http://127.0.0.1/index.html" "Mozilla/5.0 (Windows NT 6.1; WOW64) AppleWebKit/537.36 (KHTML, like Gecko) Chrome/32.0.1700.76 Safari/537.36"
10.101.2.121 - - [21/Jan/2014:10:32:26 +0800] "POST /vendor/report/login.php HTTP/1.1" 200 15 "-" "Apache-HttpClient/4.3.1 (java 1.5)"
10.101.2.121 - - [21/Jan/2014:10:34:53 +0800] "POST /vendor/report/login.php HTTP/1.1" 200 15 "-" "Apache-HttpClient/4.3.1 (java 1.5)"
10.101.2.121 - - [21/Jan/2014:10:34:53 +0800] "POST /vendor/report/login.php HTTP/1.1" 200 15 "-" "Apache-HttpClient/4.3.1 (java 1.5)"
10.101.2.121 - - [21/Jan/2014:10:35:54 +0800] "POST /vendor/report/login.php HTTP/1.1" 200 15 "-" "Apache-HttpClient/4.3.1 (java 1.5)"
10.101.2.121 - - [21/Jan/2014:10:35:57 +0800] "POST /vendor/report/login.php HTTP/1.1" 200 15 "-" "Apache-HttpClient/4.3.1 (java 1.5)"
10.101.2.121 - - [21/Jan/2014:10:36:00 +0800] "POST /vendor/report/login.php HTTP/1.1" 200 15 "-" "Apache-HttpClient/4.3.1 (java 1.5)"
10.101.2.121 - - [21/Jan/2014:10:36:07 +0800] "POST /vendor/report/login.php HTTP/1.1" 200 15 "-" "Apache-HttpClient/4.3.1 (java 1.5)"
10.101.2.121 - - [21/Jan/2014:10:36:07 +0800] "POST /vendor/report/login.php HTTP/1.1" 200 15 "-" "Apache-HttpClient/4.3.1 (java 1.5)"
10.101.2.121 - - [21/Jan/2014:10:36:07 +0800] "POST /vendor/report/login.php HTTP/1.1" 200 15 "-" "Apache-HttpClient/4.3.1 (java 1.5)"
10.101.2.121 - - [21/Jan/2014:10:36:13 +0800] "POST /vendor/report/login.php HTTP/1.1" 200 15 "-" "Apache-HttpClient/4.3.1 (java 1.5)"
10.101.2.121 - - [21/Jan/2014:10:36:13 +0800] "POST /vendor/report/login.php HTTP/1.1" 200 15 "-" "Apache-HttpClient/4.3.1 (java 1.5)"
10.101.2.121 - - [21/Jan/2014:10:36:17 +0800] "POST /vendor/report/login.php HTTP/1.1" 200 15 "-" "Apache-HttpClient/4.3.1 (java 1.5)"
10.101.2.113 - - [21/Jan/2014:10:39:29 +0800] "GET /uservisit/updatepv?callback=jQuery11010053030197974294424_1390271541370&_=1390271541373 HTTP/1.1" 200 69 "http://127.0.0.1/index.html" "Mozilla/5.0 (Windows NT 6.1; WOW64) AppleWebKit/537.36 (KHTML, like Gecko) Chrome/32.0.1700.76 Safari/537.36"
10.101.2.113 - - [21/Jan/2014:10:39:42 +0800] "GET /uservisit/updatepv?callback=jQuery11010053030197974294424_1390271541370&_=1390271541375 HTTP/1.1" 200 69 "http://127.0.0.1/index.html" "Mozilla/5.0 (Windows NT 6.1; WOW64) AppleWebKit/537.36 (KHTML, like Gecko) Chrome/32.0.1700.76 Safari/537.36"
10.101.2.113 - - [21/Jan/2014:10:39:44 +0800] "GET /uservisit/updatepv?callback=jQuery11010053030197974294424_1390271541370&_=1390271541377 HTTP/1.1" 200 69 "http://127.0.0.1/index.html" "Mozilla/5.0 (Windows NT 6.1; WOW64) AppleWebKit/537.36 (KHTML, like Gecko) Chrome/32.0.1700.76 Safari/537.36"
10.101.2.113 - - [21/Jan/2014:10:39:45 +0800] "GET /uservisit/updatepv?callback=jQuery11010053030197974294424_1390271541370&_=1390271541379 HTTP/1.1" 200 69 "http://127.0.0.1/index.html" "Mozilla/5.0 (Windows NT 6.1; WOW64) AppleWebKit/537.36 (KHTML, like Gecko) Chrome/32.0.1700.76 Safari/537.36"
10.101.2.121 - - [21/Jan/2014:10:40:03 +0800] "POST /vendor/report/login.php HTTP/1.1" 200 15 "-" "Apache-HttpClient/4.3.1 (java 1.5)"
10.101.2.113 - - [21/Jan/2014:10:40:28 +0800] "GET /monitor/show?callback=angular.callbacks._0 HTTP/1.1" 200 66 "http://127.0.0.1/index.html" "Mozilla/5.0 (Windows NT 6.1; WOW64) AppleWebKit/537.36 (KHTML, like Gecko) Chrome/32.0.1700.76 Safari/537.36"
10.101.2.113 - - [21/Jan/2014:10:40:28 +0800] "GET /uservisit/updatepv?callback=jQuery110102136084537487477_1390272027209&_=1390272027210 HTTP/1.1" 200 67 "http://127.0.0.1/index.html" "Mozilla/5.0 (Windows NT 6.1; WOW64) AppleWebKit/537.36 (KHTML, like Gecko) Chrome/32.0.1700.76 Safari/537.36"
10.101.2.121 - - [21/Jan/2014:10:41:37 +0800] "POST /vendor/report/login.php HTTP/1.1" 200 15 "-" "Apache-HttpClient/4.3.1 (java 1.5)"
10.101.2.121 - - [21/Jan/2014:10:41:38 +0800] "POST /vendor/report/login.php HTTP/1.1" 200 15 "-" "Apache-HttpClient/4.3.1 (java 1.5)"
10.101.2.121 - - [21/Jan/2014:10:41:42 +0800] "POST /vendor/report/login.php HTTP/1.1" 200 15 "-" "Apache-HttpClient/4.3.1 (java 1.5)"
10.101.2.113 - - [21/Jan/2014:10:41:47 +0800] "GET /uservisit/updatepv?callback=jQuery110105793679554481059_1390272106199&_=1390272106200 HTTP/1.1" 200 67 "http://127.0.0.1/index.html" "Mozilla/5.0 (Windows NT 6.1; WOW64) AppleWebKit/537.36 (KHTML, like Gecko) Chrome/32.0.1700.76 Safari/537.36"
10.101.2.113 - - [21/Jan/2014:10:41:47 +0800] "GET /monitor/show?callback=angular.callbacks._0 HTTP/1.1" 200 66 "http://127.0.0.1/index.html" "Mozilla/5.0 (Windows NT 6.1; WOW64) AppleWebKit/537.36 (KHTML, like Gecko) Chrome/32.0.1700.76 Safari/537.36"
10.101.2.121 - - [21/Jan/2014:10:42:02 +0800] "POST /vendor/report/login.php HTTP/1.1" 200 15 "-" "Apache-HttpClient/4.3.1 (java 1.5)"
10.101.2.121 - - [21/Jan/2014:10:42:03 +0800] "POST /vendor/report/login.php HTTP/1.1" 200 15 "-" "Apache-HttpClient/4.3.1 (java 1.5)"
10.101.2.121 - - [21/Jan/2014:10:42:06 +0800] "POST /vendor/report/login.php HTTP/1.1" 200 15 "-" "Apache-HttpClient/4.3.1 (java 1.5)"
10.101.2.121 - - [21/Jan/2014:10:42:26 +0800] "POST /vendor/report/login.php HTTP/1.1" 200 15 "-" "Apache-HttpClient/4.3.1 (java 1.5)"
10.101.2.121 - - [21/Jan/2014:10:42:26 +0800] "POST /vendor/report/login.php HTTP/1.1" 200 15 "-" "Apache-HttpClient/4.3.1 (java 1.5)"
10.101.2.121 - - [21/Jan/2014:10:42:29 +0800] "POST /vendor/report/login.php HTTP/1.1" 200 15 "-" "Apache-HttpClient/4.3.1 (java 1.5)"
10.101.2.121 - - [21/Jan/2014:10:42:29 +0800] "POST /vendor/report/login.php HTTP/1.1" 200 15 "-" "Apache-HttpClient/4.3.1 (java 1.5)"
10.101.2.121 - - [21/Jan/2014:10:42:37 +0800] "POST /vendor/report/login.php HTTP/1.1" 200 15 "-" "Apache-HttpClient/4.3.1 (java 1.5)"
10.101.2.121 - - [21/Jan/2014:10:42:37 +0800] "POST /vendor/report/login.php HTTP/1.1" 200 15 "-" "Apache-HttpClient/4.3.1 (java 1.5)"
10.101.2.121 - - [21/Jan/2014:10:42:40 +0800] "POST /vendor/report/login.php HTTP/1.1" 200 15 "-" "Apache-HttpClient/4.3.1 (java 1.5)"
10.101.2.121 - - [21/Jan/2014:10:42:40 +0800] "POST /vendor/report/login.php HTTP/1.1" 200 15 "-" "Apache-HttpClient/4.3.1 (java 1.5)"
10.101.2.113 - - [21/Jan/2014:10:42:43 +0800] "GET /monitor/show?callback=angular.callbacks._0 HTTP/1.1" 200 66 "http://127.0.0.1/index.html" "Mozilla/5.0 (Windows NT 6.1; WOW64) AppleWebKit/537.36 (KHTML, like Gecko) Chrome/32.0.1700.76 Safari/537.36"
10.101.2.113 - - [21/Jan/2014:10:42:44 +0800] "GET /uservisit/updatepv?callback=jQuery110104123529347125441_1390272163200&_=1390272163201 HTTP/1.1" 200 67 "http://127.0.0.1/index.html" "Mozilla/5.0 (Windows NT 6.1; WOW64) AppleWebKit/537.36 (KHTML, like Gecko) Chrome/32.0.1700.76 Safari/537.36"
10.101.2.121 - - [21/Jan/2014:10:42:45 +0800] "POST /vendor/report/login.php HTTP/1.1" 200 15 "-" "Apache-HttpClient/4.3.1 (java 1.5)"
10.101.2.121 - - [21/Jan/2014:10:42:45 +0800] "POST /vendor/report/login.php HTTP/1.1" 200 15 "-" "Apache-HttpClient/4.3.1 (java 1.5)"
10.101.2.121 - - [21/Jan/2014:10:42:50 +0800] "POST /vendor/report/login.php HTTP/1.1" 200 15 "-" "Apache-HttpClient/4.3.1 (java 1.5)"
10.101.2.113 - - [21/Jan/2014:10:42:58 +0800] "GET /monitor/show?callback=angular.callbacks._0 HTTP/1.1" 200 66 "http://127.0.0.1/index.html" "Mozilla/5.0 (Windows NT 6.1; WOW64) AppleWebKit/537.36 (KHTML, like Gecko) Chrome/32.0.1700.76 Safari/537.36"
10.101.2.113 - - [21/Jan/2014:10:42:58 +0800] "GET /uservisit/updatepv?callback=jQuery1101036654703691601753_1390272177183&_=1390272177184 HTTP/1.1" 200 68 "http://127.0.0.1/index.html" "Mozilla/5.0 (Windows NT 6.1; WOW64) AppleWebKit/537.36 (KHTML, like Gecko) Chrome/32.0.1700.76 Safari/537.36"
127.0.0.1 - - [21/Jan/2014:10:43:55 +0800] "POST /vendor/report/login.php HTTP/1.1" 200 15 "-" "Apache-HttpClient/4.3.1 (java 1.5)"
127.0.0.1 - - [21/Jan/2014:10:43:55 +0800] "POST /vendor/report/login.php HTTP/1.1" 200 15 "-" "Apache-HttpClient/4.3.1 (java 1.5)"
10.101.2.137 - - [21/Jan/2014:10:43:57 +0800] "-" 400 0 "-" "-"
10.101.2.137 - - [21/Jan/2014:10:43:57 +0800] "-" 400 0 "-" "-"
10.101.2.137 - - [21/Jan/2014:10:43:57 +0800] "-" 400 0 "-" "-"
10.101.2.137 - - [21/Jan/2014:10:43:57 +0800] "-" 400 0 "-" "-"
10.101.2.137 - - [21/Jan/2014:10:43:57 +0800] "-" 400 0 "-" "-"
10.101.2.137 - - [21/Jan/2014:10:43:57 +0800] "-" 400 0 "-" "-"
10.101.2.113 - - [21/Jan/2014:10:43:59 +0800] "GET /monitor/show?callback=angular.callbacks._0 HTTP/1.1" 200 66 "http://127.0.0.1/index.html" "Mozilla/5.0 (Windows NT 6.1; WOW64) AppleWebKit/537.36 (KHTML, like Gecko) Chrome/32.0.1700.76 Safari/537.36"
10.101.2.113 - - [21/Jan/2014:10:43:59 +0800] "GET /uservisit/updatepv?callback=jQuery11010896410702727735_1390272238178&_=1390272238179 HTTP/1.1" 200 66 "http://127.0.0.1/index.html" "Mozilla/5.0 (Windows NT 6.1; WOW64) AppleWebKit/537.36 (KHTML, like Gecko) Chrome/32.0.1700.76 Safari/537.36"
10.101.2.113 - - [21/Jan/2014:10:44:05 +0800] "GET /monitor/show?callback=angular.callbacks._0 HTTP/1.1" 200 66 "http://127.0.0.1/index.html" "Mozilla/5.0 (Windows NT 6.1; WOW64) AppleWebKit/537.36 (KHTML, like Gecko) Chrome/32.0.1700.76 Safari/537.36"
10.101.2.113 - - [21/Jan/2014:10:44:05 +0800] "GET /uservisit/updatepv?callback=jQuery1101024292076146230102_1390272244152&_=1390272244153 HTTP/1.1" 200 68 "http://127.0.0.1/index.html" "Mozilla/5.0 (Windows NT 6.1; WOW64) AppleWebKit/537.36 (KHTML, like Gecko) Chrome/32.0.1700.76 Safari/537.36"
10.101.2.121 - - [21/Jan/2014:10:44:13 +0800] "POST /vendor/report/login.php HTTP/1.1" 200 15 "-" "Apache-HttpClient/4.3.1 (java 1.5)"
10.101.2.137 - - [21/Jan/2014:10:44:13 +0800] "GET /dangqi/realTime/overview?callback=jQuery110203455723013958871_1390272229242&_=1390272229243 HTTP/1.1" 499 0 "http://127.0.0.1/summary.html" "Mozilla/5.0 (Windows NT 6.1; WOW64; rv:26.0) Gecko/20100101 Firefox/26.0"
10.101.2.137 - - [21/Jan/2014:10:44:13 +0800] "GET /dangqi/today?callback=jQuery110203455723013958871_1390272229244&_=1390272229245 HTTP/1.1" 499 0 "http://127.0.0.1/summary.html" "Mozilla/5.0 (Windows NT 6.1; WOW64; rv:26.0) Gecko/20100101 Firefox/26.0"
127.0.0.1 - - [21/Jan/2014:10:44:14 +0800] "POST /vendor/report/login.php HTTP/1.1" 200 15 "-" "Apache-HttpClient/4.3.1 (java 1.5)"
127.0.0.1 - - [21/Jan/2014:10:44:14 +0800] "POST /vendor/report/login.php HTTP/1.1" 200 15 "-" "Apache-HttpClient/4.3.1 (java 1.5)"
10.101.2.121 - - [21/Jan/2014:10:44:15 +0800] "POST /vendor/report/login.php HTTP/1.1" 200 15 "-" "Apache-HttpClient/4.3.1 (java 1.5)"
10.101.2.121 - - [21/Jan/2014:10:44:16 +0800] "POST /vendor/report/login.php HTTP/1.1" 200 15 "-" "Apache-HttpClient/4.3.1 (java 1.5)"
10.101.2.121 - - [21/Jan/2014:10:44:16 +0800] "POST /vendor/report/login.php HTTP/1.1" 200 15 "-" "Apache-HttpClient/4.3.1 (java 1.5)"
10.101.2.137 - - [21/Jan/2014:10:44:16 +0800] "GET /dangqi/realTime/overview?callback=jQuery110205193753509005283_1390272254985&_=1390272254986 HTTP/1.1" 499 0 "http://127.0.0.1/summary.html" "Mozilla/5.0 (Windows NT 6.1; WOW64; rv:26.0) Gecko/20100101 Firefox/26.0"
10.101.2.137 - - [21/Jan/2014:10:44:16 +0800] "GET /dangqi/today?callback=jQuery110205193753509005283_1390272254987&_=1390272254988 HTTP/1.1" 499 0 "http://127.0.0.1/summary.html" "Mozilla/5.0 (Windows NT 6.1; WOW64; rv:26.0) Gecko/20100101 Firefox/26.0"
127.0.0.1 - - [21/Jan/2014:10:44:18 +0800] "POST /vendor/report/login.php HTTP/1.1" 200 15 "-" "Apache-HttpClient/4.3.1 (java 1.5)"
127.0.0.1 - - [21/Jan/2014:10:44:18 +0800] "POST /vendor/report/login.php HTTP/1.1" 200 15 "-" "Apache-HttpClient/4.3.1 (java 1.5)"
10.101.2.121 - - [21/Jan/2014:10:44:19 +0800] "POST /vendor/report/login.php HTTP/1.1" 200 15 "-" "Apache-HttpClient/4.3.1 (java 1.5)"
10.101.2.121 - - [21/Jan/2014:10:44:20 +0800] "POST /vendor/report/login.php HTTP/1.1" 200 15 "-" "Apache-HttpClient/4.3.1 (java 1.5)"
10.101.2.121 - - [21/Jan/2014:10:44:23 +0800] "POST /vendor/report/login.php HTTP/1.1" 200 15 "-" "Apache-HttpClient/4.3.1 (java 1.5)"
127.0.0.1 - - [21/Jan/2014:10:44:23 +0800] "POST /vendor/report/login.php HTTP/1.1" 200 15 "-" "Apache-HttpClient/4.3.1 (java 1.5)"
127.0.0.1 - - [21/Jan/2014:10:44:23 +0800] "POST /vendor/report/login.php HTTP/1.1" 200 15 "-" "Apache-HttpClient/4.3.1 (java 1.5)"
10.101.2.137 - - [21/Jan/2014:10:44:25 +0800] "GET /dangqi/today?callback=jQuery110205953217832427607_1390272258619&_=1390272258620 HTTP/1.1" 499 0 "http://127.0.0.1/summary.html" "Mozilla/5.0 (Windows NT 6.1; WOW64; rv:26.0) Gecko/20100101 Firefox/26.0"
10.101.2.137 - - [21/Jan/2014:10:44:25 +0800] "GET /dangqi/realTime/overview?callback=jQuery110205953217832427607_1390272258617&_=1390272258618 HTTP/1.1" 499 0 "http://127.0.0.1/summary.html" "Mozilla/5.0 (Windows NT 6.1; WOW64; rv:26.0) Gecko/20100101 Firefox/26.0"
10.101.2.113 - - [21/Jan/2014:10:44:27 +0800] "GET /monitor/show?callback=angular.callbacks._0 HTTP/1.1" 200 66 "http://127.0.0.1/index.html" "Mozilla/5.0 (Windows NT 6.1; WOW64) AppleWebKit/537.36 (KHTML, like Gecko) Chrome/32.0.1700.76 Safari/537.36"
10.101.2.113 - - [21/Jan/2014:10:44:27 +0800] "GET /uservisit/updatepv?callback=jQuery110108271940050181001_1390272266164&_=1390272266165 HTTP/1.1" 200 67 "http://127.0.0.1/index.html" "Mozilla/5.0 (Windows NT 6.1; WOW64) AppleWebKit/537.36 (KHTML, like Gecko) Chrome/32.0.1700.76 Safari/537.36"
10.101.2.137 - - [21/Jan/2014:10:44:38 +0800] "GET /dangqi/realTime/overview?callback=jQuery110208701199620411727_1390272264371&_=1390272264372 HTTP/1.1" 200 98 "http://127.0.0.1/summary.html" "Mozilla/5.0 (Windows NT 6.1; WOW64; rv:26.0) Gecko/20100101 Firefox/26.0"
10.101.2.137 - - [21/Jan/2014:10:44:38 +0800] "GET /dangqi/today?callback=jQuery110208701199620411727_1390272264373&_=1390272264374 HTTP/1.1" 200 96 "http://127.0.0.1/summary.html" "Mozilla/5.0 (Windows NT 6.1; WOW64; rv:26.0) Gecko/20100101 Firefox/26.0"
10.101.2.113 - - [21/Jan/2014:10:45:30 +0800] "GET /monitor/show?callback=angular.callbacks._0 HTTP/1.1" 200 66 "http://127.0.0.1/index.html" "Mozilla/5.0 (Windows NT 6.1; WOW64) AppleWebKit/537.36 (KHTML, like Gecko) Chrome/32.0.1700.76 Safari/537.36"
10.101.2.113 - - [21/Jan/2014:10:45:30 +0800] "GET /uservisit/updatepv?callback=jQuery110108265557817649096_1390272329260&_=1390272329261 HTTP/1.1" 200 67 "http://127.0.0.1/index.html" "Mozilla/5.0 (Windows NT 6.1; WOW64) AppleWebKit/537.36 (KHTML, like Gecko) Chrome/32.0.1700.76 Safari/537.36"
127.0.0.1 - - [21/Jan/2014:10:45:58 +0800] "POST /vendor/report/login.php HTTP/1.1" 200 15 "-" "Apache-HttpClient/4.3.1 (java 1.5)"
127.0.0.1 - - [21/Jan/2014:10:45:58 +0800] "POST /vendor/report/login.php HTTP/1.1" 200 15 "-" "Apache-HttpClient/4.3.1 (java 1.5)"
10.101.2.137 - - [21/Jan/2014:10:45:59 +0800] "GET /dangqi/latest/overview?callback=jQuery110208701199620411727_1390272264371&_=1390272264375 HTTP/1.1" 200 98 "http://127.0.0.1/summary.html" "Mozilla/5.0 (Windows NT 6.1; WOW64; rv:26.0) Gecko/20100101 Firefox/26.0"
10.101.2.137 - - [21/Jan/2014:10:45:59 +0800] "GET /dangqi/latest/detail?callback=jQuery110208701199620411727_1390272264373&_=1390272264376 HTTP/1.1" 200 96 "http://127.0.0.1/summary.html" "Mozilla/5.0 (Windows NT 6.1; WOW64; rv:26.0) Gecko/20100101 Firefox/26.0"
10.101.2.113 - - [21/Jan/2014:10:46:06 +0800] "GET /uservisit/updatepv?callback=jQuery11010948579482268542_1390272365186&_=1390272365187 HTTP/1.1" 200 66 "http://127.0.0.1/index.html" "Mozilla/5.0 (Windows NT 6.1; WOW64) AppleWebKit/537.36 (KHTML, like Gecko) Chrome/32.0.1700.76 Safari/537.36"
10.101.2.113 - - [21/Jan/2014:10:46:06 +0800] "GET /monitor/show?callback=angular.callbacks._0 HTTP/1.1" 200 66 "http://127.0.0.1/index.html" "Mozilla/5.0 (Windows NT 6.1; WOW64) AppleWebKit/537.36 (KHTML, like Gecko) Chrome/32.0.1700.76 Safari/537.36"
127.0.0.1 - - [21/Jan/2014:10:46:09 +0800] "POST /vendor/report/login.php HTTP/1.1" 200 15 "-" "Apache-HttpClient/4.3.1 (java 1.5)"
127.0.0.1 - - [21/Jan/2014:10:46:09 +0800] "POST /vendor/report/login.php HTTP/1.1" 200 15 "-" "Apache-HttpClient/4.3.1 (java 1.5)"
10.101.2.137 - - [21/Jan/2014:10:46:09 +0800] "GET /dangqi/latest/detail?callback=jQuery11020569189114616464_1390272369430&_=1390272369431 HTTP/1.1" 200 95 "http://127.0.0.1/summary.html" "Mozilla/5.0 (Windows NT 6.1; WOW64; rv:26.0) Gecko/20100101 Firefox/26.0"
10.101.2.137 - - [21/Jan/2014:10:46:09 +0800] "GET /dangqi/latest/overview?callback=jQuery11020569189114616464_1390272369428&_=1390272369429 HTTP/1.1" 200 97 "http://127.0.0.1/summary.html" "Mozilla/5.0 (Windows NT 6.1; WOW64; rv:26.0) Gecko/20100101 Firefox/26.0"
10.101.2.121 - - [21/Jan/2014:10:46:21 +0800] "POST /vendor/report/login.php HTTP/1.1" 200 15 "-" "Apache-HttpClient/4.3.1 (java 1.5)"
127.0.0.1 - - [21/Jan/2014:10:46:22 +0800] "POST /vendor/report/login.php HTTP/1.1" 200 15 "-" "Apache-HttpClient/4.3.1 (java 1.5)"
127.0.0.1 - - [21/Jan/2014:10:46:22 +0800] "POST /vendor/report/login.php HTTP/1.1" 200 15 "-" "Apache-HttpClient/4.3.1 (java 1.5)"
10.101.2.121 - - [21/Jan/2014:10:46:23 +0800] "POST /vendor/report/login.php HTTP/1.1" 200 15 "-" "Apache-HttpClient/4.3.1 (java 1.5)"
10.101.2.121 - - [21/Jan/2014:10:46:26 +0800] "POST /vendor/report/login.php HTTP/1.1" 200 15 "-" "Apache-HttpClient/4.3.1 (java 1.5)"
10.101.2.137 - - [21/Jan/2014:10:46:27 +0800] "GET /dangqi/latest/overview?callback=jQuery110207531542743009976_1390272383140&_=1390272383141 HTTP/1.1" 200 626 "http://127.0.0.1/summary.html" "Mozilla/5.0 (Windows NT 6.1; WOW64; rv:26.0) Gecko/20100101 Firefox/26.0"
10.101.2.137 - - [21/Jan/2014:10:46:27 +0800] "GET /dangqi/latest/detail?callback=jQuery110207531542743009976_1390272383142&_=1390272383143 HTTP/1.1" 200 3465 "http://127.0.0.1/summary.html" "Mozilla/5.0 (Windows NT 6.1; WOW64; rv:26.0) Gecko/20100101 Firefox/26.0"
10.101.2.121 - - [21/Jan/2014:10:46:29 +0800] "POST /vendor/report/login.php HTTP/1.1" 200 15 "-" "Apache-HttpClient/4.3.1 (java 1.5)"
10.101.2.121 - - [21/Jan/2014:10:46:29 +0800] "POST /vendor/report/login.php HTTP/1.1" 200 15 "-" "Apache-HttpClient/4.3.1 (java 1.5)"
10.101.2.121 - - [21/Jan/2014:10:46:30 +0800] "POST /vendor/report/login.php HTTP/1.1" 200 15 "-" "Apache-HttpClient/4.3.1 (java 1.5)"
10.101.2.121 - - [21/Jan/2014:10:46:32 +0800] "POST /vendor/report/login.php HTTP/1.1" 200 15 "-" "Apache-HttpClient/4.3.1 (java 1.5)"
10.101.2.121 - - [21/Jan/2014:10:46:33 +0800] "POST /vendor/report/login.php HTTP/1.1" 200 15 "-" "Apache-HttpClient/4.3.1 (java 1.5)"
10.101.2.121 - - [21/Jan/2014:10:46:37 +0800] "POST /vendor/report/login.php HTTP/1.1" 200 15 "-" "Apache-HttpClient/4.3.1 (java 1.5)"
10.101.2.113 - - [21/Jan/2014:10:46:58 +0800] "GET /monitor/show?callback=angular.callbacks._0 HTTP/1.1" 200 66 "http://127.0.0.1/index.html" "Mozilla/5.0 (Windows NT 6.1; WOW64) AppleWebKit/537.36 (KHTML, like Gecko) Chrome/32.0.1700.76 Safari/537.36"
10.101.2.113 - - [21/Jan/2014:10:46:58 +0800] "GET /uservisit/updatepv?callback=jQuery110102284173732623458_1390272417264&_=1390272417265 HTTP/1.1" 200 67 "http://127.0.0.1/index.html" "Mozilla/5.0 (Windows NT 6.1; WOW64) AppleWebKit/537.36 (KHTML, like Gecko) Chrome/32.0.1700.76 Safari/537.36"
10.101.2.113 - - [21/Jan/2014:10:49:08 +0800] "GET /monitor/show?callback=angular.callbacks._0 HTTP/1.1" 200 66 "http://127.0.0.1/index.html" "Mozilla/5.0 (Windows NT 6.1; WOW64) AppleWebKit/537.36 (KHTML, like Gecko) Chrome/32.0.1700.76 Safari/537.36"
10.101.2.113 - - [21/Jan/2014:10:49:08 +0800] "GET /uservisit/updatepv?callback=jQuery1101031041277665644884_1390272546187&_=1390272546188 HTTP/1.1" 200 68 "http://127.0.0.1/index.html" "Mozilla/5.0 (Windows NT 6.1; WOW64) AppleWebKit/537.36 (KHTML, like Gecko) Chrome/32.0.1700.76 Safari/537.36"
10.101.2.113 - - [21/Jan/2014:10:49:45 +0800] "GET /monitor/show?callback=angular.callbacks._0 HTTP/1.1" 200 66 "http://127.0.0.1/index.html" "Mozilla/5.0 (Windows NT 6.1; WOW64) AppleWebKit/537.36 (KHTML, like Gecko) Chrome/32.0.1700.76 Safari/537.36"
10.101.2.113 - - [21/Jan/2014:10:49:45 +0800] "GET /uservisit/updatepv?callback=jQuery110104619562583975494_1390272584782&_=1390272584783 HTTP/1.1" 200 67 "http://127.0.0.1/index.html" "Mozilla/5.0 (Windows NT 6.1; WOW64) AppleWebKit/537.36 (KHTML, like Gecko) Chrome/32.0.1700.76 Safari/537.36"
10.101.2.113 - - [21/Jan/2014:10:49:56 +0800] "GET /uservisit/updatepv?callback=jQuery110106416794443503022_1390272595479&_=1390272595480 HTTP/1.1" 200 67 "http://127.0.0.1/index.html" "Mozilla/5.0 (Windows NT 6.1; WOW64) AppleWebKit/537.36 (KHTML, like Gecko) Chrome/32.0.1700.76 Safari/537.36"
10.101.2.113 - - [21/Jan/2014:10:49:56 +0800] "GET /monitor/show?callback=angular.callbacks._0 HTTP/1.1" 200 66 "http://127.0.0.1/index.html" "Mozilla/5.0 (Windows NT 6.1; WOW64) AppleWebKit/537.36 (KHTML, like Gecko) Chrome/32.0.1700.76 Safari/537.36"
10.101.2.113 - - [21/Jan/2014:10:49:59 +0800] "GET /monitor/show?callback=angular.callbacks._0 HTTP/1.1" 200 66 "http://127.0.0.1/index.html" "Mozilla/5.0 (Windows NT 6.1; WOW64) AppleWebKit/537.36 (KHTML, like Gecko) Chrome/32.0.1700.76 Safari/537.36"
10.101.2.113 - - [21/Jan/2014:10:49:59 +0800] "GET /uservisit/updatepv?callback=jQuery110103470939074177295_1390272598419&_=1390272598420 HTTP/1.1" 200 67 "http://127.0.0.1/index.html" "Mozilla/5.0 (Windows NT 6.1; WOW64) AppleWebKit/537.36 (KHTML, like Gecko) Chrome/32.0.1700.76 Safari/537.36"
10.101.1.193 - - [21/Jan/2014:10:50:08 +0800] "POST /vendor/report/login.php HTTP/1.1" 200 15 "-" "Apache-HttpClient/4.3.1 (java 1.5)"
10.101.1.193 - - [21/Jan/2014:10:50:08 +0800] "POST /vendor/report/login.php HTTP/1.1" 200 15 "-" "Apache-HttpClient/4.3.1 (java 1.5)"
10.101.1.193 - - [21/Jan/2014:10:50:08 +0800] "POST /vendor/report/login.php HTTP/1.1" 200 15 "-" "Apache-HttpClient/4.3.1 (java 1.5)"
10.101.1.193 - - [21/Jan/2014:10:50:16 +0800] "POST /vendor/report/login.php HTTP/1.1" 200 15 "-" "Apache-HttpClient/4.3.1 (java 1.5)"
10.101.1.193 - - [21/Jan/2014:10:50:16 +0800] "POST /vendor/report/login.php HTTP/1.1" 200 15 "-" "Apache-HttpClient/4.3.1 (java 1.5)"
10.101.1.193 - - [21/Jan/2014:10:50:27 +0800] "POST /vendor/report/login.php HTTP/1.1" 200 15 "-" "Apache-HttpClient/4.3.1 (java 1.5)"
10.101.1.193 - - [21/Jan/2014:10:50:29 +0800] "POST /vendor/report/login.php HTTP/1.1" 200 15 "-" "Apache-HttpClient/4.3.1 (java 1.5)"
10.101.1.193 - - [21/Jan/2014:10:50:29 +0800] "POST /vendor/report/login.php HTTP/1.1" 200 15 "-" "Apache-HttpClient/4.3.1 (java 1.5)"
10.101.2.113 - - [21/Jan/2014:10:50:31 +0800] "GET /uservisit/updatepv?callback=jQuery11010019948469940572977_1390272630639&_=1390272630640 HTTP/1.1" 200 69 "http://127.0.0.1/index.html" "Mozilla/5.0 (Windows NT 6.1; WOW64) AppleWebKit/537.36 (KHTML, like Gecko) Chrome/32.0.1700.76 Safari/537.36"
10.101.2.113 - - [21/Jan/2014:10:50:31 +0800] "GET /monitor/show?callback=angular.callbacks._0 HTTP/1.1" 200 66 "http://127.0.0.1/index.html" "Mozilla/5.0 (Windows NT 6.1; WOW64) AppleWebKit/537.36 (KHTML, like Gecko) Chrome/32.0.1700.76 Safari/537.36"
10.101.2.113 - - [21/Jan/2014:10:50:32 +0800] "GET /uservisit/updatepv?callback=jQuery11010019948469940572977_1390272630639&_=1390272630642 HTTP/1.1" 200 69 "http://127.0.0.1/index.html" "Mozilla/5.0 (Windows NT 6.1; WOW64) AppleWebKit/537.36 (KHTML, like Gecko) Chrome/32.0.1700.76 Safari/537.36"
10.101.1.193 - - [21/Jan/2014:10:50:32 +0800] "POST /vendor/report/login.php HTTP/1.1" 200 15 "-" "Apache-HttpClient/4.3.1 (java 1.5)"
10.101.2.113 - - [21/Jan/2014:10:50:35 +0800] "GET /uservisit/updatepv?callback=jQuery1101008594981674104929_1390272634604&_=1390272634605 HTTP/1.1" 200 68 "http://127.0.0.1/index.html" "Mozilla/5.0 (Windows NT 6.1; WOW64) AppleWebKit/537.36 (KHTML, like Gecko) Chrome/32.0.1700.76 Safari/537.36"
10.101.2.113 - - [21/Jan/2014:10:50:35 +0800] "GET /monitor/show?callback=angular.callbacks._0 HTTP/1.1" 200 66 "http://127.0.0.1/index.html" "Mozilla/5.0 (Windows NT 6.1; WOW64) AppleWebKit/537.36 (KHTML, like Gecko) Chrome/32.0.1700.76 Safari/537.36"
10.101.1.193 - - [21/Jan/2014:10:50:37 +0800] "POST /vendor/report/login.php HTTP/1.1" 200 15 "-" "Apache-HttpClient/4.3.1 (java 1.5)"
10.101.1.193 - - [21/Jan/2014:10:50:38 +0800] "POST /vendor/report/login.php HTTP/1.1" 200 15 "-" "Apache-HttpClient/4.3.1 (java 1.5)"
10.101.1.193 - - [21/Jan/2014:10:50:38 +0800] "POST /vendor/report/login.php HTTP/1.1" 200 15 "-" "Apache-HttpClient/4.3.1 (java 1.5)"
10.101.2.113 - - [21/Jan/2014:10:50:39 +0800] "GET /uservisit/updatepv?callback=jQuery1101008594981674104929_1390272634604&_=1390272634607 HTTP/1.1" 200 68 "http://127.0.0.1/index.html" "Mozilla/5.0 (Windows NT 6.1; WOW64) AppleWebKit/537.36 (KHTML, like Gecko) Chrome/32.0.1700.76 Safari/537.36"
10.101.1.193 - - [21/Jan/2014:10:50:39 +0800] "POST /vendor/report/login.php HTTP/1.1" 200 15 "-" "Apache-HttpClient/4.3.1 (java 1.5)"
10.101.1.193 - - [21/Jan/2014:10:50:39 +0800] "POST /vendor/report/login.php HTTP/1.1" 200 15 "-" "Apache-HttpClient/4.3.1 (java 1.5)"
10.101.1.193 - - [21/Jan/2014:10:50:39 +0800] "POST /vendor/report/login.php HTTP/1.1" 200 15 "-" "Apache-HttpClient/4.3.1 (java 1.5)"
10.101.2.113 - - [21/Jan/2014:10:50:45 +0800] "GET /monitor/show?callback=angular.callbacks._0 HTTP/1.1" 200 66 "http://127.0.0.1/index.html" "Mozilla/5.0 (Windows NT 6.1; WOW64) AppleWebKit/537.36 (KHTML, like Gecko) Chrome/32.0.1700.76 Safari/537.36"
10.101.2.113 - - [21/Jan/2014:10:50:45 +0800] "GET /uservisit/updatepv?callback=jQuery1101039628228452056646_1390272644794&_=1390272644795 HTTP/1.1" 200 68 "http://127.0.0.1/index.html" "Mozilla/5.0 (Windows NT 6.1; WOW64) AppleWebKit/537.36 (KHTML, like Gecko) Chrome/32.0.1700.76 Safari/537.36"
10.101.1.193 - - [21/Jan/2014:10:51:17 +0800] "POST /vendor/report/login.php HTTP/1.1" 200 15 "-" "Apache-HttpClient/4.3.1 (java 1.5)"
10.101.1.193 - - [21/Jan/2014:10:51:19 +0800] "POST /vendor/report/login.php HTTP/1.1" 200 15 "-" "Apache-HttpClient/4.3.1 (java 1.5)"
10.101.1.193 - - [21/Jan/2014:10:51:20 +0800] "POST /vendor/report/login.php HTTP/1.1" 200 15 "-" "Apache-HttpClient/4.3.1 (java 1.5)"
10.101.1.193 - - [21/Jan/2014:10:51:20 +0800] "POST /vendor/report/login.php HTTP/1.1" 200 15 "-" "Apache-HttpClient/4.3.1 (java 1.5)"
10.101.1.193 - - [21/Jan/2014:10:51:22 +0800] "POST /vendor/report/login.php HTTP/1.1" 200 15 "-" "Apache-HttpClient/4.3.1 (java 1.5)"
10.101.1.193 - - [21/Jan/2014:10:51:23 +0800] "POST /vendor/report/login.php HTTP/1.1" 200 15 "-" "Apache-HttpClient/4.3.1 (java 1.5)"
10.101.1.193 - - [21/Jan/2014:10:51:23 +0800] "POST /vendor/report/login.php HTTP/1.1" 200 15 "-" "Apache-HttpClient/4.3.1 (java 1.5)"
10.101.2.113 - - [21/Jan/2014:10:51:40 +0800] "GET /monitor/show?callback=angular.callbacks._0 HTTP/1.1" 200 66 "http://127.0.0.1/index.html" "Mozilla/5.0 (Windows NT 6.1; WOW64) AppleWebKit/537.36 (KHTML, like Gecko) Chrome/32.0.1700.76 Safari/537.36"
10.101.2.113 - - [21/Jan/2014:10:51:40 +0800] "GET /uservisit/updatepv?callback=jQuery110107423369972966611_1390272699497&_=1390272699498 HTTP/1.1" 200 67 "http://127.0.0.1/index.html" "Mozilla/5.0 (Windows NT 6.1; WOW64) AppleWebKit/537.36 (KHTML, like Gecko) Chrome/32.0.1700.76 Safari/537.36"
10.101.2.113 - - [21/Jan/2014:10:51:55 +0800] "GET /monitor/show?callback=angular.callbacks._0 HTTP/1.1" 200 66 "http://127.0.0.1/index.html" "Mozilla/5.0 (Windows NT 6.1; WOW64) AppleWebKit/537.36 (KHTML, like Gecko) Chrome/32.0.1700.76 Safari/537.36"
10.101.2.113 - - [21/Jan/2014:10:51:55 +0800] "GET /uservisit/updatepv?callback=jQuery110107017120916862041_1390272714255&_=1390272714256 HTTP/1.1" 200 67 "http://127.0.0.1/index.html" "Mozilla/5.0 (Windows NT 6.1; WOW64) AppleWebKit/537.36 (KHTML, like Gecko) Chrome/32.0.1700.76 Safari/537.36"
10.101.2.113 - - [21/Jan/2014:10:51:57 +0800] "GET /monitor/show?callback=angular.callbacks._0 HTTP/1.1" 200 66 "http://127.0.0.1/index.html" "Mozilla/5.0 (Windows NT 6.1; WOW64) AppleWebKit/537.36 (KHTML, like Gecko) Chrome/32.0.1700.76 Safari/537.36"
10.101.2.113 - - [21/Jan/2014:10:51:57 +0800] "GET /uservisit/updatepv?callback=jQuery1101047779191425070167_1390272716596&_=1390272716597 HTTP/1.1" 200 68 "http://127.0.0.1/index.html" "Mozilla/5.0 (Windows NT 6.1; WOW64) AppleWebKit/537.36 (KHTML, like Gecko) Chrome/32.0.1700.76 Safari/537.36"
10.101.2.113 - - [21/Jan/2014:10:52:09 +0800] "GET /monitor/show?callback=angular.callbacks._0 HTTP/1.1" 200 66 "http://127.0.0.1/index.html" "Mozilla/5.0 (Windows NT 6.1; WOW64) AppleWebKit/537.36 (KHTML, like Gecko) Chrome/32.0.1700.76 Safari/537.36"
10.101.2.113 - - [21/Jan/2014:10:52:09 +0800] "GET /uservisit/updatepv?callback=jQuery110105363088401500136_1390272728943&_=1390272728944 HTTP/1.1" 200 67 "http://127.0.0.1/index.html" "Mozilla/5.0 (Windows NT 6.1; WOW64) AppleWebKit/537.36 (KHTML, like Gecko) Chrome/32.0.1700.76 Safari/537.36"
10.101.2.113 - - [21/Jan/2014:10:52:13 +0800] "GET /monitor/show?callback=angular.callbacks._0 HTTP/1.1" 200 66 "http://127.0.0.1/index.html" "Mozilla/5.0 (Windows NT 6.1; WOW64) AppleWebKit/537.36 (KHTML, like Gecko) Chrome/32.0.1700.76 Safari/537.36"
10.101.2.113 - - [21/Jan/2014:10:52:13 +0800] "GET /uservisit/updatepv?callback=jQuery1101010740876849740744_1390272732682&_=1390272732683 HTTP/1.1" 200 68 "http://127.0.0.1/index.html" "Mozilla/5.0 (Windows NT 6.1; WOW64) AppleWebKit/537.36 (KHTML, like Gecko) Chrome/32.0.1700.76 Safari/537.36"
10.101.2.113 - - [21/Jan/2014:10:52:15 +0800] "GET /monitor/show?callback=angular.callbacks._0 HTTP/1.1" 200 66 "http://127.0.0.1/index.html" "Mozilla/5.0 (Windows NT 6.1; WOW64) AppleWebKit/537.36 (KHTML, like Gecko) Chrome/32.0.1700.76 Safari/537.36"
10.101.2.113 - - [21/Jan/2014:10:52:16 +0800] "GET /uservisit/updatepv?callback=jQuery110103827917189337313_1390272734567&_=1390272734568 HTTP/1.1" 200 67 "http://127.0.0.1/index.html" "Mozilla/5.0 (Windows NT 6.1; WOW64) AppleWebKit/537.36 (KHTML, like Gecko) Chrome/32.0.1700.76 Safari/537.36"
10.101.2.113 - - [21/Jan/2014:10:52:28 +0800] "GET /monitor/show?callback=angular.callbacks._0 HTTP/1.1" 200 66 "http://127.0.0.1/index.html" "Mozilla/5.0 (Windows NT 6.1; WOW64) AppleWebKit/537.36 (KHTML, like Gecko) Chrome/32.0.1700.76 Safari/537.36"
10.101.2.113 - - [21/Jan/2014:10:52:28 +0800] "GET /uservisit/updatepv?callback=jQuery110103983433791436255_1390272747571&_=1390272747572 HTTP/1.1" 200 67 "http://127.0.0.1/index.html" "Mozilla/5.0 (Windows NT 6.1; WOW64) AppleWebKit/537.36 (KHTML, like Gecko) Chrome/32.0.1700.76 Safari/537.36"
10.101.2.113 - - [21/Jan/2014:10:53:47 +0800] "GET /monitor/show?callback=angular.callbacks._0 HTTP/1.1" 200 66 "http://127.0.0.1/index.html" "Mozilla/5.0 (Windows NT 6.1; WOW64) AppleWebKit/537.36 (KHTML, like Gecko) Chrome/32.0.1700.76 Safari/537.36"
10.101.2.113 - - [21/Jan/2014:10:53:47 +0800] "GET /uservisit/updatepv?callback=jQuery11010022526701679453254_1390272826154&_=1390272826155 HTTP/1.1" 200 69 "http://127.0.0.1/index.html" "Mozilla/5.0 (Windows NT 6.1; WOW64) AppleWebKit/537.36 (KHTML, like Gecko) Chrome/32.0.1700.76 Safari/537.36"
10.101.1.193 - - [21/Jan/2014:10:54:56 +0800] "POST /vendor/report/login.php HTTP/1.1" 200 15 "-" "Apache-HttpClient/4.3.1 (java 1.5)"
10.101.1.193 - - [21/Jan/2014:10:54:56 +0800] "POST /vendor/report/login.php HTTP/1.1" 200 15 "-" "Apache-HttpClient/4.3.1 (java 1.5)"
10.101.1.193 - - [21/Jan/2014:10:54:56 +0800] "POST /vendor/report/login.php HTTP/1.1" 200 15 "-" "Apache-HttpClient/4.3.1 (java 1.5)"
10.101.2.113 - - [21/Jan/2014:10:55:07 +0800] "GET /monitor/show?callback=angular.callbacks._0 HTTP/1.1" 200 66 "http://127.0.0.1/index.html" "Mozilla/5.0 (Windows NT 6.1; WOW64) AppleWebKit/537.36 (KHTML, like Gecko) Chrome/32.0.1700.76 Safari/537.36"
10.101.2.113 - - [21/Jan/2014:10:55:07 +0800] "GET /uservisit/updatepv?callback=jQuery1101018313040561042726_1390272906874&_=1390272906875 HTTP/1.1" 200 68 "http://127.0.0.1/index.html" "Mozilla/5.0 (Windows NT 6.1; WOW64) AppleWebKit/537.36 (KHTML, like Gecko) Chrome/32.0.1700.76 Safari/537.36"
10.101.2.113 - - [21/Jan/2014:10:55:43 +0800] "GET /monitor/show?callback=angular.callbacks._0 HTTP/1.1" 200 66 "http://127.0.0.1/index.html" "Mozilla/5.0 (Windows NT 6.1; WOW64) AppleWebKit/537.36 (KHTML, like Gecko) Chrome/32.0.1700.76 Safari/537.36"
10.101.2.113 - - [21/Jan/2014:10:55:43 +0800] "GET /uservisit/updatepv?callback=jQuery110105554038600530475_1390272942945&_=1390272942946 HTTP/1.1" 200 67 "http://127.0.0.1/index.html" "Mozilla/5.0 (Windows NT 6.1; WOW64) AppleWebKit/537.36 (KHTML, like Gecko) Chrome/32.0.1700.76 Safari/537.36"
10.101.1.193 - - [21/Jan/2014:10:55:45 +0800] "POST /vendor/report/login.php HTTP/1.1" 200 15 "-" "Apache-HttpClient/4.3.1 (java 1.5)"
10.101.1.193 - - [21/Jan/2014:10:55:45 +0800] "POST /vendor/report/login.php HTTP/1.1" 200 15 "-" "Apache-HttpClient/4.3.1 (java 1.5)"
10.101.1.193 - - [21/Jan/2014:10:55:46 +0800] "POST /vendor/report/login.php HTTP/1.1" 200 15 "-" "Apache-HttpClient/4.3.1 (java 1.5)"
10.101.1.193 - - [21/Jan/2014:10:55:46 +0800] "POST /vendor/report/login.php HTTP/1.1" 200 15 "-" "Apache-HttpClient/4.3.1 (java 1.5)"
10.101.1.193 - - [21/Jan/2014:10:55:46 +0800] "POST /vendor/report/login.php HTTP/1.1" 200 15 "-" "Apache-HttpClient/4.3.1 (java 1.5)"
127.0.0.1 - - [21/Jan/2014:10:57:04 +0800] "GET /summary.html HTTP/1.1" 302 0 "-" "Mozilla/5.0 (X11; Linux x86_64) AppleWebKit/537.36 (KHTML, like Gecko) Chrome/29.0.1547.57 Safari/537.36"
127.0.0.1 - - [21/Jan/2014:10:57:12 +0800] "-" 400 0 "-" "-"
127.0.0.1 - - [21/Jan/2014:10:57:26 +0800] "POST /vendor/report/login.php HTTP/1.1" 200 15 "-" "Apache-HttpClient/4.3.1 (java 1.5)"
10.101.2.113 - - [21/Jan/2014:10:57:26 +0800] "GET /uservisit/updatepv?callback=jQuery110101325064660049975_1390273045988&_=1390273045989 HTTP/1.1" 200 67 "http://127.0.0.1/index.html" "Mozilla/5.0 (Windows NT 6.1; WOW64) AppleWebKit/537.36 (KHTML, like Gecko) Chrome/32.0.1700.76 Safari/537.36"
10.101.2.113 - - [21/Jan/2014:10:57:27 +0800] "GET /monitor/show?callback=angular.callbacks._0 HTTP/1.1" 200 66 "http://127.0.0.1/index.html" "Mozilla/5.0 (Windows NT 6.1; WOW64) AppleWebKit/537.36 (KHTML, like Gecko) Chrome/32.0.1700.76 Safari/537.36"
127.0.0.1 - - [21/Jan/2014:10:57:27 +0800] "GET /summary.html HTTP/1.1" 200 14971 "http://vis.vipshop.com/index.php" "Mozilla/5.0 (X11; Linux x86_64) AppleWebKit/537.36 (KHTML, like Gecko) Chrome/29.0.1547.57 Safari/537.36"
127.0.0.1 - - [21/Jan/2014:10:57:27 +0800] "GET /js/cookieFunctions.js HTTP/1.1" 200 2205 "http://compass.vis.vipshop.com/summary.html" "Mozilla/5.0 (X11; Linux x86_64) AppleWebKit/537.36 (KHTML, like Gecko) Chrome/29.0.1547.57 Safari/537.36"
127.0.0.1 - - [21/Jan/2014:10:57:27 +0800] "GET /css/index.css HTTP/1.1" 200 2794 "http://compass.vis.vipshop.com/summary.html" "Mozilla/5.0 (X11; Linux x86_64) AppleWebKit/537.36 (KHTML, like Gecko) Chrome/29.0.1547.57 Safari/537.36"
127.0.0.1 - - [21/Jan/2014:10:57:27 +0800] "GET /css/zTree.css HTTP/1.1" 200 7474 "http://compass.vis.vipshop.com/summary.html" "Mozilla/5.0 (X11; Linux x86_64) AppleWebKit/537.36 (KHTML, like Gecko) Chrome/29.0.1547.57 Safari/537.36"
127.0.0.1 - - [21/Jan/2014:10:57:27 +0800] "GET /css/main.css HTTP/1.1" 200 33080 "http://compass.vis.vipshop.com/summary.html" "Mozilla/5.0 (X11; Linux x86_64) AppleWebKit/537.36 (KHTML, like Gecko) Chrome/29.0.1547.57 Safari/537.36"
127.0.0.1 - - [21/Jan/2014:10:57:27 +0800] "GET /js/component/config.js HTTP/1.1" 200 70 "http://compass.vis.vipshop.com/summary.html" "Mozilla/5.0 (X11; Linux x86_64) AppleWebKit/537.36 (KHTML, like Gecko) Chrome/29.0.1547.57 Safari/537.36"
127.0.0.1 - - [21/Jan/2014:10:57:27 +0800] "GET /js/component/jquery.jsonp.js HTTP/1.1" 200 7685 "http://compass.vis.vipshop.com/summary.html" "Mozilla/5.0 (X11; Linux x86_64) AppleWebKit/537.36 (KHTML, like Gecko) Chrome/29.0.1547.57 Safari/537.36"
127.0.0.1 - - [21/Jan/2014:10:57:27 +0800] "GET /js/component/highcharts.js HTTP/1.1" 200 140855 "http://compass.vis.vipshop.com/summary.html" "Mozilla/5.0 (X11; Linux x86_64) AppleWebKit/537.36 (KHTML, like Gecko) Chrome/29.0.1547.57 Safari/537.36"
127.0.0.1 - - [21/Jan/2014:10:57:27 +0800] "GET /js/summary.js HTTP/1.1" 200 15536 "http://compass.vis.vipshop.com/summary.html" "Mozilla/5.0 (X11; Linux x86_64) AppleWebKit/537.36 (KHTML, like Gecko) Chrome/29.0.1547.57 Safari/537.36"
127.0.0.1 - - [21/Jan/2014:10:57:27 +0800] "GET /js/compassPublic.js HTTP/1.1" 200 3730 "http://compass.vis.vipshop.com/summary.html" "Mozilla/5.0 (X11; Linux x86_64) AppleWebKit/537.36 (KHTML, like Gecko) Chrome/29.0.1547.57 Safari/537.36"
127.0.0.1 - - [21/Jan/2014:10:57:27 +0800] "GET /js/tab.js HTTP/1.1" 200 998 "http://compass.vis.vipshop.com/summary.html" "Mozilla/5.0 (X11; Linux x86_64) AppleWebKit/537.36 (KHTML, like Gecko) Chrome/29.0.1547.57 Safari/537.36"
127.0.0.1 - - [21/Jan/2014:10:57:27 +0800] "GET /js/component/jquery-1.10.2.min.js HTTP/1.1" 200 93109 "http://compass.vis.vipshop.com/summary.html" "Mozilla/5.0 (X11; Linux x86_64) AppleWebKit/537.36 (KHTML, like Gecko) Chrome/29.0.1547.57 Safari/537.36"
127.0.0.1 - - [21/Jan/2014:10:57:28 +0800] "GET /images/table_title.png HTTP/1.1" 200 978 "http://compass.vis.vipshop.com/summary.html" "Mozilla/5.0 (X11; Linux x86_64) AppleWebKit/537.36 (KHTML, like Gecko) Chrome/29.0.1547.57 Safari/537.36"
127.0.0.1 - - [21/Jan/2014:10:57:28 +0800] "GET /images/2.png HTTP/1.1" 200 1222 "http://compass.vis.vipshop.com/summary.html" "Mozilla/5.0 (X11; Linux x86_64) AppleWebKit/537.36 (KHTML, like Gecko) Chrome/29.0.1547.57 Safari/537.36"
127.0.0.1 - - [21/Jan/2014:10:57:28 +0800] "GET /images/1.png HTTP/1.1" 200 1240 "http://compass.vis.vipshop.com/summary.html" "Mozilla/5.0 (X11; Linux x86_64) AppleWebKit/537.36 (KHTML, like Gecko) Chrome/29.0.1547.57 Safari/537.36"
127.0.0.1 - - [21/Jan/2014:10:57:28 +0800] "GET /images/vis.png HTTP/1.1" 200 8011 "http://compass.vis.vipshop.com/summary.html" "Mozilla/5.0 (X11; Linux x86_64) AppleWebKit/537.36 (KHTML, like Gecko) Chrome/29.0.1547.57 Safari/537.36"
127.0.0.1 - - [21/Jan/2014:10:57:28 +0800] "GET /images/l32.gif HTTP/1.1" 200 11349 "http://compass.vis.vipshop.com/summary.html" "Mozilla/5.0 (X11; Linux x86_64) AppleWebKit/537.36 (KHTML, like Gecko) Chrome/29.0.1547.57 Safari/537.36"
127.0.0.1 - - [21/Jan/2014:10:57:28 +0800] "GET /images/vis_back.png HTTP/1.1" 200 1216 "http://compass.vis.vipshop.com/summary.html" "Mozilla/5.0 (X11; Linux x86_64) AppleWebKit/537.36 (KHTML, like Gecko) Chrome/29.0.1547.57 Safari/537.36"
127.0.0.1 - - [21/Jan/2014:10:57:28 +0800] "POST /vendor/report/login.php HTTP/1.1" 200 15 "-" "Apache-HttpClient/4.3.1 (java 1.5)"
127.0.0.1 - - [21/Jan/2014:10:57:28 +0800] "POST /vendor/report/login.php HTTP/1.1" 200 15 "-" "Apache-HttpClient/4.3.1 (java 1.5)"
127.0.0.1 - - [21/Jan/2014:10:57:28 +0800] "GET /favicon.ico HTTP/1.1" 404 973 "-" "Mozilla/5.0 (X11; Linux x86_64) AppleWebKit/537.36 (KHTML, like Gecko) Chrome/29.0.1547.57 Safari/537.36"
10.101.2.113 - - [21/Jan/2014:10:57:37 +0800] "GET /monitor/show?callback=angular.callbacks._0 HTTP/1.1" 200 66 "http://127.0.0.1/index.html" "Mozilla/5.0 (Windows NT 6.1; WOW64) AppleWebKit/537.36 (KHTML, like Gecko) Chrome/32.0.1700.76 Safari/537.36"
10.101.2.113 - - [21/Jan/2014:10:57:37 +0800] "GET /uservisit/updatepv?callback=jQuery1101027091583400033414_1390273056139&_=1390273056140 HTTP/1.1" 200 68 "http://127.0.0.1/index.html" "Mozilla/5.0 (Windows NT 6.1; WOW64) AppleWebKit/537.36 (KHTML, like Gecko) Chrome/32.0.1700.76 Safari/537.36"
127.0.0.1 - - [21/Jan/2014:10:57:40 +0800] "GET /dangqi/realTime/overview?callback=jQuery110205424494342878461_1390273047893&_=1390273047894 HTTP/1.1" 200 98 "http://compass.vis.vipshop.com/summary.html" "Mozilla/5.0 (X11; Linux x86_64) AppleWebKit/537.36 (KHTML, like Gecko) Chrome/29.0.1547.57 Safari/537.36"
127.0.0.1 - - [21/Jan/2014:10:57:40 +0800] "GET /dangqi/realTime/detail?callback=jQuery110205424494342878461_1390273047895&_=1390273047896 HTTP/1.1" 200 96 "http://compass.vis.vipshop.com/summary.html" "Mozilla/5.0 (X11; Linux x86_64) AppleWebKit/537.36 (KHTML, like Gecko) Chrome/29.0.1547.57 Safari/537.36"
127.0.0.1 - - [21/Jan/2014:10:57:45 +0800] "GET /images/3.png HTTP/1.1" 200 943 "http://compass.vis.vipshop.com/summary.html" "Mozilla/5.0 (X11; Linux x86_64) AppleWebKit/537.36 (KHTML, like Gecko) Chrome/29.0.1547.57 Safari/537.36"
10.101.2.113 - - [21/Jan/2014:10:57:45 +0800] "GET /uservisit/updatepv?callback=jQuery110106798161214683205_1390273064616&_=1390273064617 HTTP/1.1" 200 67 "http://127.0.0.1/index.html" "Mozilla/5.0 (Windows NT 6.1; WOW64) AppleWebKit/537.36 (KHTML, like Gecko) Chrome/32.0.1700.76 Safari/537.36"
10.101.2.113 - - [21/Jan/2014:10:57:45 +0800] "GET /monitor/show?callback=angular.callbacks._0 HTTP/1.1" 200 66 "http://127.0.0.1/index.html" "Mozilla/5.0 (Windows NT 6.1; WOW64) AppleWebKit/537.36 (KHTML, like Gecko) Chrome/32.0.1700.76 Safari/537.36"
127.0.0.1 - - [21/Jan/2014:10:57:51 +0800] "POST /vendor/report/login.php HTTP/1.1" 200 15 "-" "Apache-HttpClient/4.3.1 (java 1.5)"
127.0.0.1 - - [21/Jan/2014:10:57:51 +0800] "GET /goodsInfo.html HTTP/1.1" 200 20613 "http://compass.vis.vipshop.com/summary.html" "Mozilla/5.0 (X11; Linux x86_64) AppleWebKit/537.36 (KHTML, like Gecko) Chrome/29.0.1547.57 Safari/537.36"
