10.101.2.113 - - [21/Jan/2014:11:26:19 +0800] "GET /uservisit/updatepv?callback=jQuery110105248013560194522_1390274778056&_=1390274778057 HTTP/1.1" 200 67 "http://127.0.0.1/index.html" "Mozilla/5.0 (Windows NT 6.1; WOW64) AppleWebKit/537.36 (KHTML, like Gecko) Chrome/32.0.1700.76 Safari/537.36"
10.101.2.113 - - [21/Jan/2014:11:29:19 +0800] "GET /monitor/show?callback=angular.callbacks._0 HTTP/1.1" 200 66 "http://127.0.0.1/index.html" "Mozilla/5.0 (Windows NT 6.1; WOW64) AppleWebKit/537.36 (KHTML, like Gecko) Chrome/32.0.1700.76 Safari/537.36"
10.101.2.113 - - [21/Jan/2014:11:29:19 +0800] "GET /uservisit/updatepv?callback=jQuery110105339275789447129_1390274958186&_=1390274958187 HTTP/1.1" 200 67 "http://127.0.0.1/index.html" "Mozilla/5.0 (Windows NT 6.1; WOW64) AppleWebKit/537.36 (KHTML, like Gecko) Chrome/32.0.1700.76 Safari/537.36"
10.101.2.113 - - [21/Jan/2014:11:33:03 +0800] "GET /monitor/show?callback=angular.callbacks._0 HTTP/1.1" 200 66 "http://127.0.0.1/index.html" "Mozilla/5.0 (Windows NT 6.1; WOW64) AppleWebKit/537.36 (KHTML, like Gecko) Chrome/32.0.1700.76 Safari/537.36"
10.101.2.113 - - [21/Jan/2014:11:33:03 +0800] "GET /uservisit/updatepv?callback=jQuery110102153546758927405_1390275182388&_=1390275182389 HTTP/1.1" 200 67 "http://127.0.0.1/index.html" "Mozilla/5.0 (Windows NT 6.1; WOW64) AppleWebKit/537.36 (KHTML, like Gecko) Chrome/32.0.1700.76 Safari/537.36"
10.101.2.113 - - [21/Jan/2014:11:33:37 +0800] "GET /monitor/show?callback=angular.callbacks._0 HTTP/1.1" 200 66 "http://127.0.0.1/index.html" "Mozilla/5.0 (Windows NT 6.1; WOW64) AppleWebKit/537.36 (KHTML, like Gecko) Chrome/32.0.1700.76 Safari/537.36"
10.101.2.113 - - [21/Jan/2014:11:33:37 +0800] "GET /uservisit/updatepv?callback=jQuery1101043183053424581885_1390275216466&_=1390275216467 HTTP/1.1" 200 68 "http://127.0.0.1/index.html" "Mozilla/5.0 (Windows NT 6.1; WOW64) AppleWebKit/537.36 (KHTML, like Gecko) Chrome/32.0.1700.76 Safari/537.36"
10.101.2.113 - - [21/Jan/2014:11:33:45 +0800] "GET /monitor/show?callback=angular.callbacks._0 HTTP/1.1" 200 66 "http://127.0.0.1/index.html" "Mozilla/5.0 (Windows NT 6.1; WOW64) AppleWebKit/537.36 (KHTML, like Gecko) Chrome/32.0.1700.76 Safari/537.36"
10.101.2.113 - - [21/Jan/2014:11:33:45 +0800] "GET /uservisit/updatepv?callback=jQuery110103753703336697072_1390275224732&_=1390275224733 HTTP/1.1" 200 67 "http://127.0.0.1/index.html" "Mozilla/5.0 (Windows NT 6.1; WOW64) AppleWebKit/537.36 (KHTML, like Gecko) Chrome/32.0.1700.76 Safari/537.36"
10.101.2.113 - - [21/Jan/2014:11:33:57 +0800] "GET /monitor/show?callback=angular.callbacks._0 HTTP/1.1" 200 66 "http://127.0.0.1/index.html" "Mozilla/5.0 (Windows NT 6.1; WOW64) AppleWebKit/537.36 (KHTML, like Gecko) Chrome/32.0.1700.76 Safari/537.36"
10.101.2.113 - - [21/Jan/2014:11:33:57 +0800] "GET /uservisit/updatepv?callback=jQuery110103388237142935395_1390275236406&_=1390275236407 HTTP/1.1" 200 67 "http://127.0.0.1/index.html" "Mozilla/5.0 (Windows NT 6.1; WOW64) AppleWebKit/537.36 (KHTML, like Gecko) Chrome/32.0.1700.76 Safari/537.36"
10.101.2.113 - - [21/Jan/2014:11:34:11 +0800] "GET /monitor/show?callback=angular.callbacks._0 HTTP/1.1" 200 66 "http://127.0.0.1/index.html" "Mozilla/5.0 (Windows NT 6.1; WOW64) AppleWebKit/537.36 (KHTML, like Gecko) Chrome/32.0.1700.76 Safari/537.36"
10.101.2.113 - - [21/Jan/2014:11:34:12 +0800] "GET /uservisit/updatepv?callback=jQuery110101435605026781559_1390275250772&_=1390275250773 HTTP/1.1" 200 67 "http://127.0.0.1/index.html" "Mozilla/5.0 (Windows NT 6.1; WOW64) AppleWebKit/537.36 (KHTML, like Gecko) Chrome/32.0.1700.76 Safari/537.36"
10.101.2.113 - - [21/Jan/2014:11:34:35 +0800] "GET /monitor/show?callback=angular.callbacks._0 HTTP/1.1" 200 66 "http://127.0.0.1/index.html" "Mozilla/5.0 (Windows NT 6.1; WOW64) AppleWebKit/537.36 (KHTML, like Gecko) Chrome/32.0.1700.76 Safari/537.36"
10.101.2.113 - - [21/Jan/2014:11:34:35 +0800] "GET /uservisit/updatepv?callback=jQuery110108775537139736116_1390275274778&_=1390275274779 HTTP/1.1" 200 67 "http://127.0.0.1/index.html" "Mozilla/5.0 (Windows NT 6.1; WOW64) AppleWebKit/537.36 (KHTML, like Gecko) Chrome/32.0.1700.76 Safari/537.36"
10.101.2.113 - - [21/Jan/2014:11:34:53 +0800] "GET /monitor/show?callback=angular.callbacks._0 HTTP/1.1" 200 66 "http://127.0.0.1/index.html" "Mozilla/5.0 (Windows NT 6.1; WOW64) AppleWebKit/537.36 (KHTML, like Gecko) Chrome/32.0.1700.76 Safari/537.36"
10.101.2.113 - - [21/Jan/2014:11:34:53 +0800] "GET /uservisit/updatepv?callback=jQuery1101032919030194170773_1390275292563&_=1390275292564 HTTP/1.1" 200 68 "http://127.0.0.1/index.html" "Mozilla/5.0 (Windows NT 6.1; WOW64) AppleWebKit/537.36 (KHTML, like Gecko) Chrome/32.0.1700.76 Safari/537.36"
10.101.2.113 - - [21/Jan/2014:11:35:09 +0800] "GET /monitor/show?callback=angular.callbacks._0 HTTP/1.1" 200 66 "http://127.0.0.1/index.html" "Mozilla/5.0 (Windows NT 6.1; WOW64) AppleWebKit/537.36 (KHTML, like Gecko) Chrome/32.0.1700.76 Safari/537.36"
10.101.2.113 - - [21/Jan/2014:11:35:09 +0800] "GET /uservisit/updatepv?callback=jQuery110108372475523501635_1390275308674&_=1390275308675 HTTP/1.1" 200 67 "http://127.0.0.1/index.html" "Mozilla/5.0 (Windows NT 6.1; WOW64) AppleWebKit/537.36 (KHTML, like Gecko) Chrome/32.0.1700.76 Safari/537.36"
10.101.2.113 - - [21/Jan/2014:11:36:03 +0800] "GET /monitor/show?callback=angular.callbacks._0 HTTP/1.1" 200 66 "http://127.0.0.1/index.html" "Mozilla/5.0 (Windows NT 6.1; WOW64) AppleWebKit/537.36 (KHTML, like Gecko) Chrome/32.0.1700.76 Safari/537.36"
10.101.2.113 - - [21/Jan/2014:11:36:03 +0800] "GET /uservisit/updatepv?callback=jQuery110107045356906019151_1390275362782&_=1390275362783 HTTP/1.1" 200 67 "http://127.0.0.1/index.html" "Mozilla/5.0 (Windows NT 6.1; WOW64) AppleWebKit/537.36 (KHTML, like Gecko) Chrome/32.0.1700.76 Safari/537.36"
10.101.2.113 - - [21/Jan/2014:11:36:05 +0800] "GET /monitor/show?callback=angular.callbacks._0 HTTP/1.1" 200 66 "http://127.0.0.1/index.html" "Mozilla/5.0 (Windows NT 6.1; WOW64) AppleWebKit/537.36 (KHTML, like Gecko) Chrome/32.0.1700.76 Safari/537.36"
10.101.2.113 - - [21/Jan/2014:11:36:06 +0800] "GET /uservisit/updatepv?callback=jQuery110105168188195675611_1390275364908&_=1390275364909 HTTP/1.1" 200 67 "http://127.0.0.1/index.html" "Mozilla/5.0 (Windows NT 6.1; WOW64) AppleWebKit/537.36 (KHTML, like Gecko) Chrome/32.0.1700.76 Safari/537.36"
10.101.2.113 - - [21/Jan/2014:11:36:08 +0800] "GET /monitor/show?callback=angular.callbacks._0 HTTP/1.1" 200 66 "http://127.0.0.1/index.html" "Mozilla/5.0 (Windows NT 6.1; WOW64) AppleWebKit/537.36 (KHTML, like Gecko) Chrome/32.0.1700.76 Safari/537.36"
10.101.2.113 - - [21/Jan/2014:11:36:08 +0800] "GET /uservisit/updatepv?callback=jQuery110109342073581647128_1390275367041&_=1390275367042 HTTP/1.1" 200 67 "http://127.0.0.1/index.html" "Mozilla/5.0 (Windows NT 6.1; WOW64) AppleWebKit/537.36 (KHTML, like Gecko) Chrome/32.0.1700.76 Safari/537.36"
10.101.2.113 - - [21/Jan/2014:11:36:11 +0800] "GET /monitor/show?callback=angular.callbacks._0 HTTP/1.1" 200 66 "http://127.0.0.1/index.html" "Mozilla/5.0 (Windows NT 6.1; WOW64) AppleWebKit/537.36 (KHTML, like Gecko) Chrome/32.0.1700.76 Safari/537.36"
10.101.2.113 - - [21/Jan/2014:11:36:11 +0800] "GET /uservisit/updatepv?callback=jQuery110106672824122942984_1390275370633&_=1390275370634 HTTP/1.1" 200 67 "http://127.0.0.1/index.html" "Mozilla/5.0 (Windows NT 6.1; WOW64) AppleWebKit/537.36 (KHTML, like Gecko) Chrome/32.0.1700.76 Safari/537.36"
10.101.2.113 - - [21/Jan/2014:11:36:13 +0800] "GET /monitor/show?callback=angular.callbacks._0 HTTP/1.1" 200 66 "http://127.0.0.1/index.html" "Mozilla/5.0 (Windows NT 6.1; WOW64) AppleWebKit/537.36 (KHTML, like Gecko) Chrome/32.0.1700.76 Safari/537.36"
10.101.2.113 - - [21/Jan/2014:11:36:13 +0800] "GET /uservisit/updatepv?callback=jQuery11010047339739045128226_1390275372697&_=1390275372698 HTTP/1.1" 200 69 "http://127.0.0.1/index.html" "Mozilla/5.0 (Windows NT 6.1; WOW64) AppleWebKit/537.36 (KHTML, like Gecko) Chrome/32.0.1700.76 Safari/537.36"
10.101.2.113 - - [21/Jan/2014:11:36:19 +0800] "GET /monitor/show?callback=angular.callbacks._0 HTTP/1.1" 200 66 "http://127.0.0.1/index.html" "Mozilla/5.0 (Windows NT 6.1; WOW64) AppleWebKit/537.36 (KHTML, like Gecko) Chrome/32.0.1700.76 Safari/537.36"
10.101.2.113 - - [21/Jan/2014:11:36:23 +0800] "GET /monitor/show?callback=angular.callbacks._0 HTTP/1.1" 200 66 "http://127.0.0.1/index.html" "Mozilla/5.0 (Windows NT 6.1; WOW64) AppleWebKit/537.36 (KHTML, like Gecko) Chrome/32.0.1700.76 Safari/537.36"
10.101.2.113 - - [21/Jan/2014:11:36:23 +0800] "GET /uservisit/updatepv?callback=jQuery11010597147164400667_1390275382470&_=1390275382471 HTTP/1.1" 200 66 "http://127.0.0.1/index.html" "Mozilla/5.0 (Windows NT 6.1; WOW64) AppleWebKit/537.36 (KHTML, like Gecko) Chrome/32.0.1700.76 Safari/537.36"
10.101.2.113 - - [21/Jan/2014:11:36:25 +0800] "GET /monitor/show?callback=angular.callbacks._0 HTTP/1.1" 200 66 "http://127.0.0.1/index.html" "Mozilla/5.0 (Windows NT 6.1; WOW64) AppleWebKit/537.36 (KHTML, like Gecko) Chrome/32.0.1700.76 Safari/537.36"
10.101.2.113 - - [21/Jan/2014:11:36:25 +0800] "GET /uservisit/updatepv?callback=jQuery110107947268581483513_1390275384726&_=1390275384727 HTTP/1.1" 200 67 "http://127.0.0.1/index.html" "Mozilla/5.0 (Windows NT 6.1; WOW64) AppleWebKit/537.36 (KHTML, like Gecko) Chrome/32.0.1700.76 Safari/537.36"
10.101.2.113 - - [21/Jan/2014:11:36:29 +0800] "GET /monitor/show?callback=angular.callbacks._0 HTTP/1.1" 200 66 "http://127.0.0.1/index.html" "Mozilla/5.0 (Windows NT 6.1; WOW64) AppleWebKit/537.36 (KHTML, like Gecko) Chrome/32.0.1700.76 Safari/537.36"
10.101.2.113 - - [21/Jan/2014:11:36:29 +0800] "GET /uservisit/updatepv?callback=jQuery110109643255199771374_1390275388669&_=1390275388670 HTTP/1.1" 200 67 "http://127.0.0.1/index.html" "Mozilla/5.0 (Windows NT 6.1; WOW64) AppleWebKit/537.36 (KHTML, like Gecko) Chrome/32.0.1700.76 Safari/537.36"
10.101.2.113 - - [21/Jan/2014:11:36:31 +0800] "GET /monitor/show?callback=angular.callbacks._0 HTTP/1.1" 200 66 "http://127.0.0.1/index.html" "Mozilla/5.0 (Windows NT 6.1; WOW64) AppleWebKit/537.36 (KHTML, like Gecko) Chrome/32.0.1700.76 Safari/537.36"
10.101.2.113 - - [21/Jan/2014:11:36:31 +0800] "GET /uservisit/updatepv?callback=jQuery110105524164263624698_1390275390625&_=1390275390626 HTTP/1.1" 200 67 "http://127.0.0.1/index.html" "Mozilla/5.0 (Windows NT 6.1; WOW64) AppleWebKit/537.36 (KHTML, like Gecko) Chrome/32.0.1700.76 Safari/537.36"
10.101.2.113 - - [21/Jan/2014:11:36:35 +0800] "GET /monitor/show?callback=angular.callbacks._0 HTTP/1.1" 200 66 "http://127.0.0.1/index.html" "Mozilla/5.0 (Windows NT 6.1; WOW64) AppleWebKit/537.36 (KHTML, like Gecko) Chrome/32.0.1700.76 Safari/537.36"
10.101.2.113 - - [21/Jan/2014:11:36:35 +0800] "GET /uservisit/updatepv?callback=jQuery110108837336746510118_1390275394913&_=1390275394914 HTTP/1.1" 200 67 "http://127.0.0.1/index.html" "Mozilla/5.0 (Windows NT 6.1; WOW64) AppleWebKit/537.36 (KHTML, like Gecko) Chrome/32.0.1700.76 Safari/537.36"
127.0.0.1 - - [21/Jan/2014:11:36:38 +0800] "POST /vendor/report/login.php HTTP/1.1" 200 15 "-" "Apache-HttpClient/4.3.1 (java 1.5)"
10.101.2.137 - - [21/Jan/2014:11:36:39 +0800] "GET /dangqi/today?callback=jQuery110206078341237323847_1390275399355&_=1390275399356 HTTP/1.1" 200 96 "http://127.0.0.1/summary.html" "Mozilla/5.0 (Windows NT 6.1; WOW64; rv:26.0) Gecko/20100101 Firefox/26.0"
127.0.0.1 - - [21/Jan/2014:11:38:09 +0800] "POST /vendor/report/login.php HTTP/1.1" 200 15 "-" "Apache-HttpClient/4.3.1 (java 1.5)"
10.101.2.137 - - [21/Jan/2014:11:38:09 +0800] "GET /dangqi/today?callback=jQuery1102015001004965164677_1390275489472&_=1390275489473 HTTP/1.1" 200 97 "http://127.0.0.1/summary.html" "Mozilla/5.0 (Windows NT 6.1; WOW64; rv:26.0) Gecko/20100101 Firefox/26.0"
127.0.0.1 - - [21/Jan/2014:11:38:27 +0800] "POST /vendor/report/login.php HTTP/1.1" 200 15 "-" "Apache-HttpClient/4.3.1 (java 1.5)"
10.101.2.137 - - [21/Jan/2014:11:38:28 +0800] "GET /dangqi/today?callback=jQuery1102022940293490221741_1390275508152&_=1390275508153 HTTP/1.1" 200 97 "http://127.0.0.1/summary.html" "Mozilla/5.0 (Windows NT 6.1; WOW64; rv:26.0) Gecko/20100101 Firefox/26.0"
127.0.0.1 - - [21/Jan/2014:11:38:36 +0800] "POST /vendor/report/login.php HTTP/1.1" 200 15 "-" "Apache-HttpClient/4.3.1 (java 1.5)"
10.101.2.137 - - [21/Jan/2014:11:38:36 +0800] "GET /dangqi/today?callback=jQuery11020559049763501245_1390275516729&_=1390275516730 HTTP/1.1" 200 95 "http://127.0.0.1/summary.html" "Mozilla/5.0 (Windows NT 6.1; WOW64; rv:26.0) Gecko/20100101 Firefox/26.0"
127.0.0.1 - - [21/Jan/2014:11:38:39 +0800] "POST /vendor/report/login.php HTTP/1.1" 200 15 "-" "Apache-HttpClient/4.3.1 (java 1.5)"
10.101.2.137 - - [21/Jan/2014:11:38:39 +0800] "GET /dangqi/today?callback=jQuery1102040042966678969405_1390275519842&_=1390275519843 HTTP/1.1" 200 97 "http://127.0.0.1/summary.html" "Mozilla/5.0 (Windows NT 6.1; WOW64; rv:26.0) Gecko/20100101 Firefox/26.0"
10.101.2.113 - - [21/Jan/2014:11:38:43 +0800] "GET /monitor/show?callback=angular.callbacks._0 HTTP/1.1" 200 66 "http://127.0.0.1/index.html" "Mozilla/5.0 (Windows NT 6.1; WOW64) AppleWebKit/537.36 (KHTML, like Gecko) Chrome/32.0.1700.76 Safari/537.36"
10.101.2.113 - - [21/Jan/2014:11:38:43 +0800] "GET /uservisit/updatepv?callback=jQuery1101004022932006046176_1390275522774&_=1390275522775 HTTP/1.1" 200 68 "http://127.0.0.1/index.html" "Mozilla/5.0 (Windows NT 6.1; WOW64) AppleWebKit/537.36 (KHTML, like Gecko) Chrome/32.0.1700.76 Safari/537.36"
10.101.2.113 - - [21/Jan/2014:11:38:47 +0800] "GET /monitor/show?callback=angular.callbacks._0 HTTP/1.1" 200 66 "http://127.0.0.1/index.html" "Mozilla/5.0 (Windows NT 6.1; WOW64) AppleWebKit/537.36 (KHTML, like Gecko) Chrome/32.0.1700.76 Safari/537.36"
10.101.2.113 - - [21/Jan/2014:11:38:48 +0800] "GET /uservisit/updatepv?callback=jQuery110107068805990274996_1390275526963&_=1390275526964 HTTP/1.1" 200 67 "http://127.0.0.1/index.html" "Mozilla/5.0 (Windows NT 6.1; WOW64) AppleWebKit/537.36 (KHTML, like Gecko) Chrome/32.0.1700.76 Safari/537.36"
10.101.2.113 - - [21/Jan/2014:11:38:50 +0800] "GET /monitor/show?callback=angular.callbacks._0 HTTP/1.1" 200 66 "http://127.0.0.1/index.html" "Mozilla/5.0 (Windows NT 6.1; WOW64) AppleWebKit/537.36 (KHTML, like Gecko) Chrome/32.0.1700.76 Safari/537.36"
10.101.2.113 - - [21/Jan/2014:11:38:50 +0800] "GET /uservisit/updatepv?callback=jQuery110102170872634742409_1390275529165&_=1390275529166 HTTP/1.1" 200 67 "http://127.0.0.1/index.html" "Mozilla/5.0 (Windows NT 6.1; WOW64) AppleWebKit/537.36 (KHTML, like Gecko) Chrome/32.0.1700.76 Safari/537.36"
10.101.2.113 - - [21/Jan/2014:11:38:59 +0800] "GET /monitor/show?callback=angular.callbacks._0 HTTP/1.1" 200 66 "http://127.0.0.1/index.html" "Mozilla/5.0 (Windows NT 6.1; WOW64) AppleWebKit/537.36 (KHTML, like Gecko) Chrome/32.0.1700.76 Safari/537.36"
10.101.2.113 - - [21/Jan/2014:11:39:00 +0800] "GET /uservisit/updatepv?callback=jQuery110104956579813733697_1390275538828&_=1390275538829 HTTP/1.1" 200 67 "http://127.0.0.1/index.html" "Mozilla/5.0 (Windows NT 6.1; WOW64) AppleWebKit/537.36 (KHTML, like Gecko) Chrome/32.0.1700.76 Safari/537.36"
10.101.2.113 - - [21/Jan/2014:11:39:01 +0800] "GET /monitor/show?callback=angular.callbacks._0 HTTP/1.1" 200 66 "http://127.0.0.1/index.html" "Mozilla/5.0 (Windows NT 6.1; WOW64) AppleWebKit/537.36 (KHTML, like Gecko) Chrome/32.0.1700.76 Safari/537.36"
10.101.2.113 - - [21/Jan/2014:11:39:01 +0800] "GET /uservisit/updatepv?callback=jQuery110100451745605096221_1390275540967&_=1390275540968 HTTP/1.1" 200 67 "http://127.0.0.1/index.html" "Mozilla/5.0 (Windows NT 6.1; WOW64) AppleWebKit/537.36 (KHTML, like Gecko) Chrome/32.0.1700.76 Safari/537.36"
10.101.2.113 - - [21/Jan/2014:11:39:07 +0800] "GET /monitor/show?callback=angular.callbacks._0 HTTP/1.1" 200 66 "http://127.0.0.1/index.html" "Mozilla/5.0 (Windows NT 6.1; WOW64) AppleWebKit/537.36 (KHTML, like Gecko) Chrome/32.0.1700.76 Safari/537.36"
10.101.2.113 - - [21/Jan/2014:11:39:07 +0800] "GET /uservisit/updatepv?callback=jQuery1101043724590772762895_1390275546673&_=1390275546674 HTTP/1.1" 200 68 "http://127.0.0.1/index.html" "Mozilla/5.0 (Windows NT 6.1; WOW64) AppleWebKit/537.36 (KHTML, like Gecko) Chrome/32.0.1700.76 Safari/537.36"
10.101.2.113 - - [21/Jan/2014:11:39:09 +0800] "GET /monitor/show?callback=angular.callbacks._0 HTTP/1.1" 200 66 "http://127.0.0.1/index.html" "Mozilla/5.0 (Windows NT 6.1; WOW64) AppleWebKit/537.36 (KHTML, like Gecko) Chrome/32.0.1700.76 Safari/537.36"
10.101.2.113 - - [21/Jan/2014:11:39:09 +0800] "GET /uservisit/updatepv?callback=jQuery110104466271959245205_1390275548632&_=1390275548633 HTTP/1.1" 200 67 "http://127.0.0.1/index.html" "Mozilla/5.0 (Windows NT 6.1; WOW64) AppleWebKit/537.36 (KHTML, like Gecko) Chrome/32.0.1700.76 Safari/537.36"
10.101.2.113 - - [21/Jan/2014:11:39:11 +0800] "GET /monitor/show?callback=angular.callbacks._0 HTTP/1.1" 200 66 "http://127.0.0.1/index.html" "Mozilla/5.0 (Windows NT 6.1; WOW64) AppleWebKit/537.36 (KHTML, like Gecko) Chrome/32.0.1700.76 Safari/537.36"
10.101.2.113 - - [21/Jan/2014:11:39:11 +0800] "GET /uservisit/updatepv?callback=jQuery110105693342129234225_1390275550779&_=1390275550780 HTTP/1.1" 200 67 "http://127.0.0.1/index.html" "Mozilla/5.0 (Windows NT 6.1; WOW64) AppleWebKit/537.36 (KHTML, like Gecko) Chrome/32.0.1700.76 Safari/537.36"
10.101.2.113 - - [21/Jan/2014:11:39:13 +0800] "GET /monitor/show?callback=angular.callbacks._0 HTTP/1.1" 200 66 "http://127.0.0.1/index.html" "Mozilla/5.0 (Windows NT 6.1; WOW64) AppleWebKit/537.36 (KHTML, like Gecko) Chrome/32.0.1700.76 Safari/537.36"
10.101.2.113 - - [21/Jan/2014:11:39:13 +0800] "GET /uservisit/updatepv?callback=jQuery110102510814145207405_1390275552886&_=1390275552887 HTTP/1.1" 200 67 "http://127.0.0.1/index.html" "Mozilla/5.0 (Windows NT 6.1; WOW64) AppleWebKit/537.36 (KHTML, like Gecko) Chrome/32.0.1700.76 Safari/537.36"
10.101.2.113 - - [21/Jan/2014:11:39:35 +0800] "GET /monitor/show?callback=angular.callbacks._0 HTTP/1.1" 200 66 "http://127.0.0.1/index.html" "Mozilla/5.0 (Windows NT 6.1; WOW64) AppleWebKit/537.36 (KHTML, like Gecko) Chrome/32.0.1700.76 Safari/537.36"
10.101.2.113 - - [21/Jan/2014:11:39:35 +0800] "GET /uservisit/updatepv?callback=jQuery110107073512997012585_1390275574939&_=1390275574940 HTTP/1.1" 200 67 "http://127.0.0.1/index.html" "Mozilla/5.0 (Windows NT 6.1; WOW64) AppleWebKit/537.36 (KHTML, like Gecko) Chrome/32.0.1700.76 Safari/537.36"
127.0.0.1 - - [21/Jan/2014:11:39:36 +0800] "POST /vendor/report/login.php HTTP/1.1" 200 15 "-" "Apache-HttpClient/4.3.1 (java 1.5)"
10.101.2.137 - - [21/Jan/2014:11:39:36 +0800] "GET /dangqi/today?callback=jQuery1102011580523480436733_1390275576161&_=1390275576162 HTTP/1.1" 200 97 "http://127.0.0.1/summary.html" "Mozilla/5.0 (Windows NT 6.1; WOW64; rv:26.0) Gecko/20100101 Firefox/26.0"
10.101.2.113 - - [21/Jan/2014:11:39:37 +0800] "GET /monitor/show?callback=angular.callbacks._0 HTTP/1.1" 200 66 "http://127.0.0.1/index.html" "Mozilla/5.0 (Windows NT 6.1; WOW64) AppleWebKit/537.36 (KHTML, like Gecko) Chrome/32.0.1700.76 Safari/537.36"
10.101.2.113 - - [21/Jan/2014:11:39:37 +0800] "GET /uservisit/updatepv?callback=jQuery11010879124708706513_1390275576758&_=1390275576759 HTTP/1.1" 200 66 "http://127.0.0.1/index.html" "Mozilla/5.0 (Windows NT 6.1; WOW64) AppleWebKit/537.36 (KHTML, like Gecko) Chrome/32.0.1700.76 Safari/537.36"
127.0.0.1 - - [21/Jan/2014:11:39:38 +0800] "POST /vendor/report/login.php HTTP/1.1" 200 15 "-" "Apache-HttpClient/4.3.1 (java 1.5)"
10.101.2.137 - - [21/Jan/2014:11:39:39 +0800] "GET /dangqi/today?callback=jQuery110206051754494525379_1390275578719&_=1390275578720 HTTP/1.1" 200 96 "http://127.0.0.1/summary.html" "Mozilla/5.0 (Windows NT 6.1; WOW64; rv:26.0) Gecko/20100101 Firefox/26.0"
127.0.0.1 - - [21/Jan/2014:11:39:44 +0800] "POST /vendor/report/login.php HTTP/1.1" 200 15 "-" "Apache-HttpClient/4.3.1 (java 1.5)"
10.101.2.137 - - [21/Jan/2014:11:39:44 +0800] "GET /dangqi/today?callback=jQuery1102033797493347329244_1390275584460&_=1390275584461 HTTP/1.1" 200 97 "http://127.0.0.1/summary.html" "Mozilla/5.0 (Windows NT 6.1; WOW64; rv:26.0) Gecko/20100101 Firefox/26.0"
10.101.2.113 - - [21/Jan/2014:11:39:45 +0800] "GET /monitor/show?callback=angular.callbacks._0 HTTP/1.1" 200 66 "http://127.0.0.1/index.html" "Mozilla/5.0 (Windows NT 6.1; WOW64) AppleWebKit/537.36 (KHTML, like Gecko) Chrome/32.0.1700.76 Safari/537.36"
10.101.2.113 - - [21/Jan/2014:11:39:45 +0800] "GET /uservisit/updatepv?callback=jQuery110104891734407283366_1390275584846&_=1390275584847 HTTP/1.1" 200 67 "http://127.0.0.1/index.html" "Mozilla/5.0 (Windows NT 6.1; WOW64) AppleWebKit/537.36 (KHTML, like Gecko) Chrome/32.0.1700.76 Safari/537.36"
127.0.0.1 - - [21/Jan/2014:11:39:55 +0800] "POST /vendor/report/login.php HTTP/1.1" 200 15 "-" "Apache-HttpClient/4.3.1 (java 1.5)"
10.101.2.137 - - [21/Jan/2014:11:39:56 +0800] "GET /dangqi/today?callback=jQuery110207456519465023181_1390275595637&_=1390275595638 HTTP/1.1" 200 96 "http://127.0.0.1/summary.html" "Mozilla/5.0 (Windows NT 6.1; WOW64; rv:26.0) Gecko/20100101 Firefox/26.0"
10.101.2.113 - - [21/Jan/2014:11:40:01 +0800] "GET /monitor/show?callback=angular.callbacks._0 HTTP/1.1" 200 66 "http://127.0.0.1/index.html" "Mozilla/5.0 (Windows NT 6.1; WOW64) AppleWebKit/537.36 (KHTML, like Gecko) Chrome/32.0.1700.76 Safari/537.36"
10.101.2.113 - - [21/Jan/2014:11:40:01 +0800] "GET /uservisit/updatepv?callback=jQuery110106596111287362874_1390275600527&_=1390275600528 HTTP/1.1" 200 67 "http://127.0.0.1/index.html" "Mozilla/5.0 (Windows NT 6.1; WOW64) AppleWebKit/537.36 (KHTML, like Gecko) Chrome/32.0.1700.76 Safari/537.36"
10.101.2.113 - - [21/Jan/2014:11:40:15 +0800] "GET /monitor/show?callback=angular.callbacks._0 HTTP/1.1" 200 66 "http://127.0.0.1/index.html" "Mozilla/5.0 (Windows NT 6.1; WOW64) AppleWebKit/537.36 (KHTML, like Gecko) Chrome/32.0.1700.76 Safari/537.36"
10.101.2.113 - - [21/Jan/2014:11:40:16 +0800] "GET /uservisit/updatepv?callback=jQuery110109993788988795131_1390275614725&_=1390275614726 HTTP/1.1" 200 67 "http://127.0.0.1/index.html" "Mozilla/5.0 (Windows NT 6.1; WOW64) AppleWebKit/537.36 (KHTML, like Gecko) Chrome/32.0.1700.76 Safari/537.36"
10.101.2.113 - - [21/Jan/2014:11:40:18 +0800] "GET /login/logout?callback=jQuery110109993788988795131_1390275614725&_=1390275614728 HTTP/1.1" 200 67 "http://127.0.0.1/index.html" "Mozilla/5.0 (Windows NT 6.1; WOW64) AppleWebKit/537.36 (KHTML, like Gecko) Chrome/32.0.1700.76 Safari/537.36"
127.0.0.1 - - [21/Jan/2014:11:40:19 +0800] "POST /vendor/report/login.php HTTP/1.1" 200 15 "-" "Apache-HttpClient/4.3.1 (java 1.5)"
10.101.2.137 - - [21/Jan/2014:11:40:19 +0800] "GET /dangqi/today?callback=jQuery110203287004189296959_1390275619573&_=1390275619574 HTTP/1.1" 200 96 "http://127.0.0.1/summary.html" "Mozilla/5.0 (Windows NT 6.1; WOW64; rv:26.0) Gecko/20100101 Firefox/26.0"
10.101.2.113 - - [21/Jan/2014:11:40:26 +0800] "GET / HTTP/1.1" 302 0 "-" "Mozilla/5.0 (Windows NT 6.1; WOW64) AppleWebKit/537.36 (KHTML, like Gecko) Chrome/32.0.1700.76 Safari/537.36"
127.0.0.1 - - [21/Jan/2014:11:40:33 +0800] "POST /vendor/report/login.php HTTP/1.1" 200 15 "-" "Apache-HttpClient/4.3.1 (java 1.5)"
10.101.2.137 - - [21/Jan/2014:11:40:34 +0800] "GET /dangqi/today?callback=jQuery110206965385662219541_1390275634221&_=1390275634222 HTTP/1.1" 200 96 "http://127.0.0.1/summary.html" "Mozilla/5.0 (Windows NT 6.1; WOW64; rv:26.0) Gecko/20100101 Firefox/26.0"
127.0.0.1 - - [21/Jan/2014:11:40:38 +0800] "POST /vendor/report/login.php HTTP/1.1" 200 15 "-" "Apache-HttpClient/4.3.1 (java 1.5)"
10.101.2.137 - - [21/Jan/2014:11:40:39 +0800] "GET /dangqi/today?callback=jQuery110208731551104998215_1390275638648&_=1390275638649 HTTP/1.1" 200 96 "http://127.0.0.1/summary.html" "Mozilla/5.0 (Windows NT 6.1; WOW64; rv:26.0) Gecko/20100101 Firefox/26.0"
10.101.2.113 - - [21/Jan/2014:11:40:42 +0800] "GET /login/casCallBack?ticket=ST-53553-D3qcKnGScKJesggqeOjW-cas.oa.vipshop.com HTTP/1.1" 302 0 "-" "Mozilla/5.0 (Windows NT 6.1; WOW64) AppleWebKit/537.36 (KHTML, like Gecko) Chrome/32.0.1700.76 Safari/537.36"
10.101.2.113 - - [21/Jan/2014:11:40:42 +0800] "GET /index.html HTTP/1.1" 304 0 "-" "Mozilla/5.0 (Windows NT 6.1; WOW64) AppleWebKit/537.36 (KHTML, like Gecko) Chrome/32.0.1700.76 Safari/537.36"
10.101.2.113 - - [21/Jan/2014:11:40:42 +0800] "GET /ui/main.css?_=20140103 HTTP/1.1" 304 0 "http://xuanpin.vip.vip.com/" "Mozilla/5.0 (Windows NT 6.1; WOW64) AppleWebKit/537.36 (KHTML, like Gecko) Chrome/32.0.1700.76 Safari/537.36"
10.101.2.113 - - [21/Jan/2014:11:40:42 +0800] "GET /ui/semantic.min.css HTTP/1.1" 304 0 "http://xuanpin.vip.vip.com/" "Mozilla/5.0 (Windows NT 6.1; WOW64) AppleWebKit/537.36 (KHTML, like Gecko) Chrome/32.0.1700.76 Safari/537.36"
10.101.2.113 - - [21/Jan/2014:11:40:42 +0800] "GET /js/app/config.js HTTP/1.1" 304 0 "http://xuanpin.vip.vip.com/" "Mozilla/5.0 (Windows NT 6.1; WOW64) AppleWebKit/537.36 (KHTML, like Gecko) Chrome/32.0.1700.76 Safari/537.36"
10.101.2.113 - - [21/Jan/2014:11:40:42 +0800] "GET /js/lib/component.js HTTP/1.1" 304 0 "http://xuanpin.vip.vip.com/" "Mozilla/5.0 (Windows NT 6.1; WOW64) AppleWebKit/537.36 (KHTML, like Gecko) Chrome/32.0.1700.76 Safari/537.36"
10.101.2.113 - - [21/Jan/2014:11:40:42 +0800] "GET /js/pagination/jquery.pagination.js HTTP/1.1" 304 0 "http://xuanpin.vip.vip.com/" "Mozilla/5.0 (Windows NT 6.1; WOW64) AppleWebKit/537.36 (KHTML, like Gecko) Chrome/32.0.1700.76 Safari/537.36"
10.101.2.113 - - [21/Jan/2014:11:40:42 +0800] "GET /js/app/controllers.js HTTP/1.1" 304 0 "http://xuanpin.vip.vip.com/" "Mozilla/5.0 (Windows NT 6.1; WOW64) AppleWebKit/537.36 (KHTML, like Gecko) Chrome/32.0.1700.76 Safari/537.36"
10.101.2.113 - - [21/Jan/2014:11:40:42 +0800] "GET /partials/exp/module.js HTTP/1.1" 304 0 "http://xuanpin.vip.vip.com/" "Mozilla/5.0 (Windows NT 6.1; WOW64) AppleWebKit/537.36 (KHTML, like Gecko) Chrome/32.0.1700.76 Safari/537.36"
10.101.2.113 - - [21/Jan/2014:11:40:42 +0800] "GET /partials/sch/module.js HTTP/1.1" 304 0 "http://xuanpin.vip.vip.com/" "Mozilla/5.0 (Windows NT 6.1; WOW64) AppleWebKit/537.36 (KHTML, like Gecko) Chrome/32.0.1700.76 Safari/537.36"
10.101.2.113 - - [21/Jan/2014:11:40:42 +0800] "GET /partials/ptBrandRanking/module.js HTTP/1.1" 304 0 "http://xuanpin.vip.vip.com/" "Mozilla/5.0 (Windows NT 6.1; WOW64) AppleWebKit/537.36 (KHTML, like Gecko) Chrome/32.0.1700.76 Safari/537.36"
10.101.2.113 - - [21/Jan/2014:11:40:42 +0800] "GET /partials/allSitesBrand/module.js HTTP/1.1" 304 0 "http://xuanpin.vip.vip.com/" "Mozilla/5.0 (Windows NT 6.1; WOW64) AppleWebKit/537.36 (KHTML, like Gecko) Chrome/32.0.1700.76 Safari/537.36"
10.101.2.113 - - [21/Jan/2014:11:40:42 +0800] "GET /partials/brandRanking/module.js HTTP/1.1" 304 0 "http://xuanpin.vip.vip.com/" "Mozilla/5.0 (Windows NT 6.1; WOW64) AppleWebKit/537.36 (KHTML, like Gecko) Chrome/32.0.1700.76 Safari/537.36"
10.101.2.113 - - [21/Jan/2014:11:40:42 +0800] "GET /partials/brandArguments/module.js HTTP/1.1" 304 0 "http://xuanpin.vip.vip.com/" "Mozilla/5.0 (Windows NT 6.1; WOW64) AppleWebKit/537.36 (KHTML, like Gecko) Chrome/32.0.1700.76 Safari/537.36"
10.101.2.113 - - [21/Jan/2014:11:40:42 +0800] "GET /partials/recommendLogic/module.js HTTP/1.1" 304 0 "http://xuanpin.vip.vip.com/" "Mozilla/5.0 (Windows NT 6.1; WOW64) AppleWebKit/537.36 (KHTML, like Gecko) Chrome/32.0.1700.76 Safari/537.36"
10.101.2.113 - - [21/Jan/2014:11:40:43 +0800] "GET /favicon.ico HTTP/1.1" 404 973 "-" "Mozilla/5.0 (Windows NT 6.1; WOW64) AppleWebKit/537.36 (KHTML, like Gecko) Chrome/32.0.1700.76 Safari/537.36"
10.101.2.113 - - [21/Jan/2014:11:40:44 +0800] "GET /uservisit/updatepv?callback=jQuery11010036442280979827046_1390275644336&_=1390275644337 HTTP/1.1" 200 69 "http://127.0.0.1/index.html" "Mozilla/5.0 (Windows NT 6.1; WOW64) AppleWebKit/537.36 (KHTML, like Gecko) Chrome/32.0.1700.76 Safari/537.36"
127.0.0.1 - - [21/Jan/2014:11:40:50 +0800] "POST /vendor/report/login.php HTTP/1.1" 200 15 "-" "Apache-HttpClient/4.3.1 (java 1.5)"
10.101.2.137 - - [21/Jan/2014:11:40:50 +0800] "GET /dangqi/today?callback=jQuery110207540724942934868_1390275650152&_=1390275650153 HTTP/1.1" 200 96 "http://127.0.0.1/summary.html" "Mozilla/5.0 (Windows NT 6.1; WOW64; rv:26.0) Gecko/20100101 Firefox/26.0"
10.101.2.113 - - [21/Jan/2014:11:41:01 +0800] "GET /monitor/show?callback=angular.callbacks._0 HTTP/1.1" 200 66 "http://127.0.0.1/index.html" "Mozilla/5.0 (Windows NT 6.1; WOW64) AppleWebKit/537.36 (KHTML, like Gecko) Chrome/32.0.1700.76 Safari/537.36"
10.101.2.113 - - [21/Jan/2014:11:41:01 +0800] "GET /uservisit/updatepv?callback=jQuery110106903499832842499_1390275660665&_=1390275660666 HTTP/1.1" 200 67 "http://127.0.0.1/index.html" "Mozilla/5.0 (Windows NT 6.1; WOW64) AppleWebKit/537.36 (KHTML, like Gecko) Chrome/32.0.1700.76 Safari/537.36"
127.0.0.1 - - [21/Jan/2014:11:41:04 +0800] "POST /vendor/report/login.php HTTP/1.1" 200 15 "-" "Apache-HttpClient/4.3.1 (java 1.5)"
10.101.2.137 - - [21/Jan/2014:11:41:05 +0800] "GET /dangqi/today?callback=jQuery110205509502095230167_1390275664571&_=1390275664572 HTTP/1.1" 200 96 "http://127.0.0.1/summary.html" "Mozilla/5.0 (Windows NT 6.1; WOW64; rv:26.0) Gecko/20100101 Firefox/26.0"
127.0.0.1 - - [21/Jan/2014:11:41:10 +0800] "POST /vendor/report/login.php HTTP/1.1" 200 15 "-" "Apache-HttpClient/4.3.1 (java 1.5)"
10.101.2.137 - - [21/Jan/2014:11:41:10 +0800] "GET /dangqi/today?callback=jQuery110207049280411880278_1390275670180&_=1390275670181 HTTP/1.1" 200 96 "http://127.0.0.1/summary.html" "Mozilla/5.0 (Windows NT 6.1; WOW64; rv:26.0) Gecko/20100101 Firefox/26.0"
127.0.0.1 - - [21/Jan/2014:11:41:14 +0800] "POST /vendor/report/login.php HTTP/1.1" 200 15 "-" "Apache-HttpClient/4.3.1 (java 1.5)"
10.101.2.137 - - [21/Jan/2014:11:41:15 +0800] "GET /dangqi/today?callback=jQuery110204338109605321242_1390275675122&_=1390275675123 HTTP/1.1" 200 96 "http://127.0.0.1/summary.html" "Mozilla/5.0 (Windows NT 6.1; WOW64; rv:26.0) Gecko/20100101 Firefox/26.0"
10.101.2.113 - - [21/Jan/2014:11:41:17 +0800] "GET /monitor/show?callback=angular.callbacks._0 HTTP/1.1" 200 66 "http://127.0.0.1/index.html" "Mozilla/5.0 (Windows NT 6.1; WOW64) AppleWebKit/537.36 (KHTML, like Gecko) Chrome/32.0.1700.76 Safari/537.36"
10.101.2.113 - - [21/Jan/2014:11:41:17 +0800] "GET /uservisit/updatepv?callback=jQuery110109376627488527447_1390275676798&_=1390275676799 HTTP/1.1" 200 67 "http://127.0.0.1/index.html" "Mozilla/5.0 (Windows NT 6.1; WOW64) AppleWebKit/537.36 (KHTML, like Gecko) Chrome/32.0.1700.76 Safari/537.36"
127.0.0.1 - - [21/Jan/2014:11:41:26 +0800] "POST /vendor/report/login.php HTTP/1.1" 200 15 "-" "Apache-HttpClient/4.3.1 (java 1.5)"
10.101.2.137 - - [21/Jan/2014:11:41:26 +0800] "GET /dangqi/today?callback=jQuery1102011712305277424018_1390275686270&_=1390275686271 HTTP/1.1" 200 97 "http://127.0.0.1/summary.html" "Mozilla/5.0 (Windows NT 6.1; WOW64; rv:26.0) Gecko/20100101 Firefox/26.0"
127.0.0.1 - - [21/Jan/2014:11:42:16 +0800] "POST /vendor/report/login.php HTTP/1.1" 200 15 "-" "Apache-HttpClient/4.3.1 (java 1.5)"
10.101.2.137 - - [21/Jan/2014:11:42:17 +0800] "GET /dangqi/today?callback=jQuery1102003255185692097107_1390275737061&_=1390275737062 HTTP/1.1" 200 97 "http://127.0.0.1/summary.html" "Mozilla/5.0 (Windows NT 6.1; WOW64; rv:26.0) Gecko/20100101 Firefox/26.0"
10.101.2.113 - - [21/Jan/2014:11:42:27 +0800] "GET /monitor/show?callback=angular.callbacks._0 HTTP/1.1" 200 66 "http://127.0.0.1/index.html" "Mozilla/5.0 (Windows NT 6.1; WOW64) AppleWebKit/537.36 (KHTML, like Gecko) Chrome/32.0.1700.76 Safari/537.36"
10.101.2.113 - - [21/Jan/2014:11:42:27 +0800] "GET /uservisit/updatepv?callback=jQuery1101035693608806468546_1390275746779&_=1390275746780 HTTP/1.1" 200 68 "http://127.0.0.1/index.html" "Mozilla/5.0 (Windows NT 6.1; WOW64) AppleWebKit/537.36 (KHTML, like Gecko) Chrome/32.0.1700.76 Safari/537.36"
10.101.2.113 - - [21/Jan/2014:11:42:29 +0800] "GET /monitor/show?callback=angular.callbacks._0 HTTP/1.1" 200 66 "http://127.0.0.1/index.html" "Mozilla/5.0 (Windows NT 6.1; WOW64) AppleWebKit/537.36 (KHTML, like Gecko) Chrome/32.0.1700.76 Safari/537.36"
10.101.2.113 - - [21/Jan/2014:11:42:29 +0800] "GET /uservisit/updatepv?callback=jQuery1101035299640125595033_1390275748913&_=1390275748914 HTTP/1.1" 200 68 "http://127.0.0.1/index.html" "Mozilla/5.0 (Windows NT 6.1; WOW64) AppleWebKit/537.36 (KHTML, like Gecko) Chrome/32.0.1700.76 Safari/537.36"
127.0.0.1 - - [21/Jan/2014:11:43:58 +0800] "POST /vendor/report/login.php HTTP/1.1" 200 15 "-" "Apache-HttpClient/4.3.1 (java 1.5)"
10.101.2.137 - - [21/Jan/2014:11:43:58 +0800] "GET /dangqi/today?callback=jQuery110206207510135967864_1390275838682&_=1390275838683 HTTP/1.1" 200 1159 "http://127.0.0.1/summary.html" "Mozilla/5.0 (Windows NT 6.1; WOW64; rv:26.0) Gecko/20100101 Firefox/26.0"
10.101.2.113 - - [21/Jan/2014:11:44:03 +0800] "GET /monitor/show?callback=angular.callbacks._0 HTTP/1.1" 200 66 "http://127.0.0.1/index.html" "Mozilla/5.0 (Windows NT 6.1; WOW64) AppleWebKit/537.36 (KHTML, like Gecko) Chrome/32.0.1700.76 Safari/537.36"
10.101.2.113 - - [21/Jan/2014:11:44:03 +0800] "GET /uservisit/updatepv?callback=jQuery110108515933884773403_1390275842191&_=1390275842192 HTTP/1.1" 200 67 "http://127.0.0.1/index.html" "Mozilla/5.0 (Windows NT 6.1; WOW64) AppleWebKit/537.36 (KHTML, like Gecko) Chrome/32.0.1700.76 Safari/537.36"
10.101.2.113 - - [21/Jan/2014:11:44:38 +0800] "GET /monitor/show?callback=angular.callbacks._0 HTTP/1.1" 200 66 "http://127.0.0.1/index.html" "Mozilla/5.0 (Windows NT 6.1; WOW64) AppleWebKit/537.36 (KHTML, like Gecko) Chrome/32.0.1700.76 Safari/537.36"
10.101.2.113 - - [21/Jan/2014:11:44:38 +0800] "GET /uservisit/updatepv?callback=jQuery110109150361234787852_1390275877247&_=1390275877248 HTTP/1.1" 200 67 "http://127.0.0.1/index.html" "Mozilla/5.0 (Windows NT 6.1; WOW64) AppleWebKit/537.36 (KHTML, like Gecko) Chrome/32.0.1700.76 Safari/537.36"
127.0.0.1 - - [21/Jan/2014:11:45:02 +0800] "POST /vendor/report/login.php HTTP/1.1" 200 15 "-" "Apache-HttpClient/4.3.1 (java 1.5)"
10.101.2.137 - - [21/Jan/2014:11:45:02 +0800] "GET /dangqi/today?callback=jQuery110208145631653535639_1390275902558&_=1390275902559 HTTP/1.1" 200 1159 "http://127.0.0.1/summary.html" "Mozilla/5.0 (Windows NT 6.1; WOW64; rv:26.0) Gecko/20100101 Firefox/26.0"
10.101.2.113 - - [21/Jan/2014:11:45:16 +0800] "GET /monitor/show?callback=angular.callbacks._0 HTTP/1.1" 200 66 "http://127.0.0.1/index.html" "Mozilla/5.0 (Windows NT 6.1; WOW64) AppleWebKit/537.36 (KHTML, like Gecko) Chrome/32.0.1700.76 Safari/537.36"
10.101.2.113 - - [21/Jan/2014:11:45:16 +0800] "GET /uservisit/updatepv?callback=jQuery110105898136419709772_1390275915535&_=1390275915536 HTTP/1.1" 200 67 "http://127.0.0.1/index.html" "Mozilla/5.0 (Windows NT 6.1; WOW64) AppleWebKit/537.36 (KHTML, like Gecko) Chrome/32.0.1700.76 Safari/537.36"
127.0.0.1 - - [21/Jan/2014:11:45:26 +0800] "POST /vendor/report/login.php HTTP/1.1" 200 15 "-" "Apache-HttpClient/4.3.1 (java 1.5)"
10.101.2.137 - - [21/Jan/2014:11:45:27 +0800] "GET /dangqi/today?callback=jQuery110206648737488368436_1390275926943&_=1390275926944 HTTP/1.1" 200 1159 "http://127.0.0.1/summary.html" "Mozilla/5.0 (Windows NT 6.1; WOW64; rv:26.0) Gecko/20100101 Firefox/26.0"
10.101.2.113 - - [21/Jan/2014:11:45:27 +0800] "GET /monitor/show?callback=angular.callbacks._0 HTTP/1.1" 200 66 "http://127.0.0.1/index.html" "Mozilla/5.0 (Windows NT 6.1; WOW64) AppleWebKit/537.36 (KHTML, like Gecko) Chrome/32.0.1700.76 Safari/537.36"
10.101.2.113 - - [21/Jan/2014:11:45:27 +0800] "GET /uservisit/updatepv?callback=jQuery1101031620172457769513_1390275926416&_=1390275926417 HTTP/1.1" 200 68 "http://127.0.0.1/index.html" "Mozilla/5.0 (Windows NT 6.1; WOW64) AppleWebKit/537.36 (KHTML, like Gecko) Chrome/32.0.1700.76 Safari/537.36"
127.0.0.1 - - [21/Jan/2014:11:45:34 +0800] "POST /vendor/report/login.php HTTP/1.1" 200 15 "-" "Apache-HttpClient/4.3.1 (java 1.5)"
10.101.2.137 - - [21/Jan/2014:11:45:35 +0800] "GET /dangqi/today?callback=jQuery1102020066758843558674_1390275934948&_=1390275934949 HTTP/1.1" 200 1160 "http://127.0.0.1/summary.html" "Mozilla/5.0 (Windows NT 6.1; WOW64; rv:26.0) Gecko/20100101 Firefox/26.0"
127.0.0.1 - - [21/Jan/2014:11:45:41 +0800] "POST /vendor/report/login.php HTTP/1.1" 200 15 "-" "Apache-HttpClient/4.3.1 (java 1.5)"
10.101.2.137 - - [21/Jan/2014:11:45:42 +0800] "GET /dangqi/today?callback=jQuery1102013523607083095301_1390275941946&_=1390275941947 HTTP/1.1" 200 1160 "http://127.0.0.1/summary.html" "Mozilla/5.0 (Windows NT 6.1; WOW64; rv:26.0) Gecko/20100101 Firefox/26.0"
127.0.0.1 - - [21/Jan/2014:11:45:50 +0800] "POST /vendor/report/login.php HTTP/1.1" 200 15 "-" "Apache-HttpClient/4.3.1 (java 1.5)"
10.101.2.137 - - [21/Jan/2014:11:45:50 +0800] "GET /dangqi/today?callback=jQuery11020655207352547831_1390275950539&_=1390275950540 HTTP/1.1" 200 1158 "http://127.0.0.1/summary.html" "Mozilla/5.0 (Windows NT 6.1; WOW64; rv:26.0) Gecko/20100101 Firefox/26.0"
127.0.0.1 - - [21/Jan/2014:11:46:12 +0800] "POST /vendor/report/login.php HTTP/1.1" 200 15 "-" "Apache-HttpClient/4.3.1 (java 1.5)"
10.101.2.137 - - [21/Jan/2014:11:46:13 +0800] "GET /dangqi/today?callback=jQuery1102024926793077825493_1390275973286&_=1390275973287 HTTP/1.1" 200 1160 "http://127.0.0.1/summary.html" "Mozilla/5.0 (Windows NT 6.1; WOW64; rv:26.0) Gecko/20100101 Firefox/26.0"
10.101.2.113 - - [21/Jan/2014:11:46:36 +0800] "GET /monitor/show?callback=angular.callbacks._0 HTTP/1.1" 200 66 "http://127.0.0.1/index.html" "Mozilla/5.0 (Windows NT 6.1; WOW64) AppleWebKit/537.36 (KHTML, like Gecko) Chrome/32.0.1700.76 Safari/537.36"
10.101.2.113 - - [21/Jan/2014:11:46:36 +0800] "GET /uservisit/updatepv?callback=jQuery11010172326521249488_1390275995035&_=1390275995036 HTTP/1.1" 200 66 "http://127.0.0.1/index.html" "Mozilla/5.0 (Windows NT 6.1; WOW64) AppleWebKit/537.36 (KHTML, like Gecko) Chrome/32.0.1700.76 Safari/537.36"
10.101.2.113 - - [21/Jan/2014:11:46:38 +0800] "GET /monitor/show?callback=angular.callbacks._0 HTTP/1.1" 200 66 "http://127.0.0.1/index.html" "Mozilla/5.0 (Windows NT 6.1; WOW64) AppleWebKit/537.36 (KHTML, like Gecko) Chrome/32.0.1700.76 Safari/537.36"
10.101.2.113 - - [21/Jan/2014:11:46:38 +0800] "GET /uservisit/updatepv?callback=jQuery11010528153445571661_1390275997351&_=1390275997352 HTTP/1.1" 200 66 "http://127.0.0.1/index.html" "Mozilla/5.0 (Windows NT 6.1; WOW64) AppleWebKit/537.36 (KHTML, like Gecko) Chrome/32.0.1700.76 Safari/537.36"
10.101.2.113 - - [21/Jan/2014:11:46:40 +0800] "GET /monitor/show?callback=angular.callbacks._0 HTTP/1.1" 200 66 "http://127.0.0.1/index.html" "Mozilla/5.0 (Windows NT 6.1; WOW64) AppleWebKit/537.36 (KHTML, like Gecko) Chrome/32.0.1700.76 Safari/537.36"
10.101.2.113 - - [21/Jan/2014:11:46:40 +0800] "GET /uservisit/updatepv?callback=jQuery110108760422326158732_1390275999409&_=1390275999410 HTTP/1.1" 200 67 "http://127.0.0.1/index.html" "Mozilla/5.0 (Windows NT 6.1; WOW64) AppleWebKit/537.36 (KHTML, like Gecko) Chrome/32.0.1700.76 Safari/537.36"
10.101.2.113 - - [21/Jan/2014:11:46:45 +0800] "GET /monitor/show?callback=angular.callbacks._0 HTTP/1.1" 200 66 "http://127.0.0.1/index.html" "Mozilla/5.0 (Windows NT 6.1; WOW64) AppleWebKit/537.36 (KHTML, like Gecko) Chrome/32.0.1700.76 Safari/537.36"
10.101.2.113 - - [21/Jan/2014:11:46:46 +0800] "GET /uservisit/updatepv?callback=jQuery1101044565397943370044_1390276005089&_=1390276005090 HTTP/1.1" 200 68 "http://127.0.0.1/index.html" "Mozilla/5.0 (Windows NT 6.1; WOW64) AppleWebKit/537.36 (KHTML, like Gecko) Chrome/32.0.1700.76 Safari/537.36"
127.0.0.1 - - [21/Jan/2014:11:46:50 +0800] "POST /vendor/report/login.php HTTP/1.1" 200 15 "-" "Apache-HttpClient/4.3.1 (java 1.5)"
10.101.2.137 - - [21/Jan/2014:11:46:51 +0800] "GET /dangqi/today?callback=jQuery110209667112494222786_1390276011030&_=1390276011031 HTTP/1.1" 200 1159 "http://127.0.0.1/summary.html" "Mozilla/5.0 (Windows NT 6.1; WOW64; rv:26.0) Gecko/20100101 Firefox/26.0"
127.0.0.1 - - [21/Jan/2014:11:47:25 +0800] "POST /vendor/report/login.php HTTP/1.1" 200 15 "-" "Apache-HttpClient/4.3.1 (java 1.5)"
10.101.2.137 - - [21/Jan/2014:11:47:26 +0800] "GET /dangqi/today?callback=jQuery1102019802560920287204_1390276046109&_=1390276046110 HTTP/1.1" 200 1160 "http://127.0.0.1/summary.html" "Mozilla/5.0 (Windows NT 6.1; WOW64; rv:26.0) Gecko/20100101 Firefox/26.0"
127.0.0.1 - - [21/Jan/2014:11:47:32 +0800] "POST /vendor/report/login.php HTTP/1.1" 200 15 "-" "Apache-HttpClient/4.3.1 (java 1.5)"
10.101.2.113 - - [21/Jan/2014:11:47:33 +0800] "GET /monitor/show?callback=angular.callbacks._0 HTTP/1.1" 200 66 "http://127.0.0.1/index.html" "Mozilla/5.0 (Windows NT 6.1; WOW64) AppleWebKit/537.36 (KHTML, like Gecko) Chrome/32.0.1700.76 Safari/537.36"
10.101.2.113 - - [21/Jan/2014:11:47:33 +0800] "GET /uservisit/updatepv?callback=jQuery110107061505988240242_1390276052055&_=1390276052056 HTTP/1.1" 200 67 "http://127.0.0.1/index.html" "Mozilla/5.0 (Windows NT 6.1; WOW64) AppleWebKit/537.36 (KHTML, like Gecko) Chrome/32.0.1700.76 Safari/537.36"
10.101.2.137 - - [21/Jan/2014:11:47:33 +0800] "GET /dangqi/today?callback=jQuery1102039124309817119307_1390276052933&_=1390276052934 HTTP/1.1" 200 1160 "http://127.0.0.1/summary.html" "Mozilla/5.0 (Windows NT 6.1; WOW64; rv:26.0) Gecko/20100101 Firefox/26.0"
127.0.0.1 - - [21/Jan/2014:11:47:40 +0800] "POST /vendor/report/login.php HTTP/1.1" 200 15 "-" "Apache-HttpClient/4.3.1 (java 1.5)"
10.101.2.137 - - [21/Jan/2014:11:47:41 +0800] "GET /dangqi/today?callback=jQuery1102007338309160916723_1390276061059&_=1390276061060 HTTP/1.1" 200 1160 "http://127.0.0.1/summary.html" "Mozilla/5.0 (Windows NT 6.1; WOW64; rv:26.0) Gecko/20100101 Firefox/26.0"
127.0.0.1 - - [21/Jan/2014:11:47:48 +0800] "POST /vendor/report/login.php HTTP/1.1" 200 15 "-" "Apache-HttpClient/4.3.1 (java 1.5)"
10.101.2.137 - - [21/Jan/2014:11:47:49 +0800] "GET /dangqi/today?callback=jQuery110205731368177142894_1390276069182&_=1390276069183 HTTP/1.1" 200 1159 "http://127.0.0.1/summary.html" "Mozilla/5.0 (Windows NT 6.1; WOW64; rv:26.0) Gecko/20100101 Firefox/26.0"
127.0.0.1 - - [21/Jan/2014:11:48:04 +0800] "POST /vendor/report/login.php HTTP/1.1" 200 15 "-" "Apache-HttpClient/4.3.1 (java 1.5)"
10.101.2.137 - - [21/Jan/2014:11:48:04 +0800] "GET /dangqi/today?callback=jQuery1102007459237385390216_1390276084550&_=1390276084551 HTTP/1.1" 200 1160 "http://127.0.0.1/summary.html" "Mozilla/5.0 (Windows NT 6.1; WOW64; rv:26.0) Gecko/20100101 Firefox/26.0"
127.0.0.1 - - [21/Jan/2014:11:48:10 +0800] "POST /vendor/report/login.php HTTP/1.1" 200 15 "-" "Apache-HttpClient/4.3.1 (java 1.5)"
10.101.2.137 - - [21/Jan/2014:11:48:11 +0800] "GET /dangqi/today?callback=jQuery1102007977262883993186_1390276091206&_=1390276091207 HTTP/1.1" 200 1160 "http://127.0.0.1/summary.html" "Mozilla/5.0 (Windows NT 6.1; WOW64; rv:26.0) Gecko/20100101 Firefox/26.0"
127.0.0.1 - - [21/Jan/2014:11:48:14 +0800] "POST /vendor/report/login.php HTTP/1.1" 200 15 "-" "Apache-HttpClient/4.3.1 (java 1.5)"
10.101.2.137 - - [21/Jan/2014:11:48:15 +0800] "GET /dangqi/today?callback=jQuery110207857636292466572_1390276095224&_=1390276095225 HTTP/1.1" 200 1159 "http://127.0.0.1/summary.html" "Mozilla/5.0 (Windows NT 6.1; WOW64; rv:26.0) Gecko/20100101 Firefox/26.0"
10.101.2.113 - - [21/Jan/2014:11:48:30 +0800] "GET /monitor/show?callback=angular.callbacks._0 HTTP/1.1" 200 66 "http://127.0.0.1/index.html" "Mozilla/5.0 (Windows NT 6.1; WOW64) AppleWebKit/537.36 (KHTML, like Gecko) Chrome/32.0.1700.76 Safari/537.36"
10.101.2.113 - - [21/Jan/2014:11:48:31 +0800] "GET /uservisit/updatepv?callback=jQuery1101022017938131466508_1390276110075&_=1390276110076 HTTP/1.1" 200 68 "http://127.0.0.1/index.html" "Mozilla/5.0 (Windows NT 6.1; WOW64) AppleWebKit/537.36 (KHTML, like Gecko) Chrome/32.0.1700.76 Safari/537.36"
127.0.0.1 - - [21/Jan/2014:11:48:36 +0800] "POST /vendor/report/login.php HTTP/1.1" 200 15 "-" "Apache-HttpClient/4.3.1 (java 1.5)"
10.101.2.137 - - [21/Jan/2014:11:48:37 +0800] "GET /dangqi/today?callback=jQuery1102003384909630347799_1390276116707&_=1390276116708 HTTP/1.1" 200 1160 "http://127.0.0.1/summary.html" "Mozilla/5.0 (Windows NT 6.1; WOW64; rv:26.0) Gecko/20100101 Firefox/26.0"
127.0.0.1 - - [21/Jan/2014:11:48:53 +0800] "POST /vendor/report/login.php HTTP/1.1" 200 15 "-" "Apache-HttpClient/4.3.1 (java 1.5)"
10.101.2.137 - - [21/Jan/2014:11:48:54 +0800] "GET /dangqi/today?callback=jQuery11020008593467031597912_1390276133955&_=1390276133956 HTTP/1.1" 200 1161 "http://127.0.0.1/summary.html" "Mozilla/5.0 (Windows NT 6.1; WOW64; rv:26.0) Gecko/20100101 Firefox/26.0"
127.0.0.1 - - [21/Jan/2014:11:48:57 +0800] "POST /vendor/report/login.php HTTP/1.1" 200 15 "-" "Apache-HttpClient/4.3.1 (java 1.5)"
10.101.2.137 - - [21/Jan/2014:11:48:58 +0800] "GET /dangqi/today?callback=jQuery110203792933260667454_1390276138028&_=1390276138029 HTTP/1.1" 200 1159 "http://127.0.0.1/summary.html" "Mozilla/5.0 (Windows NT 6.1; WOW64; rv:26.0) Gecko/20100101 Firefox/26.0"
10.101.2.113 - - [21/Jan/2014:11:49:06 +0800] "GET /monitor/show?callback=angular.callbacks._0 HTTP/1.1" 200 66 "http://127.0.0.1/index.html" "Mozilla/5.0 (Windows NT 6.1; WOW64) AppleWebKit/537.36 (KHTML, like Gecko) Chrome/32.0.1700.76 Safari/537.36"
10.101.2.113 - - [21/Jan/2014:11:49:06 +0800] "GET /uservisit/updatepv?callback=jQuery1101007362050958909094_1390276145840&_=1390276145841 HTTP/1.1" 200 68 "http://127.0.0.1/index.html" "Mozilla/5.0 (Windows NT 6.1; WOW64) AppleWebKit/537.36 (KHTML, like Gecko) Chrome/32.0.1700.76 Safari/537.36"
127.0.0.1 - - [21/Jan/2014:11:49:21 +0800] "POST /vendor/report/login.php HTTP/1.1" 200 15 "-" "Apache-HttpClient/4.3.1 (java 1.5)"
10.101.2.137 - - [21/Jan/2014:11:49:21 +0800] "GET /dangqi/today?callback=jQuery1102007994921663614907_1390276161234&_=1390276161235 HTTP/1.1" 200 1160 "http://127.0.0.1/summary.html" "Mozilla/5.0 (Windows NT 6.1; WOW64; rv:26.0) Gecko/20100101 Firefox/26.0"
127.0.0.1 - - [21/Jan/2014:11:49:28 +0800] "POST /vendor/report/login.php HTTP/1.1" 200 15 "-" "Apache-HttpClient/4.3.1 (java 1.5)"
10.101.2.137 - - [21/Jan/2014:11:49:29 +0800] "GET /dangqi/today?callback=jQuery1102035485347601255646_1390276168755&_=1390276168756 HTTP/1.1" 200 1160 "http://127.0.0.1/summary.html" "Mozilla/5.0 (Windows NT 6.1; WOW64; rv:26.0) Gecko/20100101 Firefox/26.0"
127.0.0.1 - - [21/Jan/2014:11:49:34 +0800] "POST /vendor/report/login.php HTTP/1.1" 200 15 "-" "Apache-HttpClient/4.3.1 (java 1.5)"
10.101.2.137 - - [21/Jan/2014:11:49:34 +0800] "GET /dangqi/today?callback=jQuery110207397961424705605_1390276174291&_=1390276174292 HTTP/1.1" 200 1159 "http://127.0.0.1/summary.html" "Mozilla/5.0 (Windows NT 6.1; WOW64; rv:26.0) Gecko/20100101 Firefox/26.0"
127.0.0.1 - - [21/Jan/2014:11:49:36 +0800] "POST /vendor/report/login.php HTTP/1.1" 200 15 "-" "Apache-HttpClient/4.3.1 (java 1.5)"
10.101.2.137 - - [21/Jan/2014:11:49:36 +0800] "GET /dangqi/today?callback=jQuery11020507946760757358_1390276176572&_=1390276176573 HTTP/1.1" 200 1158 "http://127.0.0.1/summary.html" "Mozilla/5.0 (Windows NT 6.1; WOW64; rv:26.0) Gecko/20100101 Firefox/26.0"
127.0.0.1 - - [21/Jan/2014:11:49:40 +0800] "POST /vendor/report/login.php HTTP/1.1" 200 15 "-" "Apache-HttpClient/4.3.1 (java 1.5)"
10.101.2.137 - - [21/Jan/2014:11:49:41 +0800] "GET /dangqi/today?callback=jQuery1102023173034003540782_1390276180868&_=1390276180869 HTTP/1.1" 200 1160 "http://127.0.0.1/summary.html" "Mozilla/5.0 (Windows NT 6.1; WOW64; rv:26.0) Gecko/20100101 Firefox/26.0"
127.0.0.1 - - [21/Jan/2014:11:49:54 +0800] "POST /vendor/report/login.php HTTP/1.1" 200 15 "-" "Apache-HttpClient/4.3.1 (java 1.5)"
10.101.2.137 - - [21/Jan/2014:11:49:54 +0800] "GET /dangqi/today?callback=jQuery110201169673765029563_1390276194511&_=1390276194512 HTTP/1.1" 200 1159 "http://127.0.0.1/summary.html" "Mozilla/5.0 (Windows NT 6.1; WOW64; rv:26.0) Gecko/20100101 Firefox/26.0"
127.0.0.1 - - [21/Jan/2014:11:50:10 +0800] "POST /vendor/report/login.php HTTP/1.1" 200 15 "-" "Apache-HttpClient/4.3.1 (java 1.5)"
10.101.2.137 - - [21/Jan/2014:11:50:10 +0800] "GET /dangqi/today?callback=jQuery110209504260525456473_1390276210724&_=1390276210725 HTTP/1.1" 200 1159 "http://127.0.0.1/summary.html" "Mozilla/5.0 (Windows NT 6.1; WOW64; rv:26.0) Gecko/20100101 Firefox/26.0"
127.0.0.1 - - [21/Jan/2014:11:50:14 +0800] "POST /vendor/report/login.php HTTP/1.1" 200 15 "-" "Apache-HttpClient/4.3.1 (java 1.5)"
10.101.2.137 - - [21/Jan/2014:11:50:15 +0800] "GET /dangqi/today?callback=jQuery110203622244730040709_1390276215220&_=1390276215221 HTTP/1.1" 200 1159 "http://127.0.0.1/summary.html" "Mozilla/5.0 (Windows NT 6.1; WOW64; rv:26.0) Gecko/20100101 Firefox/26.0"
127.0.0.1 - - [21/Jan/2014:11:50:26 +0800] "POST /vendor/report/login.php HTTP/1.1" 200 15 "-" "Apache-HttpClient/4.3.1 (java 1.5)"
10.101.2.137 - - [21/Jan/2014:11:50:27 +0800] "GET /dangqi/today?callback=jQuery110202374544317109477_1390276226947&_=1390276226948 HTTP/1.1" 200 1159 "http://127.0.0.1/summary.html" "Mozilla/5.0 (Windows NT 6.1; WOW64; rv:26.0) Gecko/20100101 Firefox/26.0"
127.0.0.1 - - [21/Jan/2014:11:50:28 +0800] "POST /vendor/report/login.php HTTP/1.1" 200 15 "-" "Apache-HttpClient/4.3.1 (java 1.5)"
10.101.2.137 - - [21/Jan/2014:11:50:29 +0800] "GET /dangqi/today?callback=jQuery110207758853179845553_1390276229389&_=1390276229390 HTTP/1.1" 200 1159 "http://127.0.0.1/summary.html" "Mozilla/5.0 (Windows NT 6.1; WOW64; rv:26.0) Gecko/20100101 Firefox/26.0"
127.0.0.1 - - [21/Jan/2014:11:50:40 +0800] "POST /vendor/report/login.php HTTP/1.1" 200 15 "-" "Apache-HttpClient/4.3.1 (java 1.5)"
10.101.2.137 - - [21/Jan/2014:11:50:40 +0800] "GET /dangqi/today?callback=jQuery110206804851622187338_1390276240689&_=1390276240690 HTTP/1.1" 200 1159 "http://127.0.0.1/summary.html" "Mozilla/5.0 (Windows NT 6.1; WOW64; rv:26.0) Gecko/20100101 Firefox/26.0"
10.101.1.193 - - [21/Jan/2014:11:50:51 +0800] "POST /vendor/report/login.php HTTP/1.1" 200 15 "-" "Apache-HttpClient/4.3.1 (java 1.5)"
10.101.1.193 - - [21/Jan/2014:11:50:51 +0800] "POST /vendor/report/login.php HTTP/1.1" 200 15 "-" "Apache-HttpClient/4.3.1 (java 1.5)"
