10.101.1.193 - - [21/Jan/2014:11:50:51 +0800] "POST /vendor/report/login.php HTTP/1.1" 200 15 "-" "Apache-HttpClient/4.3.1 (java 1.5)"
10.101.2.113 - - [21/Jan/2014:11:51:04 +0800] "GET /monitor/show?callback=angular.callbacks._0 HTTP/1.1" 302 0 "http://127.0.0.1/index.html" "Mozilla/5.0 (Windows NT 6.1; WOW64) AppleWebKit/537.36 (KHTML, like Gecko) Chrome/32.0.1700.76 Safari/537.36"
10.101.2.113 - - [21/Jan/2014:11:51:04 +0800] "GET /uservisit/updatepv?callback=jQuery110108468866278417408_1390276263742&_=1390276263743 HTTP/1.1" 302 0 "http://127.0.0.1/index.html" "Mozilla/5.0 (Windows NT 6.1; WOW64) AppleWebKit/537.36 (KHTML, like Gecko) Chrome/32.0.1700.76 Safari/537.36"
10.101.1.193 - - [21/Jan/2014:11:51:05 +0800] "POST /vendor/report/login.php HTTP/1.1" 200 15 "-" "Apache-HttpClient/4.3.1 (java 1.5)"
10.101.1.193 - - [21/Jan/2014:11:51:05 +0800] "POST /vendor/report/login.php HTTP/1.1" 200 15 "-" "Apache-HttpClient/4.3.1 (java 1.5)"
10.101.2.113 - - [21/Jan/2014:11:51:11 +0800] "GET /login/casCallBack?ticket=ST-53648-OA4YPQxZ0WMPqy6Zbrmc-cas.oa.vipshop.com HTTP/1.1" 302 0 "http://127.0.0.1/index.html" "Mozilla/5.0 (Windows NT 6.1; WOW64) AppleWebKit/537.36 (KHTML, like Gecko) Chrome/32.0.1700.76 Safari/537.36"
10.101.2.113 - - [21/Jan/2014:11:51:11 +0800] "GET /index.html HTTP/1.1" 304 0 "http://127.0.0.1/index.html" "Mozilla/5.0 (Windows NT 6.1; WOW64) AppleWebKit/537.36 (KHTML, like Gecko) Chrome/32.0.1700.76 Safari/537.36"
10.101.2.113 - - [21/Jan/2014:11:51:11 +0800] "GET /login/casCallBack?ticket=ST-53649-JrjWrpdDrcxe3NMlFfJI-cas.oa.vipshop.com HTTP/1.1" 302 0 "http://127.0.0.1/index.html" "Mozilla/5.0 (Windows NT 6.1; WOW64) AppleWebKit/537.36 (KHTML, like Gecko) Chrome/32.0.1700.76 Safari/537.36"
10.101.2.113 - - [21/Jan/2014:11:51:13 +0800] "GET /monitor/show?callback=angular.callbacks._0 HTTP/1.1" 200 66 "http://127.0.0.1/index.html" "Mozilla/5.0 (Windows NT 6.1; WOW64) AppleWebKit/537.36 (KHTML, like Gecko) Chrome/32.0.1700.76 Safari/537.36"
10.101.2.113 - - [21/Jan/2014:11:51:13 +0800] "GET /uservisit/updatepv?callback=jQuery1101009036285942420363_1390276272122&_=1390276272123 HTTP/1.1" 200 68 "http://127.0.0.1/index.html" "Mozilla/5.0 (Windows NT 6.1; WOW64) AppleWebKit/537.36 (KHTML, like Gecko) Chrome/32.0.1700.76 Safari/537.36"
10.101.1.193 - - [21/Jan/2014:11:51:35 +0800] "POST /vendor/report/login.php HTTP/1.1" 200 15 "-" "Apache-HttpClient/4.3.1 (java 1.5)"
10.101.1.193 - - [21/Jan/2014:11:51:35 +0800] "POST /vendor/report/login.php HTTP/1.1" 200 15 "-" "Apache-HttpClient/4.3.1 (java 1.5)"
10.101.2.113 - - [21/Jan/2014:11:51:35 +0800] "GET /monitor/show?callback=angular.callbacks._0 HTTP/1.1" 200 66 "http://127.0.0.1/index.html" "Mozilla/5.0 (Windows NT 6.1; WOW64) AppleWebKit/537.36 (KHTML, like Gecko) Chrome/32.0.1700.76 Safari/537.36"
10.101.2.113 - - [21/Jan/2014:11:51:35 +0800] "GET /uservisit/updatepv?callback=jQuery110104844252336770296_1390276294939&_=1390276294940 HTTP/1.1" 200 67 "http://127.0.0.1/index.html" "Mozilla/5.0 (Windows NT 6.1; WOW64) AppleWebKit/537.36 (KHTML, like Gecko) Chrome/32.0.1700.76 Safari/537.36"
10.101.2.113 - - [21/Jan/2014:11:51:44 +0800] "GET /monitor/show?callback=angular.callbacks._0 HTTP/1.1" 302 0 "http://127.0.0.1/index.html" "Mozilla/5.0 (Windows NT 6.1; WOW64) AppleWebKit/537.36 (KHTML, like Gecko) Chrome/32.0.1700.76 Safari/537.36"
10.101.2.113 - - [21/Jan/2014:11:51:44 +0800] "GET /uservisit/updatepv?callback=jQuery110108905696989968419_1390276303684&_=1390276303685 HTTP/1.1" 302 0 "http://127.0.0.1/index.html" "Mozilla/5.0 (Windows NT 6.1; WOW64) AppleWebKit/537.36 (KHTML, like Gecko) Chrome/32.0.1700.76 Safari/537.36"
10.101.2.113 - - [21/Jan/2014:11:51:45 +0800] "GET /login/casCallBack?ticket=ST-53658-KxaScvRPg3GUsA0n9fdB-cas.oa.vipshop.com HTTP/1.1" 302 0 "http://127.0.0.1/index.html" "Mozilla/5.0 (Windows NT 6.1; WOW64) AppleWebKit/537.36 (KHTML, like Gecko) Chrome/32.0.1700.76 Safari/537.36"
10.101.2.113 - - [21/Jan/2014:11:51:45 +0800] "GET /index.html HTTP/1.1" 304 0 "http://127.0.0.1/index.html" "Mozilla/5.0 (Windows NT 6.1; WOW64) AppleWebKit/537.36 (KHTML, like Gecko) Chrome/32.0.1700.76 Safari/537.36"
10.101.2.113 - - [21/Jan/2014:11:51:45 +0800] "GET /login/casCallBack?ticket=ST-53659-3KKjvMuwpc6brdkwZbKk-cas.oa.vipshop.com HTTP/1.1" 302 0 "http://127.0.0.1/index.html" "Mozilla/5.0 (Windows NT 6.1; WOW64) AppleWebKit/537.36 (KHTML, like Gecko) Chrome/32.0.1700.76 Safari/537.36"
10.101.2.113 - - [21/Jan/2014:11:51:45 +0800] "GET /index.html HTTP/1.1" 304 0 "http://127.0.0.1/index.html" "Mozilla/5.0 (Windows NT 6.1; WOW64) AppleWebKit/537.36 (KHTML, like Gecko) Chrome/32.0.1700.76 Safari/537.36"
10.101.1.193 - - [21/Jan/2014:11:51:53 +0800] "POST /vendor/report/login.php HTTP/1.1" 200 15 "-" "Apache-HttpClient/4.3.1 (java 1.5)"
10.101.1.193 - - [21/Jan/2014:11:51:55 +0800] "POST /vendor/report/login.php HTTP/1.1" 200 15 "-" "Apache-HttpClient/4.3.1 (java 1.5)"
10.101.1.193 - - [21/Jan/2014:11:51:55 +0800] "POST /vendor/report/login.php HTTP/1.1" 200 15 "-" "Apache-HttpClient/4.3.1 (java 1.5)"
10.101.2.113 - - [21/Jan/2014:11:52:37 +0800] "GET /monitor/show?callback=angular.callbacks._0 HTTP/1.1" 302 0 "http://127.0.0.1/index.html" "Mozilla/5.0 (Windows NT 6.1; WOW64) AppleWebKit/537.36 (KHTML, like Gecko) Chrome/32.0.1700.76 Safari/537.36"
10.101.2.113 - - [21/Jan/2014:11:52:37 +0800] "GET /uservisit/updatepv?callback=jQuery110102523945209104568_1390276357096&_=1390276357097 HTTP/1.1" 302 0 "http://127.0.0.1/index.html" "Mozilla/5.0 (Windows NT 6.1; WOW64) AppleWebKit/537.36 (KHTML, like Gecko) Chrome/32.0.1700.76 Safari/537.36"
10.101.2.113 - - [21/Jan/2014:11:52:38 +0800] "GET /login/casCallBack?ticket=ST-53666-kqhMbEpmxyfQnswcN4eL-cas.oa.vipshop.com HTTP/1.1" 302 0 "http://127.0.0.1/index.html" "Mozilla/5.0 (Windows NT 6.1; WOW64) AppleWebKit/537.36 (KHTML, like Gecko) Chrome/32.0.1700.76 Safari/537.36"
10.101.2.113 - - [21/Jan/2014:11:52:38 +0800] "GET /index.html HTTP/1.1" 304 0 "http://127.0.0.1/index.html" "Mozilla/5.0 (Windows NT 6.1; WOW64) AppleWebKit/537.36 (KHTML, like Gecko) Chrome/32.0.1700.76 Safari/537.36"
10.101.2.113 - - [21/Jan/2014:11:52:38 +0800] "GET /login/casCallBack?ticket=ST-53667-fGuo2EeGe022TYbfqBnp-cas.oa.vipshop.com HTTP/1.1" 302 0 "http://127.0.0.1/index.html" "Mozilla/5.0 (Windows NT 6.1; WOW64) AppleWebKit/537.36 (KHTML, like Gecko) Chrome/32.0.1700.76 Safari/537.36"
10.101.2.113 - - [21/Jan/2014:11:52:38 +0800] "GET /index.html HTTP/1.1" 304 0 "http://127.0.0.1/index.html" "Mozilla/5.0 (Windows NT 6.1; WOW64) AppleWebKit/537.36 (KHTML, like Gecko) Chrome/32.0.1700.76 Safari/537.36"
127.0.0.1 - - [21/Jan/2014:11:53:06 +0800] "POST /vendor/report/login.php HTTP/1.1" 200 15 "-" "Apache-HttpClient/4.3.1 (java 1.5)"
127.0.0.1 - - [21/Jan/2014:11:53:06 +0800] "POST /vendor/report/login.php HTTP/1.1" 200 15 "-" "Apache-HttpClient/4.3.1 (java 1.5)"
10.101.2.32 - - [21/Jan/2014:11:53:06 +0800] "GET /dangqi/realTime/overview?callback=jQuery110208458467901218683_1390276345213&_=1390276345214 HTTP/1.1" 200 98 "http://compass.vis.vipshop.com/summary.html" "Mozilla/5.0 (Windows NT 6.1; WOW64) AppleWebKit/537.36 (KHTML, like Gecko) Chrome/32.0.1700.76 Safari/537.36"
10.101.2.32 - - [21/Jan/2014:11:53:06 +0800] "GET /dangqi/realTime/detail?callback=jQuery110208458467901218683_1390276345215&_=1390276345216 HTTP/1.1" 200 96 "http://compass.vis.vipshop.com/summary.html" "Mozilla/5.0 (Windows NT 6.1; WOW64) AppleWebKit/537.36 (KHTML, like Gecko) Chrome/32.0.1700.76 Safari/537.36"
127.0.0.1 - - [21/Jan/2014:11:53:13 +0800] "POST /vendor/report/login.php HTTP/1.1" 200 15 "-" "Apache-HttpClient/4.3.1 (java 1.5)"
127.0.0.1 - - [21/Jan/2014:11:53:13 +0800] "POST /vendor/report/login.php HTTP/1.1" 200 15 "-" "Apache-HttpClient/4.3.1 (java 1.5)"
10.101.2.32 - - [21/Jan/2014:11:53:13 +0800] "GET /dangqi/latest/overview?callback=jQuery110208458467901218683_1390276345215&_=1390276345217 HTTP/1.1" 200 98 "http://compass.vis.vipshop.com/summary.html" "Mozilla/5.0 (Windows NT 6.1; WOW64) AppleWebKit/537.36 (KHTML, like Gecko) Chrome/32.0.1700.76 Safari/537.36"
10.101.2.32 - - [21/Jan/2014:11:53:13 +0800] "GET /dangqi/latest/detail?callback=jQuery110208458467901218683_1390276345213&_=1390276345218 HTTP/1.1" 200 96 "http://compass.vis.vipshop.com/summary.html" "Mozilla/5.0 (Windows NT 6.1; WOW64) AppleWebKit/537.36 (KHTML, like Gecko) Chrome/32.0.1700.76 Safari/537.36"
127.0.0.1 - - [21/Jan/2014:11:53:15 +0800] "POST /vendor/report/login.php HTTP/1.1" 200 15 "-" "Apache-HttpClient/4.3.1 (java 1.5)"
127.0.0.1 - - [21/Jan/2014:11:53:15 +0800] "POST /vendor/report/login.php HTTP/1.1" 200 15 "-" "Apache-HttpClient/4.3.1 (java 1.5)"
10.101.2.32 - - [21/Jan/2014:11:53:15 +0800] "GET /dangqi/last30Days/detail?callback=jQuery110208458467901218683_1390276345215&_=1390276345220 HTTP/1.1" 200 96 "http://compass.vis.vipshop.com/summary.html" "Mozilla/5.0 (Windows NT 6.1; WOW64) AppleWebKit/537.36 (KHTML, like Gecko) Chrome/32.0.1700.76 Safari/537.36"
10.101.2.32 - - [21/Jan/2014:11:53:15 +0800] "GET /dangqi/last30Days/overview?callback=jQuery110208458467901218683_1390276345213&_=1390276345219 HTTP/1.1" 200 98 "http://compass.vis.vipshop.com/summary.html" "Mozilla/5.0 (Windows NT 6.1; WOW64) AppleWebKit/537.36 (KHTML, like Gecko) Chrome/32.0.1700.76 Safari/537.36"
127.0.0.1 - - [21/Jan/2014:11:53:16 +0800] "POST /vendor/report/login.php HTTP/1.1" 200 15 "-" "Apache-HttpClient/4.3.1 (java 1.5)"
127.0.0.1 - - [21/Jan/2014:11:53:16 +0800] "POST /vendor/report/login.php HTTP/1.1" 200 15 "-" "Apache-HttpClient/4.3.1 (java 1.5)"
10.101.2.32 - - [21/Jan/2014:11:53:16 +0800] "GET /dangqi/lastNaturalMonth/detail?callback=jQuery110208458467901218683_1390276345215&_=1390276345222 HTTP/1.1" 200 96 "http://compass.vis.vipshop.com/summary.html" "Mozilla/5.0 (Windows NT 6.1; WOW64) AppleWebKit/537.36 (KHTML, like Gecko) Chrome/32.0.1700.76 Safari/537.36"
10.101.2.32 - - [21/Jan/2014:11:53:16 +0800] "GET /dangqi/lastNaturalMonth/overview?callback=jQuery110208458467901218683_1390276345213&_=1390276345221 HTTP/1.1" 200 98 "http://compass.vis.vipshop.com/summary.html" "Mozilla/5.0 (Windows NT 6.1; WOW64) AppleWebKit/537.36 (KHTML, like Gecko) Chrome/32.0.1700.76 Safari/537.36"
127.0.0.1 - - [21/Jan/2014:11:53:17 +0800] "POST /vendor/report/login.php HTTP/1.1" 200 15 "-" "Apache-HttpClient/4.3.1 (java 1.5)"
127.0.0.1 - - [21/Jan/2014:11:53:17 +0800] "POST /vendor/report/login.php HTTP/1.1" 200 15 "-" "Apache-HttpClient/4.3.1 (java 1.5)"
10.101.2.32 - - [21/Jan/2014:11:53:17 +0800] "GET /dangqi/lastSeason/detail?callback=jQuery110208458467901218683_1390276345215&_=1390276345224 HTTP/1.1" 200 96 "http://compass.vis.vipshop.com/summary.html" "Mozilla/5.0 (Windows NT 6.1; WOW64) AppleWebKit/537.36 (KHTML, like Gecko) Chrome/32.0.1700.76 Safari/537.36"
10.101.2.32 - - [21/Jan/2014:11:53:18 +0800] "GET /dangqi/lastSeason/overview?callback=jQuery110208458467901218683_1390276345213&_=1390276345223 HTTP/1.1" 200 98 "http://compass.vis.vipshop.com/summary.html" "Mozilla/5.0 (Windows NT 6.1; WOW64) AppleWebKit/537.36 (KHTML, like Gecko) Chrome/32.0.1700.76 Safari/537.36"
10.101.2.113 - - [21/Jan/2014:11:54:16 +0800] "GET /uservisit/updatepv?callback=jQuery1101025671242387034_1390276455165&_=1390276455166 HTTP/1.1" 302 0 "http://127.0.0.1/index.html" "Mozilla/5.0 (Windows NT 6.1; WOW64) AppleWebKit/537.36 (KHTML, like Gecko) Chrome/32.0.1700.76 Safari/537.36"
10.101.2.113 - - [21/Jan/2014:11:54:17 +0800] "GET /login/casCallBack?ticket=ST-53688-QxvczooZJ0LdOg9RIAj2-cas.oa.vipshop.com HTTP/1.1" 302 0 "http://127.0.0.1/index.html" "Mozilla/5.0 (Windows NT 6.1; WOW64) AppleWebKit/537.36 (KHTML, like Gecko) Chrome/32.0.1700.76 Safari/537.36"
127.0.0.1 - - [21/Jan/2014:11:55:54 +0800] "POST /vendor/report/login.php HTTP/1.1" 200 15 "-" "Apache-HttpClient/4.3.1 (java 1.5)"
10.101.2.137 - - [21/Jan/2014:11:55:55 +0800] "GET /dangqi/today?callback=jQuery11020540482851275442_1390276555196&_=1390276555197 HTTP/1.1" 200 1158 "http://127.0.0.1/summary.html" "Mozilla/5.0 (Windows NT 6.1; WOW64; rv:26.0) Gecko/20100101 Firefox/26.0"
10.101.2.113 - - [21/Jan/2014:11:55:56 +0800] "GET /monitor/show?callback=angular.callbacks._0 HTTP/1.1" 200 66 "http://127.0.0.1/index.html" "Mozilla/5.0 (Windows NT 6.1; WOW64) AppleWebKit/537.36 (KHTML, like Gecko) Chrome/32.0.1700.76 Safari/537.36"
10.101.2.113 - - [21/Jan/2014:11:55:56 +0800] "GET /uservisit/updatepv?callback=jQuery110105944463007617742_1390276555343&_=1390276555344 HTTP/1.1" 200 67 "http://127.0.0.1/index.html" "Mozilla/5.0 (Windows NT 6.1; WOW64) AppleWebKit/537.36 (KHTML, like Gecko) Chrome/32.0.1700.76 Safari/537.36"
127.0.0.1 - - [21/Jan/2014:11:56:17 +0800] "POST /vendor/report/login.php HTTP/1.1" 200 15 "-" "Apache-HttpClient/4.3.1 (java 1.5)"
10.101.2.137 - - [21/Jan/2014:11:56:18 +0800] "GET /dangqi/today?callback=jQuery110207344320204260903_1390276578422&_=1390276578423 HTTP/1.1" 200 1159 "http://127.0.0.1/summary.html" "Mozilla/5.0 (Windows NT 6.1; WOW64; rv:26.0) Gecko/20100101 Firefox/26.0"
127.0.0.1 - - [21/Jan/2014:11:56:20 +0800] "POST /vendor/report/login.php HTTP/1.1" 200 15 "-" "Apache-HttpClient/4.3.1 (java 1.5)"
10.101.2.137 - - [21/Jan/2014:11:56:20 +0800] "GET /dangqi/today?callback=jQuery1102037229429579548245_1390276580864&_=1390276580865 HTTP/1.1" 200 1160 "http://127.0.0.1/summary.html" "Mozilla/5.0 (Windows NT 6.1; WOW64; rv:26.0) Gecko/20100101 Firefox/26.0"
10.101.2.113 - - [21/Jan/2014:11:56:21 +0800] "GET /monitor/show?callback=angular.callbacks._0 HTTP/1.1" 200 66 "http://127.0.0.1/index.html" "Mozilla/5.0 (Windows NT 6.1; WOW64) AppleWebKit/537.36 (KHTML, like Gecko) Chrome/32.0.1700.76 Safari/537.36"
10.101.2.113 - - [21/Jan/2014:11:56:21 +0800] "GET /uservisit/updatepv?callback=jQuery11010682130272500217_1390276580370&_=1390276580371 HTTP/1.1" 200 66 "http://127.0.0.1/index.html" "Mozilla/5.0 (Windows NT 6.1; WOW64) AppleWebKit/537.36 (KHTML, like Gecko) Chrome/32.0.1700.76 Safari/537.36"
10.101.2.113 - - [21/Jan/2014:11:56:34 +0800] "GET /monitor/show?callback=angular.callbacks._0 HTTP/1.1" 200 66 "http://127.0.0.1/index.html" "Mozilla/5.0 (Windows NT 6.1; WOW64) AppleWebKit/537.36 (KHTML, like Gecko) Chrome/32.0.1700.76 Safari/537.36"
10.101.2.113 - - [21/Jan/2014:11:56:34 +0800] "GET /uservisit/updatepv?callback=jQuery110107532294425182045_1390276593312&_=1390276593313 HTTP/1.1" 200 67 "http://127.0.0.1/index.html" "Mozilla/5.0 (Windows NT 6.1; WOW64) AppleWebKit/537.36 (KHTML, like Gecko) Chrome/32.0.1700.76 Safari/537.36"
10.101.2.113 - - [21/Jan/2014:11:56:44 +0800] "GET /monitor/show?callback=angular.callbacks._0 HTTP/1.1" 200 66 "http://127.0.0.1/index.html" "Mozilla/5.0 (Windows NT 6.1; WOW64) AppleWebKit/537.36 (KHTML, like Gecko) Chrome/32.0.1700.76 Safari/537.36"
10.101.2.113 - - [21/Jan/2014:11:56:44 +0800] "GET /uservisit/updatepv?callback=jQuery1101026649318216368556_1390276603168&_=1390276603169 HTTP/1.1" 200 68 "http://127.0.0.1/index.html" "Mozilla/5.0 (Windows NT 6.1; WOW64) AppleWebKit/537.36 (KHTML, like Gecko) Chrome/32.0.1700.76 Safari/537.36"
192.168.52.225 - - [21/Jan/2014:11:56:44 +0800] "POST /vendor/report/login.php HTTP/1.1" 200 15 "-" "Apache-HttpClient/4.3.1 (java 1.5)"
192.168.52.225 - - [21/Jan/2014:11:56:45 +0800] "POST /vendor/report/login.php HTTP/1.1" 200 15 "-" "Apache-HttpClient/4.3.1 (java 1.5)"
192.168.52.225 - - [21/Jan/2014:11:56:45 +0800] "POST /vendor/report/login.php HTTP/1.1" 200 15 "-" "Apache-HttpClient/4.3.1 (java 1.5)"
127.0.0.1 - - [21/Jan/2014:11:56:54 +0800] "POST /vendor/report/login.php HTTP/1.1" 200 15 "-" "Apache-HttpClient/4.3.1 (java 1.5)"
10.101.2.137 - - [21/Jan/2014:11:56:54 +0800] "GET /dangqi/today?callback=jQuery1102033080582317002405_1390276614736&_=1390276614737 HTTP/1.1" 200 1160 "http://127.0.0.1/summary.html" "Mozilla/5.0 (Windows NT 6.1; WOW64; rv:26.0) Gecko/20100101 Firefox/26.0"
127.0.0.1 - - [21/Jan/2014:11:57:06 +0800] "POST /vendor/report/login.php HTTP/1.1" 200 15 "-" "Apache-HttpClient/4.3.1 (java 1.5)"
10.101.2.137 - - [21/Jan/2014:11:57:07 +0800] "GET /dangqi/today?callback=jQuery110208691652577335613_1390276627159&_=1390276627160 HTTP/1.1" 200 1159 "http://127.0.0.1/summary.html" "Mozilla/5.0 (Windows NT 6.1; WOW64; rv:26.0) Gecko/20100101 Firefox/26.0"
127.0.0.1 - - [21/Jan/2014:11:57:32 +0800] "POST /vendor/report/login.php HTTP/1.1" 200 15 "-" "Apache-HttpClient/4.3.1 (java 1.5)"
10.101.2.137 - - [21/Jan/2014:11:57:33 +0800] "GET /dangqi/today?callback=jQuery1102014252137814623478_1390276653430&_=1390276653431 HTTP/1.1" 200 1160 "http://127.0.0.1/summary.html" "Mozilla/5.0 (Windows NT 6.1; WOW64; rv:26.0) Gecko/20100101 Firefox/26.0"
127.0.0.1 - - [21/Jan/2014:11:58:09 +0800] "POST /vendor/report/login.php HTTP/1.1" 200 15 "-" "Apache-HttpClient/4.3.1 (java 1.5)"
10.101.2.137 - - [21/Jan/2014:11:58:09 +0800] "GET /dangqi/today?callback=jQuery110209233393804904038_1390276689632&_=1390276689633 HTTP/1.1" 200 1159 "http://127.0.0.1/summary.html" "Mozilla/5.0 (Windows NT 6.1; WOW64; rv:26.0) Gecko/20100101 Firefox/26.0"
127.0.0.1 - - [21/Jan/2014:11:58:16 +0800] "POST /vendor/report/login.php HTTP/1.1" 200 15 "-" "Apache-HttpClient/4.3.1 (java 1.5)"
10.101.2.137 - - [21/Jan/2014:11:58:16 +0800] "GET /dangqi/today?callback=jQuery1102011750350338322446_1390276696906&_=1390276696907 HTTP/1.1" 200 1160 "http://127.0.0.1/summary.html" "Mozilla/5.0 (Windows NT 6.1; WOW64; rv:26.0) Gecko/20100101 Firefox/26.0"
10.101.2.113 - - [21/Jan/2014:12:03:51 +0800] "GET /monitor/show?callback=angular.callbacks._0 HTTP/1.1" 200 66 "http://127.0.0.1/index.html" "Mozilla/5.0 (Windows NT 6.1; WOW64) AppleWebKit/537.36 (KHTML, like Gecko) Chrome/32.0.1700.76 Safari/537.36"
10.101.2.113 - - [21/Jan/2014:12:03:51 +0800] "GET /uservisit/updatepv?callback=jQuery1101024843429657630622_1390277030312&_=1390277030313 HTTP/1.1" 200 68 "http://127.0.0.1/index.html" "Mozilla/5.0 (Windows NT 6.1; WOW64) AppleWebKit/537.36 (KHTML, like Gecko) Chrome/32.0.1700.76 Safari/537.36"
10.101.1.193 - - [21/Jan/2014:12:04:08 +0800] "POST /vendor/report/login.php HTTP/1.1" 200 15 "-" "Apache-HttpClient/4.3.1 (java 1.5)"
10.101.1.193 - - [21/Jan/2014:12:04:08 +0800] "POST /vendor/report/login.php HTTP/1.1" 200 15 "-" "Apache-HttpClient/4.3.1 (java 1.5)"
10.101.1.193 - - [21/Jan/2014:12:04:08 +0800] "POST /vendor/report/login.php HTTP/1.1" 200 15 "-" "Apache-HttpClient/4.3.1 (java 1.5)"
10.101.1.193 - - [21/Jan/2014:12:04:22 +0800] "POST /vendor/report/login.php HTTP/1.1" 200 15 "-" "Apache-HttpClient/4.3.1 (java 1.5)"
10.101.1.193 - - [21/Jan/2014:12:04:22 +0800] "POST /vendor/report/login.php HTTP/1.1" 200 15 "-" "Apache-HttpClient/4.3.1 (java 1.5)"
10.101.1.193 - - [21/Jan/2014:12:04:23 +0800] "POST /vendor/report/login.php HTTP/1.1" 200 15 "-" "Apache-HttpClient/4.3.1 (java 1.5)"
10.101.2.113 - - [21/Jan/2014:12:04:38 +0800] "GET /monitor/show?callback=angular.callbacks._0 HTTP/1.1" 200 66 "http://127.0.0.1/index.html" "Mozilla/5.0 (Windows NT 6.1; WOW64) AppleWebKit/537.36 (KHTML, like Gecko) Chrome/32.0.1700.76 Safari/537.36"
10.101.2.113 - - [21/Jan/2014:12:04:38 +0800] "GET /uservisit/updatepv?callback=jQuery1101003808559477329254_1390277077847&_=1390277077848 HTTP/1.1" 200 68 "http://127.0.0.1/index.html" "Mozilla/5.0 (Windows NT 6.1; WOW64) AppleWebKit/537.36 (KHTML, like Gecko) Chrome/32.0.1700.76 Safari/537.36"
10.101.1.193 - - [21/Jan/2014:12:04:57 +0800] "POST /vendor/report/login.php HTTP/1.1" 200 15 "-" "Apache-HttpClient/4.3.1 (java 1.5)"
10.101.1.193 - - [21/Jan/2014:12:05:07 +0800] "POST /vendor/report/login.php HTTP/1.1" 200 15 "-" "Apache-HttpClient/4.3.1 (java 1.5)"
10.101.1.193 - - [21/Jan/2014:12:05:08 +0800] "POST /vendor/report/login.php HTTP/1.1" 200 15 "-" "Apache-HttpClient/4.3.1 (java 1.5)"
10.101.1.193 - - [21/Jan/2014:12:05:08 +0800] "POST /vendor/report/login.php HTTP/1.1" 200 15 "-" "Apache-HttpClient/4.3.1 (java 1.5)"
10.101.1.193 - - [21/Jan/2014:12:05:08 +0800] "POST /vendor/report/login.php HTTP/1.1" 200 15 "-" "Apache-HttpClient/4.3.1 (java 1.5)"
10.101.1.193 - - [21/Jan/2014:12:05:46 +0800] "POST /vendor/report/login.php HTTP/1.1" 200 15 "-" "Apache-HttpClient/4.3.1 (java 1.5)"
10.101.1.193 - - [21/Jan/2014:12:05:46 +0800] "POST /vendor/report/login.php HTTP/1.1" 200 15 "-" "Apache-HttpClient/4.3.1 (java 1.5)"
10.101.1.193 - - [21/Jan/2014:12:05:49 +0800] "POST /vendor/report/login.php HTTP/1.1" 200 15 "-" "Apache-HttpClient/4.3.1 (java 1.5)"
10.101.2.113 - - [21/Jan/2014:12:06:32 +0800] "GET /monitor/show?callback=angular.callbacks._0 HTTP/1.1" 302 0 "http://127.0.0.1/index.html" "Mozilla/5.0 (Windows NT 6.1; WOW64) AppleWebKit/537.36 (KHTML, like Gecko) Chrome/32.0.1700.76 Safari/537.36"
10.101.2.113 - - [21/Jan/2014:12:06:32 +0800] "GET /uservisit/updatepv?callback=jQuery110107510968237183988_1390277191841&_=1390277191842 HTTP/1.1" 302 0 "http://127.0.0.1/index.html" "Mozilla/5.0 (Windows NT 6.1; WOW64) AppleWebKit/537.36 (KHTML, like Gecko) Chrome/32.0.1700.76 Safari/537.36"
10.101.2.113 - - [21/Jan/2014:12:06:38 +0800] "GET /login/casCallBack?ticket=ST-53787-9L2njnnCBKay3f3A2EUM-cas.oa.vipshop.com HTTP/1.1" 302 0 "http://127.0.0.1/index.html" "Mozilla/5.0 (Windows NT 6.1; WOW64) AppleWebKit/537.36 (KHTML, like Gecko) Chrome/32.0.1700.76 Safari/537.36"
10.101.2.113 - - [21/Jan/2014:12:06:38 +0800] "GET /login/casCallBack?ticket=ST-53788-IpZ2Yd136yDCEot46wmb-cas.oa.vipshop.com HTTP/1.1" 302 0 "http://127.0.0.1/index.html" "Mozilla/5.0 (Windows NT 6.1; WOW64) AppleWebKit/537.36 (KHTML, like Gecko) Chrome/32.0.1700.76 Safari/537.36"
10.101.2.113 - - [21/Jan/2014:12:06:38 +0800] "GET /index.html HTTP/1.1" 304 0 "http://127.0.0.1/index.html" "Mozilla/5.0 (Windows NT 6.1; WOW64) AppleWebKit/537.36 (KHTML, like Gecko) Chrome/32.0.1700.76 Safari/537.36"
10.101.1.193 - - [21/Jan/2014:12:06:39 +0800] "POST /vendor/report/login.php HTTP/1.1" 200 15 "-" "Apache-HttpClient/4.3.1 (java 1.5)"
10.101.1.193 - - [21/Jan/2014:12:06:39 +0800] "POST /vendor/report/login.php HTTP/1.1" 200 15 "-" "Apache-HttpClient/4.3.1 (java 1.5)"
10.101.1.193 - - [21/Jan/2014:12:06:39 +0800] "POST /vendor/report/login.php HTTP/1.1" 200 15 "-" "Apache-HttpClient/4.3.1 (java 1.5)"
10.101.2.113 - - [21/Jan/2014:12:06:52 +0800] "GET /monitor/show?callback=angular.callbacks._0 HTTP/1.1" 200 66 "http://127.0.0.1/index.html" "Mozilla/5.0 (Windows NT 6.1; WOW64) AppleWebKit/537.36 (KHTML, like Gecko) Chrome/32.0.1700.76 Safari/537.36"
10.101.2.113 - - [21/Jan/2014:12:06:52 +0800] "GET /uservisit/updatepv?callback=jQuery1101036344167753122747_1390277211453&_=1390277211454 HTTP/1.1" 200 68 "http://127.0.0.1/index.html" "Mozilla/5.0 (Windows NT 6.1; WOW64) AppleWebKit/537.36 (KHTML, like Gecko) Chrome/32.0.1700.76 Safari/537.36"
10.101.1.193 - - [21/Jan/2014:12:06:52 +0800] "POST /vendor/report/login.php HTTP/1.1" 200 15 "-" "Apache-HttpClient/4.3.1 (java 1.5)"
10.101.1.193 - - [21/Jan/2014:12:06:52 +0800] "POST /vendor/report/login.php HTTP/1.1" 200 15 "-" "Apache-HttpClient/4.3.1 (java 1.5)"
10.101.1.193 - - [21/Jan/2014:12:06:53 +0800] "POST /vendor/report/login.php HTTP/1.1" 200 15 "-" "Apache-HttpClient/4.3.1 (java 1.5)"
10.101.1.193 - - [21/Jan/2014:12:08:24 +0800] "POST /vendor/report/login.php HTTP/1.1" 200 15 "-" "Apache-HttpClient/4.3.1 (java 1.5)"
10.101.1.193 - - [21/Jan/2014:12:08:25 +0800] "POST /vendor/report/login.php HTTP/1.1" 200 15 "-" "Apache-HttpClient/4.3.1 (java 1.5)"
10.101.1.193 - - [21/Jan/2014:12:08:25 +0800] "POST /vendor/report/login.php HTTP/1.1" 200 15 "-" "Apache-HttpClient/4.3.1 (java 1.5)"
10.101.1.193 - - [21/Jan/2014:12:08:34 +0800] "POST /vendor/report/login.php HTTP/1.1" 200 15 "-" "Apache-HttpClient/4.3.1 (java 1.5)"
10.101.1.193 - - [21/Jan/2014:12:08:35 +0800] "POST /vendor/report/login.php HTTP/1.1" 200 15 "-" "Apache-HttpClient/4.3.1 (java 1.5)"
10.101.1.193 - - [21/Jan/2014:12:08:35 +0800] "POST /vendor/report/login.php HTTP/1.1" 200 15 "-" "Apache-HttpClient/4.3.1 (java 1.5)"
10.101.2.113 - - [21/Jan/2014:12:09:26 +0800] "GET /monitor/show?callback=angular.callbacks._0 HTTP/1.1" 302 0 "http://127.0.0.1/index.html" "Mozilla/5.0 (Windows NT 6.1; WOW64) AppleWebKit/537.36 (KHTML, like Gecko) Chrome/32.0.1700.76 Safari/537.36"
10.101.2.113 - - [21/Jan/2014:12:09:27 +0800] "GET /uservisit/updatepv?callback=jQuery1101043394543533213437_1390277366208&_=1390277366209 HTTP/1.1" 302 0 "http://127.0.0.1/index.html" "Mozilla/5.0 (Windows NT 6.1; WOW64) AppleWebKit/537.36 (KHTML, like Gecko) Chrome/32.0.1700.76 Safari/537.36"
10.101.2.113 - - [21/Jan/2014:12:09:32 +0800] "GET /login/casCallBack?ticket=ST-53804-Gc0KccC51lPDDwoAjbvr-cas.oa.vipshop.com HTTP/1.1" 302 0 "http://127.0.0.1/index.html" "Mozilla/5.0 (Windows NT 6.1; WOW64) AppleWebKit/537.36 (KHTML, like Gecko) Chrome/32.0.1700.76 Safari/537.36"
10.101.2.113 - - [21/Jan/2014:12:09:32 +0800] "GET /index.html HTTP/1.1" 304 0 "http://127.0.0.1/index.html" "Mozilla/5.0 (Windows NT 6.1; WOW64) AppleWebKit/537.36 (KHTML, like Gecko) Chrome/32.0.1700.76 Safari/537.36"
10.101.2.113 - - [21/Jan/2014:12:09:32 +0800] "GET /login/casCallBack?ticket=ST-53803-PAHBC3G7KWeMgbDDBmn3-cas.oa.vipshop.com HTTP/1.1" 302 0 "http://127.0.0.1/index.html" "Mozilla/5.0 (Windows NT 6.1; WOW64) AppleWebKit/537.36 (KHTML, like Gecko) Chrome/32.0.1700.76 Safari/537.36"
10.101.2.113 - - [21/Jan/2014:12:09:32 +0800] "GET /index.html HTTP/1.1" 304 0 "http://127.0.0.1/index.html" "Mozilla/5.0 (Windows NT 6.1; WOW64) AppleWebKit/537.36 (KHTML, like Gecko) Chrome/32.0.1700.76 Safari/537.36"
10.101.1.193 - - [21/Jan/2014:12:09:47 +0800] "POST /vendor/report/login.php HTTP/1.1" 200 15 "-" "Apache-HttpClient/4.3.1 (java 1.5)"
10.101.1.193 - - [21/Jan/2014:12:09:47 +0800] "POST /vendor/report/login.php HTTP/1.1" 200 15 "-" "Apache-HttpClient/4.3.1 (java 1.5)"
10.101.1.193 - - [21/Jan/2014:12:09:47 +0800] "POST /vendor/report/login.php HTTP/1.1" 200 15 "-" "Apache-HttpClient/4.3.1 (java 1.5)"
10.101.1.193 - - [21/Jan/2014:12:10:01 +0800] "POST /vendor/report/login.php HTTP/1.1" 200 15 "-" "Apache-HttpClient/4.3.1 (java 1.5)"
10.101.1.193 - - [21/Jan/2014:12:10:01 +0800] "POST /vendor/report/login.php HTTP/1.1" 200 15 "-" "Apache-HttpClient/4.3.1 (java 1.5)"
10.101.1.193 - - [21/Jan/2014:12:10:02 +0800] "POST /vendor/report/login.php HTTP/1.1" 200 15 "-" "Apache-HttpClient/4.3.1 (java 1.5)"
10.101.2.113 - - [21/Jan/2014:12:10:10 +0800] "GET /uservisit/updatepv?callback=jQuery1101043394543533213437_1390277366208&_=1390277366211 HTTP/1.1" 200 68 "http://127.0.0.1/index.html" "Mozilla/5.0 (Windows NT 6.1; WOW64) AppleWebKit/537.36 (KHTML, like Gecko) Chrome/32.0.1700.76 Safari/537.36"
10.101.2.113 - - [21/Jan/2014:12:10:30 +0800] "GET /uservisit/updatepv?callback=jQuery1101043394543533213437_1390277366208&_=1390277366213 HTTP/1.1" 200 68 "http://127.0.0.1/index.html" "Mozilla/5.0 (Windows NT 6.1; WOW64) AppleWebKit/537.36 (KHTML, like Gecko) Chrome/32.0.1700.76 Safari/537.36"
10.101.2.113 - - [21/Jan/2014:12:10:33 +0800] "GET /uservisit/updatepv?callback=jQuery110105981677677482367_1390277431957&_=1390277431958 HTTP/1.1" 200 67 "http://127.0.0.1/index.html" "Mozilla/5.0 (Windows NT 6.1; WOW64) AppleWebKit/537.36 (KHTML, like Gecko) Chrome/32.0.1700.76 Safari/537.36"
10.101.2.113 - - [21/Jan/2014:12:10:33 +0800] "GET /uservisit/updatepv?callback=jQuery110105981677677482367_1390277431957&_=1390277431960 HTTP/1.1" 200 67 "http://127.0.0.1/index.html" "Mozilla/5.0 (Windows NT 6.1; WOW64) AppleWebKit/537.36 (KHTML, like Gecko) Chrome/32.0.1700.76 Safari/537.36"
10.101.2.113 - - [21/Jan/2014:12:10:34 +0800] "GET /uservisit/updatepv?callback=jQuery110105981677677482367_1390277431957&_=1390277431962 HTTP/1.1" 200 67 "http://127.0.0.1/index.html" "Mozilla/5.0 (Windows NT 6.1; WOW64) AppleWebKit/537.36 (KHTML, like Gecko) Chrome/32.0.1700.76 Safari/537.36"
10.101.2.113 - - [21/Jan/2014:12:10:56 +0800] "GET /ranking/categories?&callback=jQuery110105981677677482367_1390277431964&_=1390277431965 HTTP/1.1" 200 121 "http://127.0.0.1/index.html" "Mozilla/5.0 (Windows NT 6.1; WOW64) AppleWebKit/537.36 (KHTML, like Gecko) Chrome/32.0.1700.76 Safari/537.36"
10.101.2.113 - - [21/Jan/2014:12:11:11 +0800] "GET /uservisit/updatepv?callback=jQuery110105981677677482367_1390277431964&_=1390277431966 HTTP/1.1" 200 67 "http://127.0.0.1/index.html" "Mozilla/5.0 (Windows NT 6.1; WOW64) AppleWebKit/537.36 (KHTML, like Gecko) Chrome/32.0.1700.76 Safari/537.36"
10.101.2.113 - - [21/Jan/2014:12:11:12 +0800] "GET /uservisit/updatepv?callback=jQuery110105981677677482367_1390277431964&_=1390277431968 HTTP/1.1" 200 67 "http://127.0.0.1/index.html" "Mozilla/5.0 (Windows NT 6.1; WOW64) AppleWebKit/537.36 (KHTML, like Gecko) Chrome/32.0.1700.76 Safari/537.36"
10.101.2.113 - - [21/Jan/2014:12:11:20 +0800] "GET /uservisit/updatepv?callback=jQuery110105981677677482367_1390277431964&_=1390277431970 HTTP/1.1" 200 67 "http://127.0.0.1/index.html" "Mozilla/5.0 (Windows NT 6.1; WOW64) AppleWebKit/537.36 (KHTML, like Gecko) Chrome/32.0.1700.76 Safari/537.36"
10.101.2.113 - - [21/Jan/2014:12:11:22 +0800] "GET /uservisit/updatepv?callback=jQuery110107629405790939927_1390277481245&_=1390277481246 HTTP/1.1" 200 67 "http://127.0.0.1/index.html" "Mozilla/5.0 (Windows NT 6.1; WOW64) AppleWebKit/537.36 (KHTML, like Gecko) Chrome/32.0.1700.76 Safari/537.36"
10.101.2.113 - - [21/Jan/2014:12:11:24 +0800] "GET /ranking/categories?&callback=jQuery110107629405790939927_1390277481250&_=1390277481251 HTTP/1.1" 200 121 "http://127.0.0.1/index.html" "Mozilla/5.0 (Windows NT 6.1; WOW64) AppleWebKit/537.36 (KHTML, like Gecko) Chrome/32.0.1700.76 Safari/537.36"
10.101.2.113 - - [21/Jan/2014:12:11:24 +0800] "GET /uservisit/updatepv?callback=jQuery110107629405790939927_1390277481245&_=1390277481248 HTTP/1.1" 200 67 "http://127.0.0.1/index.html" "Mozilla/5.0 (Windows NT 6.1; WOW64) AppleWebKit/537.36 (KHTML, like Gecko) Chrome/32.0.1700.76 Safari/537.36"
10.101.2.113 - - [21/Jan/2014:12:11:25 +0800] "GET /uservisit/updatepv?callback=jQuery110107629405790939927_1390277481245&_=1390277481252 HTTP/1.1" 200 67 "http://127.0.0.1/index.html" "Mozilla/5.0 (Windows NT 6.1; WOW64) AppleWebKit/537.36 (KHTML, like Gecko) Chrome/32.0.1700.76 Safari/537.36"
10.101.2.113 - - [21/Jan/2014:12:11:26 +0800] "GET /ranking/categories?&callback=jQuery110107629405790939927_1390277481250&_=1390277481256 HTTP/1.1" 200 121 "http://127.0.0.1/index.html" "Mozilla/5.0 (Windows NT 6.1; WOW64) AppleWebKit/537.36 (KHTML, like Gecko) Chrome/32.0.1700.76 Safari/537.36"
10.101.2.113 - - [21/Jan/2014:12:11:26 +0800] "GET /uservisit/updatepv?callback=jQuery110107629405790939927_1390277481245&_=1390277481254 HTTP/1.1" 200 67 "http://127.0.0.1/index.html" "Mozilla/5.0 (Windows NT 6.1; WOW64) AppleWebKit/537.36 (KHTML, like Gecko) Chrome/32.0.1700.76 Safari/537.36"
10.101.2.113 - - [21/Jan/2014:12:11:28 +0800] "GET /uservisit/updatepv?callback=jQuery110107629405790939927_1390277481245&_=1390277481257 HTTP/1.1" 200 67 "http://127.0.0.1/index.html" "Mozilla/5.0 (Windows NT 6.1; WOW64) AppleWebKit/537.36 (KHTML, like Gecko) Chrome/32.0.1700.76 Safari/537.36"
10.101.2.113 - - [21/Jan/2014:12:11:28 +0800] "GET /ranking/categories?&callback=jQuery110107629405790939927_1390277481250&_=1390277481259 HTTP/1.1" 200 121 "http://127.0.0.1/index.html" "Mozilla/5.0 (Windows NT 6.1; WOW64) AppleWebKit/537.36 (KHTML, like Gecko) Chrome/32.0.1700.76 Safari/537.36"
10.101.2.113 - - [21/Jan/2014:12:12:10 +0800] "GET /uservisit/updatepv?callback=jQuery110107629405790939927_1390277481250&_=1390277481260 HTTP/1.1" 200 67 "http://127.0.0.1/index.html" "Mozilla/5.0 (Windows NT 6.1; WOW64) AppleWebKit/537.36 (KHTML, like Gecko) Chrome/32.0.1700.76 Safari/537.36"
10.101.2.113 - - [21/Jan/2014:12:12:11 +0800] "GET /monitor/show?callback=angular.callbacks._0 HTTP/1.1" 200 66 "http://127.0.0.1/index.html" "Mozilla/5.0 (Windows NT 6.1; WOW64) AppleWebKit/537.36 (KHTML, like Gecko) Chrome/32.0.1700.76 Safari/537.36"
10.101.2.113 - - [21/Jan/2014:12:12:11 +0800] "GET /uservisit/updatepv?callback=jQuery11010675203136401251_1390277530690&_=1390277530691 HTTP/1.1" 200 66 "http://127.0.0.1/index.html" "Mozilla/5.0 (Windows NT 6.1; WOW64) AppleWebKit/537.36 (KHTML, like Gecko) Chrome/32.0.1700.76 Safari/537.36"
10.101.2.113 - - [21/Jan/2014:12:12:35 +0800] "GET /ranking/categories?&callback=jQuery11010675203136401251_1390277530695&_=1390277530696 HTTP/1.1" 200 120 "http://127.0.0.1/index.html" "Mozilla/5.0 (Windows NT 6.1; WOW64) AppleWebKit/537.36 (KHTML, like Gecko) Chrome/32.0.1700.76 Safari/537.36"
10.101.2.113 - - [21/Jan/2014:12:12:35 +0800] "GET /uservisit/updatepv?callback=jQuery11010675203136401251_1390277530690&_=1390277530693 HTTP/1.1" 200 66 "http://127.0.0.1/index.html" "Mozilla/5.0 (Windows NT 6.1; WOW64) AppleWebKit/537.36 (KHTML, like Gecko) Chrome/32.0.1700.76 Safari/537.36"
10.101.2.113 - - [21/Jan/2014:12:12:39 +0800] "GET /monitor/show?callback=angular.callbacks._0 HTTP/1.1" 200 66 "http://127.0.0.1/index.html" "Mozilla/5.0 (Windows NT 6.1; WOW64) AppleWebKit/537.36 (KHTML, like Gecko) Chrome/32.0.1700.76 Safari/537.36"
10.101.2.113 - - [21/Jan/2014:12:12:39 +0800] "GET /ranking/categories?&callback=jQuery110108720920840278268_1390277558777&_=1390277558778 HTTP/1.1" 200 121 "http://127.0.0.1/index.html" "Mozilla/5.0 (Windows NT 6.1; WOW64) AppleWebKit/537.36 (KHTML, like Gecko) Chrome/32.0.1700.76 Safari/537.36"
10.101.2.113 - - [21/Jan/2014:12:12:39 +0800] "GET /uservisit/updatepv?callback=jQuery110108720920840278268_1390277558774&_=1390277558775 HTTP/1.1" 200 67 "http://127.0.0.1/index.html" "Mozilla/5.0 (Windows NT 6.1; WOW64) AppleWebKit/537.36 (KHTML, like Gecko) Chrome/32.0.1700.76 Safari/537.36"
10.101.2.113 - - [21/Jan/2014:12:13:21 +0800] "GET /monitor/show?callback=angular.callbacks._0 HTTP/1.1" 200 66 "http://127.0.0.1/index.html" "Mozilla/5.0 (Windows NT 6.1; WOW64) AppleWebKit/537.36 (KHTML, like Gecko) Chrome/32.0.1700.76 Safari/537.36"
10.101.2.113 - - [21/Jan/2014:12:13:21 +0800] "GET /uservisit/updatepv?callback=jQuery110106193892841693014_1390277600395&_=1390277600396 HTTP/1.1" 200 67 "http://127.0.0.1/index.html" "Mozilla/5.0 (Windows NT 6.1; WOW64) AppleWebKit/537.36 (KHTML, like Gecko) Chrome/32.0.1700.76 Safari/537.36"
10.101.2.113 - - [21/Jan/2014:12:13:21 +0800] "GET /ranking/categories?&callback=jQuery110106193892841693014_1390277600398&_=1390277600399 HTTP/1.1" 200 121 "http://127.0.0.1/index.html" "Mozilla/5.0 (Windows NT 6.1; WOW64) AppleWebKit/537.36 (KHTML, like Gecko) Chrome/32.0.1700.76 Safari/537.36"
10.101.2.113 - - [21/Jan/2014:12:13:23 +0800] "GET /ranking/categories?&callback=jQuery110103235242769587785_1390277602621&_=1390277602622 HTTP/1.1" 200 121 "http://127.0.0.1/index.html" "Mozilla/5.0 (Windows NT 6.1; WOW64) AppleWebKit/537.36 (KHTML, like Gecko) Chrome/32.0.1700.76 Safari/537.36"
10.101.2.113 - - [21/Jan/2014:12:13:23 +0800] "GET /monitor/show?callback=angular.callbacks._0 HTTP/1.1" 200 66 "http://127.0.0.1/index.html" "Mozilla/5.0 (Windows NT 6.1; WOW64) AppleWebKit/537.36 (KHTML, like Gecko) Chrome/32.0.1700.76 Safari/537.36"
10.101.2.113 - - [21/Jan/2014:12:13:23 +0800] "GET /uservisit/updatepv?callback=jQuery110103235242769587785_1390277602618&_=1390277602619 HTTP/1.1" 200 67 "http://127.0.0.1/index.html" "Mozilla/5.0 (Windows NT 6.1; WOW64) AppleWebKit/537.36 (KHTML, like Gecko) Chrome/32.0.1700.76 Safari/537.36"
127.0.0.1 - - [21/Jan/2014:12:14:43 +0800] "-" 400 0 "-" "-"
127.0.0.1 - - [21/Jan/2014:12:14:43 +0800] "-" 400 0 "-" "-"
127.0.0.1 - - [21/Jan/2014:12:14:43 +0800] "-" 400 0 "-" "-"
127.0.0.1 - - [21/Jan/2014:12:14:43 +0800] "-" 400 0 "-" "-"
127.0.0.1 - - [21/Jan/2014:12:14:43 +0800] "-" 400 0 "-" "-"
127.0.0.1 - - [21/Jan/2014:12:14:43 +0800] "-" 400 0 "-" "-"
127.0.0.1 - - [21/Jan/2014:12:15:04 +0800] "POST /vendor/report/login.php HTTP/1.1" 200 15 "-" "Apache-HttpClient/4.3.1 (java 1.5)"
127.0.0.1 - - [21/Jan/2014:12:15:04 +0800] "POST /vendor/report/login.php HTTP/1.1" 200 15 "-" "Apache-HttpClient/4.3.1 (java 1.5)"
127.0.0.1 - - [21/Jan/2014:12:15:06 +0800] "GET /dangqi/realTime/detail?callback=jQuery110206543179559521377_1390277702111&_=1390277702112 HTTP/1.1" 200 96 "http://compass.vis.vipshop.com/summary.html" "Mozilla/5.0 (X11; Linux x86_64) AppleWebKit/537.36 (KHTML, like Gecko) Chrome/29.0.1547.57 Safari/537.36"
127.0.0.1 - - [21/Jan/2014:12:15:06 +0800] "GET /dangqi/realTime/overview?callback=jQuery110206543179559521377_1390277702109&_=1390277702110 HTTP/1.1" 200 98 "http://compass.vis.vipshop.com/summary.html" "Mozilla/5.0 (X11; Linux x86_64) AppleWebKit/537.36 (KHTML, like Gecko) Chrome/29.0.1547.57 Safari/537.36"
127.0.0.1 - - [21/Jan/2014:12:15:08 +0800] "POST /vendor/report/login.php HTTP/1.1" 200 15 "-" "Apache-HttpClient/4.3.1 (java 1.5)"
127.0.0.1 - - [21/Jan/2014:12:15:08 +0800] "GET /dangqi/list?start=20130121&end=20140121&callback=jQuery110204543588049709797_1390277708186&_=1390277708187 HTTP/1.1" 200 96 "http://compass.vis.vipshop.com/goodsInfo.html" "Mozilla/5.0 (X11; Linux x86_64) AppleWebKit/537.36 (KHTML, like Gecko) Chrome/29.0.1547.57 Safari/537.36"
127.0.0.1 - - [21/Jan/2014:12:15:32 +0800] "POST /vendor/report/login.php HTTP/1.1" 200 15 "-" "Apache-HttpClient/4.3.1 (java 1.5)"
127.0.0.1 - - [21/Jan/2014:12:15:34 +0800] "GET /dangqi/list?start=20130121&end=20140121&callback=jQuery110208139515039511025_1390277732431&_=1390277732432 HTTP/1.1" 200 928283 "http://compass.vis.vipshop.com/goodsInfo.html" "Mozilla/5.0 (X11; Linux x86_64) AppleWebKit/537.36 (KHTML, like Gecko) Chrome/29.0.1547.57 Safari/537.36"
127.0.0.1 - - [21/Jan/2014:12:15:34 +0800] "POST /vendor/report/login.php HTTP/1.1" 200 15 "-" "Apache-HttpClient/4.3.1 (java 1.5)"
127.0.0.1 - - [21/Jan/2014:12:15:35 +0800] "GET /dangqi/categories?sellDateStart=20140120&name=%E6%AC%A7%E8%88%92%E4%B8%B9L&&callback=jQuery110208139515039511025_1390277732431&_=1390277732433 HTTP/1.1" 200 96 "http://compass.vis.vipshop.com/goodsInfo.html" "Mozilla/5.0 (X11; Linux x86_64) AppleWebKit/537.36 (KHTML, like Gecko) Chrome/29.0.1547.57 Safari/537.36"
127.0.0.1 - - [21/Jan/2014:12:15:47 +0800] "POST /vendor/report/login.php HTTP/1.1" 200 15 "-" "Apache-HttpClient/4.3.1 (java 1.5)"
127.0.0.1 - - [21/Jan/2014:12:15:47 +0800] "GET /dangqi/categories?sellDateStart=20140120&name=%E5%86%85%E9%83%A8%E5%91%98%E5%B7%A5%E7%89%B9%E5%8D%96%E5%9C%BA&callback=jQuery110208139515039511025_1390277732431&_=1390277732434 HTTP/1.1" 200 884 "http://compass.vis.vipshop.com/goodsInfo.html" "Mozilla/5.0 (X11; Linux x86_64) AppleWebKit/537.36 (KHTML, like Gecko) Chrome/29.0.1547.57 Safari/537.36"
127.0.0.1 - - [21/Jan/2014:12:15:47 +0800] "POST /vendor/report/login.php HTTP/1.1" 200 15 "-" "Apache-HttpClient/4.3.1 (java 1.5)"
127.0.0.1 - - [21/Jan/2014:12:15:47 +0800] "POST /vendor/report/login.php HTTP/1.1" 200 15 "-" "Apache-HttpClient/4.3.1 (java 1.5)"
127.0.0.1 - - [21/Jan/2014:12:16:02 +0800] "GET /goods/overview?sellDateStart=20140120&dangqiName=%E5%86%85%E9%83%A8%E5%91%98%E5%B7%A5%E7%89%B9%E5%8D%96%E5%9C%BA&callback=jQuery110208139515039511025_1390277732431&_=1390277732435 HTTP/1.1" 200 522 "http://compass.vis.vipshop.com/goodsInfo.html" "Mozilla/5.0 (X11; Linux x86_64) AppleWebKit/537.36 (KHTML, like Gecko) Chrome/29.0.1547.57 Safari/537.36"
127.0.0.1 - - [21/Jan/2014:12:16:02 +0800] "GET /goods/detail?sellDateStart=20140120&dangqiName=%E5%86%85%E9%83%A8%E5%91%98%E5%B7%A5%E7%89%B9%E5%8D%96%E5%9C%BA&currentPage=1&offset=15&callback=jQuery110208139515039511025_1390277732436&_=1390277732437 HTTP/1.1" 200 7059 "http://compass.vis.vipshop.com/goodsInfo.html" "Mozilla/5.0 (X11; Linux x86_64) AppleWebKit/537.36 (KHTML, like Gecko) Chrome/29.0.1547.57 Safari/537.36"
10.101.1.193 - - [21/Jan/2014:12:18:43 +0800] "POST /vendor/report/login.php HTTP/1.1" 200 15 "-" "Apache-HttpClient/4.3.1 (java 1.5)"
10.101.1.193 - - [21/Jan/2014:12:18:43 +0800] "POST /vendor/report/login.php HTTP/1.1" 200 15 "-" "Apache-HttpClient/4.3.1 (java 1.5)"
10.101.1.193 - - [21/Jan/2014:12:18:43 +0800] "POST /vendor/report/login.php HTTP/1.1" 200 15 "-" "Apache-HttpClient/4.3.1 (java 1.5)"
10.101.1.193 - - [21/Jan/2014:12:18:56 +0800] "POST /vendor/report/login.php HTTP/1.1" 200 15 "-" "Apache-HttpClient/4.3.1 (java 1.5)"
10.101.1.193 - - [21/Jan/2014:12:18:56 +0800] "POST /vendor/report/login.php HTTP/1.1" 200 15 "-" "Apache-HttpClient/4.3.1 (java 1.5)"
10.101.1.193 - - [21/Jan/2014:12:18:57 +0800] "POST /vendor/report/login.php HTTP/1.1" 200 15 "-" "Apache-HttpClient/4.3.1 (java 1.5)"
10.101.1.193 - - [21/Jan/2014:12:18:57 +0800] "POST /vendor/report/login.php HTTP/1.1" 200 15 "-" "Apache-HttpClient/4.3.1 (java 1.5)"
10.101.1.193 - - [21/Jan/2014:12:18:57 +0800] "POST /vendor/report/login.php HTTP/1.1" 200 15 "-" "Apache-HttpClient/4.3.1 (java 1.5)"
10.101.1.193 - - [21/Jan/2014:12:19:03 +0800] "POST /vendor/report/login.php HTTP/1.1" 200 15 "-" "Apache-HttpClient/4.3.1 (java 1.5)"
10.101.2.113 - - [21/Jan/2014:12:19:44 +0800] "GET /monitor/show?callback=angular.callbacks._0 HTTP/1.1" 200 66 "http://127.0.0.1/index.html" "Mozilla/5.0 (Windows NT 6.1; WOW64) AppleWebKit/537.36 (KHTML, like Gecko) Chrome/32.0.1700.76 Safari/537.36"
10.101.2.113 - - [21/Jan/2014:12:19:44 +0800] "GET /uservisit/updatepv?callback=jQuery110105268594312947243_1390277983360&_=1390277983361 HTTP/1.1" 200 67 "http://127.0.0.1/index.html" "Mozilla/5.0 (Windows NT 6.1; WOW64) AppleWebKit/537.36 (KHTML, like Gecko) Chrome/32.0.1700.76 Safari/537.36"
10.101.1.193 - - [21/Jan/2014:12:19:52 +0800] "POST /vendor/report/login.php HTTP/1.1" 200 15 "-" "Apache-HttpClient/4.3.1 (java 1.5)"
10.101.1.193 - - [21/Jan/2014:12:19:52 +0800] "POST /vendor/report/login.php HTTP/1.1" 200 15 "-" "Apache-HttpClient/4.3.1 (java 1.5)"
10.101.1.193 - - [21/Jan/2014:12:19:52 +0800] "POST /vendor/report/login.php HTTP/1.1" 200 15 "-" "Apache-HttpClient/4.3.1 (java 1.5)"
10.101.1.193 - - [21/Jan/2014:12:20:32 +0800] "POST /vendor/report/login.php HTTP/1.1" 200 15 "-" "Apache-HttpClient/4.3.1 (java 1.5)"
10.101.1.193 - - [21/Jan/2014:12:20:32 +0800] "POST /vendor/report/login.php HTTP/1.1" 200 15 "-" "Apache-HttpClient/4.3.1 (java 1.5)"
10.101.1.193 - - [21/Jan/2014:12:20:32 +0800] "POST /vendor/report/login.php HTTP/1.1" 200 15 "-" "Apache-HttpClient/4.3.1 (java 1.5)"
10.101.1.193 - - [21/Jan/2014:12:20:37 +0800] "POST /vendor/report/login.php HTTP/1.1" 200 15 "-" "Apache-HttpClient/4.3.1 (java 1.5)"
10.101.1.193 - - [21/Jan/2014:12:20:37 +0800] "POST /vendor/report/login.php HTTP/1.1" 200 15 "-" "Apache-HttpClient/4.3.1 (java 1.5)"
10.101.1.193 - - [21/Jan/2014:12:20:37 +0800] "POST /vendor/report/login.php HTTP/1.1" 200 15 "-" "Apache-HttpClient/4.3.1 (java 1.5)"
10.101.1.193 - - [21/Jan/2014:12:21:18 +0800] "POST /vendor/report/login.php HTTP/1.1" 200 15 "-" "Apache-HttpClient/4.3.1 (java 1.5)"
10.101.1.193 - - [21/Jan/2014:12:21:18 +0800] "POST /vendor/report/login.php HTTP/1.1" 200 15 "-" "Apache-HttpClient/4.3.1 (java 1.5)"
10.101.1.193 - - [21/Jan/2014:12:21:18 +0800] "POST /vendor/report/login.php HTTP/1.1" 200 15 "-" "Apache-HttpClient/4.3.1 (java 1.5)"
10.101.1.193 - - [21/Jan/2014:12:21:32 +0800] "POST /vendor/report/login.php HTTP/1.1" 200 15 "-" "Apache-HttpClient/4.3.1 (java 1.5)"
10.101.1.193 - - [21/Jan/2014:12:21:32 +0800] "POST /vendor/report/login.php HTTP/1.1" 200 15 "-" "Apache-HttpClient/4.3.1 (java 1.5)"
10.101.1.193 - - [21/Jan/2014:12:21:32 +0800] "POST /vendor/report/login.php HTTP/1.1" 200 15 "-" "Apache-HttpClient/4.3.1 (java 1.5)"
10.101.1.193 - - [21/Jan/2014:12:23:12 +0800] "POST /vendor/report/login.php HTTP/1.1" 200 15 "-" "Apache-HttpClient/4.3.1 (java 1.5)"
10.101.1.193 - - [21/Jan/2014:12:23:12 +0800] "POST /vendor/report/login.php HTTP/1.1" 200 15 "-" "Apache-HttpClient/4.3.1 (java 1.5)"
10.101.1.193 - - [21/Jan/2014:12:23:13 +0800] "POST /vendor/report/login.php HTTP/1.1" 200 15 "-" "Apache-HttpClient/4.3.1 (java 1.5)"
10.101.1.193 - - [21/Jan/2014:12:23:13 +0800] "POST /vendor/report/login.php HTTP/1.1" 200 15 "-" "Apache-HttpClient/4.3.1 (java 1.5)"
10.101.1.193 - - [21/Jan/2014:12:23:13 +0800] "POST /vendor/report/login.php HTTP/1.1" 200 15 "-" "Apache-HttpClient/4.3.1 (java 1.5)"
10.101.1.193 - - [21/Jan/2014:12:24:11 +0800] "POST /vendor/report/login.php HTTP/1.1" 200 15 "-" "Apache-HttpClient/4.3.1 (java 1.5)"
10.101.1.193 - - [21/Jan/2014:12:24:11 +0800] "POST /vendor/report/login.php HTTP/1.1" 200 15 "-" "Apache-HttpClient/4.3.1 (java 1.5)"
10.101.1.193 - - [21/Jan/2014:12:24:11 +0800] "POST /vendor/report/login.php HTTP/1.1" 200 15 "-" "Apache-HttpClient/4.3.1 (java 1.5)"
10.101.1.193 - - [21/Jan/2014:12:24:27 +0800] "POST /vendor/report/login.php HTTP/1.1" 200 15 "-" "Apache-HttpClient/4.3.1 (java 1.5)"
10.101.1.193 - - [21/Jan/2014:12:24:27 +0800] "POST /vendor/report/login.php HTTP/1.1" 200 15 "-" "Apache-HttpClient/4.3.1 (java 1.5)"
10.101.1.193 - - [21/Jan/2014:13:37:35 +0800] "POST /vendor/report/login.php HTTP/1.1" 200 15 "-" "Apache-HttpClient/4.3.1 (java 1.5)"
10.101.1.193 - - [21/Jan/2014:13:37:35 +0800] "POST /vendor/report/login.php HTTP/1.1" 200 15 "-" "Apache-HttpClient/4.3.1 (java 1.5)"
10.101.1.193 - - [21/Jan/2014:13:37:35 +0800] "POST /vendor/report/login.php HTTP/1.1" 200 15 "-" "Apache-HttpClient/4.3.1 (java 1.5)"
10.101.1.193 - - [21/Jan/2014:13:37:50 +0800] "POST /vendor/report/login.php HTTP/1.1" 200 15 "-" "Apache-HttpClient/4.3.1 (java 1.5)"
10.101.1.193 - - [21/Jan/2014:13:37:50 +0800] "POST /vendor/report/login.php HTTP/1.1" 200 15 "-" "Apache-HttpClient/4.3.1 (java 1.5)"
10.101.1.193 - - [21/Jan/2014:13:37:51 +0800] "POST /vendor/report/login.php HTTP/1.1" 200 15 "-" "Apache-HttpClient/4.3.1 (java 1.5)"
10.101.1.193 - - [21/Jan/2014:13:37:51 +0800] "POST /vendor/report/login.php HTTP/1.1" 200 15 "-" "Apache-HttpClient/4.3.1 (java 1.5)"
10.101.1.193 - - [21/Jan/2014:13:37:51 +0800] "POST /vendor/report/login.php HTTP/1.1" 200 15 "-" "Apache-HttpClient/4.3.1 (java 1.5)"
10.101.1.193 - - [21/Jan/2014:13:38:00 +0800] "POST /vendor/report/login.php HTTP/1.1" 200 15 "-" "Apache-HttpClient/4.3.1 (java 1.5)"
10.101.1.193 - - [21/Jan/2014:13:38:00 +0800] "POST /vendor/report/login.php HTTP/1.1" 200 15 "-" "Apache-HttpClient/4.3.1 (java 1.5)"
10.101.1.193 - - [21/Jan/2014:13:38:15 +0800] "POST /vendor/report/login.php HTTP/1.1" 200 15 "-" "Apache-HttpClient/4.3.1 (java 1.5)"
10.101.1.193 - - [21/Jan/2014:13:38:15 +0800] "POST /vendor/report/login.php HTTP/1.1" 200 15 "-" "Apache-HttpClient/4.3.1 (java 1.5)"
10.101.1.193 - - [21/Jan/2014:13:38:15 +0800] "POST /vendor/report/login.php HTTP/1.1" 200 15 "-" "Apache-HttpClient/4.3.1 (java 1.5)"
10.101.1.193 - - [21/Jan/2014:13:38:22 +0800] "POST /vendor/report/login.php HTTP/1.1" 200 15 "-" "Apache-HttpClient/4.3.1 (java 1.5)"
10.101.1.193 - - [21/Jan/2014:13:38:22 +0800] "POST /vendor/report/login.php HTTP/1.1" 200 15 "-" "Apache-HttpClient/4.3.1 (java 1.5)"
10.101.1.193 - - [21/Jan/2014:13:40:28 +0800] "POST /vendor/report/login.php HTTP/1.1" 200 15 "-" "Apache-HttpClient/4.3.1 (java 1.5)"
10.101.1.193 - - [21/Jan/2014:13:40:28 +0800] "POST /vendor/report/login.php HTTP/1.1" 200 15 "-" "Apache-HttpClient/4.3.1 (java 1.5)"
10.101.1.193 - - [21/Jan/2014:13:40:28 +0800] "POST /vendor/report/login.php HTTP/1.1" 200 15 "-" "Apache-HttpClient/4.3.1 (java 1.5)"
10.101.1.193 - - [21/Jan/2014:13:40:36 +0800] "POST /vendor/report/login.php HTTP/1.1" 200 15 "-" "Apache-HttpClient/4.3.1 (java 1.5)"
10.101.1.193 - - [21/Jan/2014:13:40:36 +0800] "POST /vendor/report/login.php HTTP/1.1" 200 15 "-" "Apache-HttpClient/4.3.1 (java 1.5)"
10.101.1.193 - - [21/Jan/2014:13:42:35 +0800] "POST /vendor/report/login.php HTTP/1.1" 200 15 "-" "Apache-HttpClient/4.3.1 (java 1.5)"
10.101.1.193 - - [21/Jan/2014:13:42:35 +0800] "POST /vendor/report/login.php HTTP/1.1" 200 15 "-" "Apache-HttpClient/4.3.1 (java 1.5)"
10.101.1.193 - - [21/Jan/2014:13:42:35 +0800] "POST /vendor/report/login.php HTTP/1.1" 200 15 "-" "Apache-HttpClient/4.3.1 (java 1.5)"
10.101.1.193 - - [21/Jan/2014:13:42:37 +0800] "POST /vendor/report/login.php HTTP/1.1" 200 15 "-" "Apache-HttpClient/4.3.1 (java 1.5)"
10.101.1.193 - - [21/Jan/2014:13:42:37 +0800] "POST /vendor/report/login.php HTTP/1.1" 200 15 "-" "Apache-HttpClient/4.3.1 (java 1.5)"
10.101.1.193 - - [21/Jan/2014:13:42:57 +0800] "POST /vendor/report/login.php HTTP/1.1" 200 15 "-" "Apache-HttpClient/4.3.1 (java 1.5)"
10.101.1.193 - - [21/Jan/2014:13:42:57 +0800] "POST /vendor/report/login.php HTTP/1.1" 200 15 "-" "Apache-HttpClient/4.3.1 (java 1.5)"
10.101.1.193 - - [21/Jan/2014:13:43:12 +0800] "POST /vendor/report/login.php HTTP/1.1" 200 15 "-" "Apache-HttpClient/4.3.1 (java 1.5)"
10.101.1.193 - - [21/Jan/2014:13:43:12 +0800] "POST /vendor/report/login.php HTTP/1.1" 200 15 "-" "Apache-HttpClient/4.3.1 (java 1.5)"
10.101.1.193 - - [21/Jan/2014:13:43:26 +0800] "POST /vendor/report/login.php HTTP/1.1" 200 15 "-" "Apache-HttpClient/4.3.1 (java 1.5)"
10.101.1.193 - - [21/Jan/2014:13:43:26 +0800] "POST /vendor/report/login.php HTTP/1.1" 200 15 "-" "Apache-HttpClient/4.3.1 (java 1.5)"
10.101.1.193 - - [21/Jan/2014:13:43:37 +0800] "POST /vendor/report/login.php HTTP/1.1" 200 15 "-" "Apache-HttpClient/4.3.1 (java 1.5)"
10.101.1.193 - - [21/Jan/2014:13:43:37 +0800] "POST /vendor/report/login.php HTTP/1.1" 200 15 "-" "Apache-HttpClient/4.3.1 (java 1.5)"
10.101.1.193 - - [21/Jan/2014:13:43:52 +0800] "POST /vendor/report/login.php HTTP/1.1" 200 15 "-" "Apache-HttpClient/4.3.1 (java 1.5)"
10.101.1.193 - - [21/Jan/2014:13:43:52 +0800] "POST /vendor/report/login.php HTTP/1.1" 200 15 "-" "Apache-HttpClient/4.3.1 (java 1.5)"
10.101.1.193 - - [21/Jan/2014:13:44:02 +0800] "POST /vendor/report/login.php HTTP/1.1" 200 15 "-" "Apache-HttpClient/4.3.1 (java 1.5)"
10.101.1.193 - - [21/Jan/2014:13:44:02 +0800] "POST /vendor/report/login.php HTTP/1.1" 200 15 "-" "Apache-HttpClient/4.3.1 (java 1.5)"
10.101.1.193 - - [21/Jan/2014:13:44:57 +0800] "POST /vendor/report/login.php HTTP/1.1" 200 15 "-" "Apache-HttpClient/4.3.1 (java 1.5)"
10.101.1.193 - - [21/Jan/2014:13:44:57 +0800] "POST /vendor/report/login.php HTTP/1.1" 200 15 "-" "Apache-HttpClient/4.3.1 (java 1.5)"
