10.101.2.113 - - [21/Jan/2014:14:41:56 +0800] "GET /monitor/show?callback=angular.callbacks._0 HTTP/1.1" 200 66 "http://127.0.0.1/index.html" "Mozilla/5.0 (Windows NT 6.1; WOW64) AppleWebKit/537.36 (KHTML, like Gecko) Chrome/32.0.1700.76 Safari/537.36"
10.101.2.113 - - [21/Jan/2014:14:41:56 +0800] "GET /uservisit/updatepv?callback=jQuery110103757365266792476_1390286515909&_=1390286515910 HTTP/1.1" 200 67 "http://127.0.0.1/index.html" "Mozilla/5.0 (Windows NT 6.1; WOW64) AppleWebKit/537.36 (KHTML, like Gecko) Chrome/32.0.1700.76 Safari/537.36"
10.101.1.193 - - [21/Jan/2014:14:42:11 +0800] "POST /vendor/report/login.php HTTP/1.1" 200 15 "-" "Apache-HttpClient/4.3.1 (java 1.5)"
10.101.1.193 - - [21/Jan/2014:14:42:11 +0800] "POST /vendor/report/login.php HTTP/1.1" 200 15 "-" "Apache-HttpClient/4.3.1 (java 1.5)"
10.101.1.193 - - [21/Jan/2014:14:42:11 +0800] "POST /vendor/report/login.php HTTP/1.1" 200 15 "-" "Apache-HttpClient/4.3.1 (java 1.5)"
10.101.2.113 - - [21/Jan/2014:14:42:11 +0800] "GET /monitor/show?callback=angular.callbacks._0 HTTP/1.1" 200 66 "http://127.0.0.1/index.html" "Mozilla/5.0 (Windows NT 6.1; WOW64) AppleWebKit/537.36 (KHTML, like Gecko) Chrome/32.0.1700.76 Safari/537.36"
10.101.2.113 - - [21/Jan/2014:14:42:11 +0800] "GET /uservisit/updatepv?callback=jQuery1101092624381929636_1390286530627&_=1390286530628 HTTP/1.1" 200 65 "http://127.0.0.1/index.html" "Mozilla/5.0 (Windows NT 6.1; WOW64) AppleWebKit/537.36 (KHTML, like Gecko) Chrome/32.0.1700.76 Safari/537.36"
10.101.1.193 - - [21/Jan/2014:14:42:19 +0800] "POST /vendor/report/login.php HTTP/1.1" 200 15 "-" "Apache-HttpClient/4.3.1 (java 1.5)"
10.101.1.193 - - [21/Jan/2014:14:42:19 +0800] "POST /vendor/report/login.php HTTP/1.1" 200 15 "-" "Apache-HttpClient/4.3.1 (java 1.5)"
10.101.1.193 - - [21/Jan/2014:14:42:20 +0800] "POST /vendor/report/login.php HTTP/1.1" 200 15 "-" "Apache-HttpClient/4.3.1 (java 1.5)"
10.101.1.193 - - [21/Jan/2014:14:42:20 +0800] "POST /vendor/report/login.php HTTP/1.1" 200 15 "-" "Apache-HttpClient/4.3.1 (java 1.5)"
10.101.1.193 - - [21/Jan/2014:14:42:20 +0800] "POST /vendor/report/login.php HTTP/1.1" 200 15 "-" "Apache-HttpClient/4.3.1 (java 1.5)"
10.101.1.193 - - [21/Jan/2014:14:42:31 +0800] "POST /vendor/report/login.php HTTP/1.1" 200 15 "-" "Apache-HttpClient/4.3.1 (java 1.5)"
10.101.2.113 - - [21/Jan/2014:14:42:34 +0800] "GET /monitor/show?callback=angular.callbacks._0 HTTP/1.1" 200 66 "http://127.0.0.1/index.html" "Mozilla/5.0 (Windows NT 6.1; WOW64) AppleWebKit/537.36 (KHTML, like Gecko) Chrome/32.0.1700.76 Safari/537.36"
10.101.2.113 - - [21/Jan/2014:14:42:34 +0800] "GET /uservisit/updatepv?callback=jQuery11010551220275927335_1390286553107&_=1390286553108 HTTP/1.1" 200 66 "http://127.0.0.1/index.html" "Mozilla/5.0 (Windows NT 6.1; WOW64) AppleWebKit/537.36 (KHTML, like Gecko) Chrome/32.0.1700.76 Safari/537.36"
10.101.2.113 - - [21/Jan/2014:14:42:56 +0800] "GET /monitor/show?callback=angular.callbacks._0 HTTP/1.1" 200 66 "http://127.0.0.1/index.html" "Mozilla/5.0 (Windows NT 6.1; WOW64) AppleWebKit/537.36 (KHTML, like Gecko) Chrome/32.0.1700.76 Safari/537.36"
10.101.2.113 - - [21/Jan/2014:14:42:57 +0800] "GET /uservisit/updatepv?callback=jQuery1101016786903166212142_1390286576105&_=1390286576106 HTTP/1.1" 200 68 "http://127.0.0.1/index.html" "Mozilla/5.0 (Windows NT 6.1; WOW64) AppleWebKit/537.36 (KHTML, like Gecko) Chrome/32.0.1700.76 Safari/537.36"
10.101.1.193 - - [21/Jan/2014:14:43:48 +0800] "POST /vendor/report/login.php HTTP/1.1" 200 15 "-" "Apache-HttpClient/4.3.1 (java 1.5)"
10.101.1.193 - - [21/Jan/2014:14:43:48 +0800] "POST /vendor/report/login.php HTTP/1.1" 200 15 "-" "Apache-HttpClient/4.3.1 (java 1.5)"
10.101.1.193 - - [21/Jan/2014:14:43:48 +0800] "POST /vendor/report/login.php HTTP/1.1" 200 15 "-" "Apache-HttpClient/4.3.1 (java 1.5)"
10.101.2.113 - - [21/Jan/2014:14:43:52 +0800] "GET /monitor/show?callback=angular.callbacks._0 HTTP/1.1" 200 66 "http://127.0.0.1/index.html" "Mozilla/5.0 (Windows NT 6.1; WOW64) AppleWebKit/537.36 (KHTML, like Gecko) Chrome/32.0.1700.76 Safari/537.36"
10.101.2.113 - - [21/Jan/2014:14:43:53 +0800] "GET /uservisit/updatepv?callback=jQuery110103953837181907147_1390286631920&_=1390286631921 HTTP/1.1" 200 67 "http://127.0.0.1/index.html" "Mozilla/5.0 (Windows NT 6.1; WOW64) AppleWebKit/537.36 (KHTML, like Gecko) Chrome/32.0.1700.76 Safari/537.36"
10.101.1.193 - - [21/Jan/2014:14:43:59 +0800] "POST /vendor/report/login.php HTTP/1.1" 200 15 "-" "Apache-HttpClient/4.3.1 (java 1.5)"
10.101.1.193 - - [21/Jan/2014:14:43:59 +0800] "POST /vendor/report/login.php HTTP/1.1" 200 15 "-" "Apache-HttpClient/4.3.1 (java 1.5)"
10.101.1.193 - - [21/Jan/2014:14:44:22 +0800] "POST /vendor/report/login.php HTTP/1.1" 200 15 "-" "Apache-HttpClient/4.3.1 (java 1.5)"
10.101.1.193 - - [21/Jan/2014:14:44:24 +0800] "POST /vendor/report/login.php HTTP/1.1" 200 15 "-" "Apache-HttpClient/4.3.1 (java 1.5)"
10.101.1.193 - - [21/Jan/2014:14:44:24 +0800] "POST /vendor/report/login.php HTTP/1.1" 200 15 "-" "Apache-HttpClient/4.3.1 (java 1.5)"
10.101.1.193 - - [21/Jan/2014:14:44:24 +0800] "POST /vendor/report/login.php HTTP/1.1" 200 15 "-" "Apache-HttpClient/4.3.1 (java 1.5)"
10.101.2.113 - - [21/Jan/2014:14:44:59 +0800] "GET /uservisit/updatepv?callback=jQuery110100005364296957850456_1390286697952&_=1390286697953 HTTP/1.1" 200 70 "http://127.0.0.1/index.html" "Mozilla/5.0 (Windows NT 6.1; WOW64) AppleWebKit/537.36 (KHTML, like Gecko) Chrome/32.0.1700.76 Safari/537.36"
10.101.2.113 - - [21/Jan/2014:14:44:59 +0800] "GET /monitor/show?callback=angular.callbacks._0 HTTP/1.1" 200 66 "http://127.0.0.1/index.html" "Mozilla/5.0 (Windows NT 6.1; WOW64) AppleWebKit/537.36 (KHTML, like Gecko) Chrome/32.0.1700.76 Safari/537.36"
10.101.2.113 - - [21/Jan/2014:14:45:18 +0800] "GET /monitor/show?callback=angular.callbacks._0 HTTP/1.1" 200 66 "http://127.0.0.1/index.html" "Mozilla/5.0 (Windows NT 6.1; WOW64) AppleWebKit/537.36 (KHTML, like Gecko) Chrome/32.0.1700.76 Safari/537.36"
10.101.2.113 - - [21/Jan/2014:14:45:18 +0800] "GET /uservisit/updatepv?callback=jQuery110105805394954513758_1390286717628&_=1390286717629 HTTP/1.1" 200 67 "http://127.0.0.1/index.html" "Mozilla/5.0 (Windows NT 6.1; WOW64) AppleWebKit/537.36 (KHTML, like Gecko) Chrome/32.0.1700.76 Safari/537.36"
10.101.1.193 - - [21/Jan/2014:14:45:19 +0800] "POST /vendor/report/login.php HTTP/1.1" 200 15 "-" "Apache-HttpClient/4.3.1 (java 1.5)"
10.101.1.193 - - [21/Jan/2014:14:45:19 +0800] "POST /vendor/report/login.php HTTP/1.1" 200 15 "-" "Apache-HttpClient/4.3.1 (java 1.5)"
10.101.1.193 - - [21/Jan/2014:14:45:19 +0800] "POST /vendor/report/login.php HTTP/1.1" 200 15 "-" "Apache-HttpClient/4.3.1 (java 1.5)"
127.0.0.1 - - [21/Jan/2014:14:45:19 +0800] "POST /vendor/report/login.php HTTP/1.1" 200 15 "-" "Apache-HttpClient/4.3.1 (java 1.5)"
10.101.2.137 - - [21/Jan/2014:14:45:20 +0800] "GET /dangqi/today?callback=jQuery110209716021352371922_1390286720400&_=1390286720401 HTTP/1.1" 200 1159 "http://127.0.0.1/summary.html" "Mozilla/5.0 (Windows NT 6.1; WOW64; rv:26.0) Gecko/20100101 Firefox/26.0"
127.0.0.1 - - [21/Jan/2014:14:45:20 +0800] "POST /vendor/report/login.php HTTP/1.1" 200 15 "-" "Apache-HttpClient/4.3.1 (java 1.5)"
127.0.0.1 - - [21/Jan/2014:14:45:20 +0800] "POST /vendor/report/login.php HTTP/1.1" 200 15 "-" "Apache-HttpClient/4.3.1 (java 1.5)"
10.101.2.137 - - [21/Jan/2014:14:45:21 +0800] "GET /dangqi/realTime/overview?brandName=%E5%A6%82%E7%86%99&callback=jQuery110209716021352371922_1390286720400&_=1390286720402 HTTP/1.1" 200 613 "http://127.0.0.1/summary.html" "Mozilla/5.0 (Windows NT 6.1; WOW64; rv:26.0) Gecko/20100101 Firefox/26.0"
10.101.2.137 - - [21/Jan/2014:14:45:21 +0800] "GET /dangqi/realTime/detail?brandName=%E5%A6%82%E7%86%99&callback=jQuery110209716021352371922_1390286720403&_=1390286720404 HTTP/1.1" 200 7796 "http://127.0.0.1/summary.html" "Mozilla/5.0 (Windows NT 6.1; WOW64; rv:26.0) Gecko/20100101 Firefox/26.0"
10.101.1.193 - - [21/Jan/2014:14:45:28 +0800] "POST /vendor/report/login.php HTTP/1.1" 200 15 "-" "Apache-HttpClient/4.3.1 (java 1.5)"
10.101.1.193 - - [21/Jan/2014:14:45:28 +0800] "POST /vendor/report/login.php HTTP/1.1" 200 15 "-" "Apache-HttpClient/4.3.1 (java 1.5)"
10.101.1.193 - - [21/Jan/2014:14:45:29 +0800] "POST /vendor/report/login.php HTTP/1.1" 200 15 "-" "Apache-HttpClient/4.3.1 (java 1.5)"
10.101.1.193 - - [21/Jan/2014:14:45:30 +0800] "POST /vendor/report/login.php HTTP/1.1" 200 15 "-" "Apache-HttpClient/4.3.1 (java 1.5)"
10.101.1.193 - - [21/Jan/2014:14:45:30 +0800] "POST /vendor/report/login.php HTTP/1.1" 200 15 "-" "Apache-HttpClient/4.3.1 (java 1.5)"
127.0.0.1 - - [21/Jan/2014:14:45:32 +0800] "POST /vendor/report/login.php HTTP/1.1" 200 15 "-" "Apache-HttpClient/4.3.1 (java 1.5)"
10.101.1.193 - - [21/Jan/2014:14:45:33 +0800] "POST /vendor/report/login.php HTTP/1.1" 200 15 "-" "Apache-HttpClient/4.3.1 (java 1.5)"
10.101.2.137 - - [21/Jan/2014:14:45:33 +0800] "GET /dangqi/today?callback=jQuery110208498660767927365_1390286733255&_=1390286733256 HTTP/1.1" 200 1159 "http://127.0.0.1/summary.html" "Mozilla/5.0 (Windows NT 6.1; WOW64; rv:26.0) Gecko/20100101 Firefox/26.0"
127.0.0.1 - - [21/Jan/2014:14:45:33 +0800] "POST /vendor/report/login.php HTTP/1.1" 200 15 "-" "Apache-HttpClient/4.3.1 (java 1.5)"
127.0.0.1 - - [21/Jan/2014:14:45:33 +0800] "POST /vendor/report/login.php HTTP/1.1" 200 15 "-" "Apache-HttpClient/4.3.1 (java 1.5)"
10.101.2.137 - - [21/Jan/2014:14:45:34 +0800] "GET /dangqi/realTime/overview?brandName=%E5%A6%82%E7%86%99&callback=jQuery110208498660767927365_1390286733255&_=1390286733257 HTTP/1.1" 200 613 "http://127.0.0.1/summary.html" "Mozilla/5.0 (Windows NT 6.1; WOW64; rv:26.0) Gecko/20100101 Firefox/26.0"
10.101.2.137 - - [21/Jan/2014:14:45:34 +0800] "GET /dangqi/realTime/detail?brandName=%E5%A6%82%E7%86%99&callback=jQuery110208498660767927365_1390286733258&_=1390286733259 HTTP/1.1" 200 7796 "http://127.0.0.1/summary.html" "Mozilla/5.0 (Windows NT 6.1; WOW64; rv:26.0) Gecko/20100101 Firefox/26.0"
10.101.1.193 - - [21/Jan/2014:14:45:46 +0800] "POST /vendor/report/login.php HTTP/1.1" 200 15 "-" "Apache-HttpClient/4.3.1 (java 1.5)"
10.101.1.193 - - [21/Jan/2014:14:45:46 +0800] "POST /vendor/report/login.php HTTP/1.1" 200 15 "-" "Apache-HttpClient/4.3.1 (java 1.5)"
10.101.1.193 - - [21/Jan/2014:14:45:46 +0800] "POST /vendor/report/login.php HTTP/1.1" 200 15 "-" "Apache-HttpClient/4.3.1 (java 1.5)"
127.0.0.1 - - [21/Jan/2014:14:45:53 +0800] "POST /vendor/report/login.php HTTP/1.1" 200 15 "-" "Apache-HttpClient/4.3.1 (java 1.5)"
10.101.2.137 - - [21/Jan/2014:14:45:53 +0800] "GET /dangqi/today?callback=jQuery110209707750152226909_1390286753739&_=1390286753740 HTTP/1.1" 200 1159 "http://127.0.0.1/summary.html" "Mozilla/5.0 (Windows NT 6.1; WOW64; rv:26.0) Gecko/20100101 Firefox/26.0"
127.0.0.1 - - [21/Jan/2014:14:45:53 +0800] "POST /vendor/report/login.php HTTP/1.1" 200 15 "-" "Apache-HttpClient/4.3.1 (java 1.5)"
127.0.0.1 - - [21/Jan/2014:14:45:53 +0800] "POST /vendor/report/login.php HTTP/1.1" 200 15 "-" "Apache-HttpClient/4.3.1 (java 1.5)"
10.101.2.137 - - [21/Jan/2014:14:45:54 +0800] "GET /dangqi/realTime/overview?brandName=%E5%A6%82%E7%86%99&callback=jQuery110209707750152226909_1390286753739&_=1390286753741 HTTP/1.1" 200 613 "http://127.0.0.1/summary.html" "Mozilla/5.0 (Windows NT 6.1; WOW64; rv:26.0) Gecko/20100101 Firefox/26.0"
10.101.2.137 - - [21/Jan/2014:14:45:54 +0800] "GET /dangqi/realTime/detail?brandName=%E5%A6%82%E7%86%99&callback=jQuery110209707750152226909_1390286753742&_=1390286753743 HTTP/1.1" 200 7796 "http://127.0.0.1/summary.html" "Mozilla/5.0 (Windows NT 6.1; WOW64; rv:26.0) Gecko/20100101 Firefox/26.0"
10.101.1.193 - - [21/Jan/2014:14:45:56 +0800] "POST /vendor/report/login.php HTTP/1.1" 200 15 "-" "Apache-HttpClient/4.3.1 (java 1.5)"
10.101.1.193 - - [21/Jan/2014:14:45:56 +0800] "POST /vendor/report/login.php HTTP/1.1" 200 15 "-" "Apache-HttpClient/4.3.1 (java 1.5)"
10.101.1.193 - - [21/Jan/2014:14:46:24 +0800] "POST /vendor/report/login.php HTTP/1.1" 200 15 "-" "Apache-HttpClient/4.3.1 (java 1.5)"
10.101.1.193 - - [21/Jan/2014:14:46:28 +0800] "POST /vendor/report/login.php HTTP/1.1" 200 15 "-" "Apache-HttpClient/4.3.1 (java 1.5)"
10.101.1.193 - - [21/Jan/2014:14:46:28 +0800] "POST /vendor/report/login.php HTTP/1.1" 200 15 "-" "Apache-HttpClient/4.3.1 (java 1.5)"
10.101.1.193 - - [21/Jan/2014:14:46:43 +0800] "POST /vendor/report/login.php HTTP/1.1" 200 15 "-" "Apache-HttpClient/4.3.1 (java 1.5)"
10.101.1.193 - - [21/Jan/2014:14:46:43 +0800] "POST /vendor/report/login.php HTTP/1.1" 200 15 "-" "Apache-HttpClient/4.3.1 (java 1.5)"
10.101.1.193 - - [21/Jan/2014:14:46:52 +0800] "POST /vendor/report/login.php HTTP/1.1" 200 15 "-" "Apache-HttpClient/4.3.1 (java 1.5)"
10.101.1.193 - - [21/Jan/2014:14:46:52 +0800] "POST /vendor/report/login.php HTTP/1.1" 200 15 "-" "Apache-HttpClient/4.3.1 (java 1.5)"
10.101.2.113 - - [21/Jan/2014:14:47:03 +0800] "GET /monitor/show?callback=angular.callbacks._0 HTTP/1.1" 200 66 "http://127.0.0.1/index.html" "Mozilla/5.0 (Windows NT 6.1; WOW64) AppleWebKit/537.36 (KHTML, like Gecko) Chrome/32.0.1700.76 Safari/537.36"
10.101.2.113 - - [21/Jan/2014:14:47:03 +0800] "GET /uservisit/updatepv?callback=jQuery110101655081717763096_1390286822721&_=1390286822722 HTTP/1.1" 200 67 "http://127.0.0.1/index.html" "Mozilla/5.0 (Windows NT 6.1; WOW64) AppleWebKit/537.36 (KHTML, like Gecko) Chrome/32.0.1700.76 Safari/537.36"
127.0.0.1 - - [21/Jan/2014:14:47:08 +0800] "POST /vendor/report/login.php HTTP/1.1" 200 15 "-" "Apache-HttpClient/4.3.1 (java 1.5)"
10.101.2.137 - - [21/Jan/2014:14:47:08 +0800] "GET /dangqi/today?callback=jQuery110205120139015038936_1390286828811&_=1390286828812 HTTP/1.1" 200 1159 "http://127.0.0.1/summary.html" "Mozilla/5.0 (Windows NT 6.1; WOW64; rv:26.0) Gecko/20100101 Firefox/26.0"
127.0.0.1 - - [21/Jan/2014:14:47:08 +0800] "POST /vendor/report/login.php HTTP/1.1" 200 15 "-" "Apache-HttpClient/4.3.1 (java 1.5)"
127.0.0.1 - - [21/Jan/2014:14:47:08 +0800] "POST /vendor/report/login.php HTTP/1.1" 200 15 "-" "Apache-HttpClient/4.3.1 (java 1.5)"
10.101.2.137 - - [21/Jan/2014:14:47:09 +0800] "GET /dangqi/realTime/overview?brandName=%E5%A6%82%E7%86%99&callback=jQuery110205120139015038936_1390286828811&_=1390286828813 HTTP/1.1" 200 613 "http://127.0.0.1/summary.html" "Mozilla/5.0 (Windows NT 6.1; WOW64; rv:26.0) Gecko/20100101 Firefox/26.0"
10.101.2.137 - - [21/Jan/2014:14:47:10 +0800] "GET /dangqi/realTime/detail?brandName=%E5%A6%82%E7%86%99&callback=jQuery110205120139015038936_1390286828814&_=1390286828815 HTTP/1.1" 200 7796 "http://127.0.0.1/summary.html" "Mozilla/5.0 (Windows NT 6.1; WOW64; rv:26.0) Gecko/20100101 Firefox/26.0"
10.101.2.113 - - [21/Jan/2014:14:47:17 +0800] "GET /monitor/show?callback=angular.callbacks._0 HTTP/1.1" 200 66 "http://127.0.0.1/index.html" "Mozilla/5.0 (Windows NT 6.1; WOW64) AppleWebKit/537.36 (KHTML, like Gecko) Chrome/32.0.1700.76 Safari/537.36"
10.101.2.113 - - [21/Jan/2014:14:47:17 +0800] "GET /uservisit/updatepv?callback=jQuery11010900672419462353_1390286836549&_=1390286836550 HTTP/1.1" 200 66 "http://127.0.0.1/index.html" "Mozilla/5.0 (Windows NT 6.1; WOW64) AppleWebKit/537.36 (KHTML, like Gecko) Chrome/32.0.1700.76 Safari/537.36"
10.101.2.113 - - [21/Jan/2014:14:48:08 +0800] "GET /monitor/show?callback=angular.callbacks._0 HTTP/1.1" 200 66 "http://127.0.0.1/index.html" "Mozilla/5.0 (Windows NT 6.1; WOW64) AppleWebKit/537.36 (KHTML, like Gecko) Chrome/32.0.1700.76 Safari/537.36"
10.101.2.113 - - [21/Jan/2014:14:48:08 +0800] "GET /uservisit/updatepv?callback=jQuery110106864377046003938_1390286887975&_=1390286887976 HTTP/1.1" 200 67 "http://127.0.0.1/index.html" "Mozilla/5.0 (Windows NT 6.1; WOW64) AppleWebKit/537.36 (KHTML, like Gecko) Chrome/32.0.1700.76 Safari/537.36"
10.101.2.113 - - [21/Jan/2014:14:48:26 +0800] "GET /monitor/show?callback=angular.callbacks._0 HTTP/1.1" 200 66 "http://127.0.0.1/index.html" "Mozilla/5.0 (Windows NT 6.1; WOW64) AppleWebKit/537.36 (KHTML, like Gecko) Chrome/32.0.1700.76 Safari/537.36"
10.101.2.113 - - [21/Jan/2014:14:48:26 +0800] "GET /uservisit/updatepv?callback=jQuery1101040523457690142095_1390286905854&_=1390286905855 HTTP/1.1" 200 68 "http://127.0.0.1/index.html" "Mozilla/5.0 (Windows NT 6.1; WOW64) AppleWebKit/537.36 (KHTML, like Gecko) Chrome/32.0.1700.76 Safari/537.36"
10.101.2.113 - - [21/Jan/2014:14:48:36 +0800] "GET /monitor/show?callback=angular.callbacks._0 HTTP/1.1" 200 66 "http://127.0.0.1/index.html" "Mozilla/5.0 (Windows NT 6.1; WOW64) AppleWebKit/537.36 (KHTML, like Gecko) Chrome/32.0.1700.76 Safari/537.36"
10.101.2.113 - - [21/Jan/2014:14:48:36 +0800] "GET /uservisit/updatepv?callback=jQuery110104891309814993292_1390286915387&_=1390286915388 HTTP/1.1" 200 67 "http://127.0.0.1/index.html" "Mozilla/5.0 (Windows NT 6.1; WOW64) AppleWebKit/537.36 (KHTML, like Gecko) Chrome/32.0.1700.76 Safari/537.36"
10.101.2.113 - - [21/Jan/2014:14:49:27 +0800] "GET /monitor/show?callback=angular.callbacks._0 HTTP/1.1" 200 66 "http://127.0.0.1/index.html" "Mozilla/5.0 (Windows NT 6.1; WOW64) AppleWebKit/537.36 (KHTML, like Gecko) Chrome/32.0.1700.76 Safari/537.36"
10.101.2.113 - - [21/Jan/2014:14:49:27 +0800] "GET /uservisit/updatepv?callback=jQuery110107191501499619335_1390286966393&_=1390286966394 HTTP/1.1" 200 67 "http://127.0.0.1/index.html" "Mozilla/5.0 (Windows NT 6.1; WOW64) AppleWebKit/537.36 (KHTML, like Gecko) Chrome/32.0.1700.76 Safari/537.36"
127.0.0.1 - - [21/Jan/2014:14:49:40 +0800] "POST /vendor/report/login.php HTTP/1.1" 200 15 "-" "Apache-HttpClient/4.3.1 (java 1.5)"
10.101.2.137 - - [21/Jan/2014:14:49:41 +0800] "GET /dangqi/today?callback=jQuery110208588096021610105_1390286981098&_=1390286981099 HTTP/1.1" 200 1159 "http://127.0.0.1/summary.html" "Mozilla/5.0 (Windows NT 6.1; WOW64; rv:26.0) Gecko/20100101 Firefox/26.0"
127.0.0.1 - - [21/Jan/2014:14:49:41 +0800] "POST /vendor/report/login.php HTTP/1.1" 200 15 "-" "Apache-HttpClient/4.3.1 (java 1.5)"
127.0.0.1 - - [21/Jan/2014:14:49:41 +0800] "POST /vendor/report/login.php HTTP/1.1" 200 15 "-" "Apache-HttpClient/4.3.1 (java 1.5)"
10.101.2.137 - - [21/Jan/2014:14:49:41 +0800] "GET /dangqi/realTime/overview?brandName=%E5%A6%82%E7%86%99&callback=jQuery110208588096021610105_1390286981098&_=1390286981100 HTTP/1.1" 200 613 "http://127.0.0.1/summary.html" "Mozilla/5.0 (Windows NT 6.1; WOW64; rv:26.0) Gecko/20100101 Firefox/26.0"
10.101.2.137 - - [21/Jan/2014:14:49:42 +0800] "GET /dangqi/realTime/detail?brandName=%E5%A6%82%E7%86%99&callback=jQuery110208588096021610105_1390286981101&_=1390286981102 HTTP/1.1" 200 7796 "http://127.0.0.1/summary.html" "Mozilla/5.0 (Windows NT 6.1; WOW64; rv:26.0) Gecko/20100101 Firefox/26.0"
127.0.0.1 - - [21/Jan/2014:14:50:19 +0800] "POST /vendor/report/login.php HTTP/1.1" 200 15 "-" "Apache-HttpClient/4.3.1 (java 1.5)"
10.101.2.137 - - [21/Jan/2014:14:50:20 +0800] "GET /dangqi/today?callback=jQuery11020996590047251027_1390287020277&_=1390287020278 HTTP/1.1" 200 1158 "http://127.0.0.1/summary.html" "Mozilla/5.0 (Windows NT 6.1; WOW64; rv:26.0) Gecko/20100101 Firefox/26.0"
127.0.0.1 - - [21/Jan/2014:14:50:20 +0800] "POST /vendor/report/login.php HTTP/1.1" 200 15 "-" "Apache-HttpClient/4.3.1 (java 1.5)"
127.0.0.1 - - [21/Jan/2014:14:50:20 +0800] "POST /vendor/report/login.php HTTP/1.1" 200 15 "-" "Apache-HttpClient/4.3.1 (java 1.5)"
10.101.2.137 - - [21/Jan/2014:14:50:21 +0800] "GET /dangqi/realTime/overview?brandName=%E5%A6%82%E7%86%99&callback=jQuery11020996590047251027_1390287020277&_=1390287020279 HTTP/1.1" 200 612 "http://127.0.0.1/summary.html" "Mozilla/5.0 (Windows NT 6.1; WOW64; rv:26.0) Gecko/20100101 Firefox/26.0"
10.101.2.137 - - [21/Jan/2014:14:50:21 +0800] "GET /dangqi/realTime/detail?brandName=%E5%A6%82%E7%86%99&callback=jQuery11020996590047251027_1390287020280&_=1390287020281 HTTP/1.1" 200 7795 "http://127.0.0.1/summary.html" "Mozilla/5.0 (Windows NT 6.1; WOW64; rv:26.0) Gecko/20100101 Firefox/26.0"
10.101.2.113 - - [21/Jan/2014:14:50:39 +0800] "GET /monitor/show?callback=angular.callbacks._0 HTTP/1.1" 200 66 "http://127.0.0.1/index.html" "Mozilla/5.0 (Windows NT 6.1; WOW64) AppleWebKit/537.36 (KHTML, like Gecko) Chrome/32.0.1700.76 Safari/537.36"
10.101.2.113 - - [21/Jan/2014:14:50:39 +0800] "GET /uservisit/updatepv?callback=jQuery110107766611790284514_1390287038542&_=1390287038543 HTTP/1.1" 200 67 "http://127.0.0.1/index.html" "Mozilla/5.0 (Windows NT 6.1; WOW64) AppleWebKit/537.36 (KHTML, like Gecko) Chrome/32.0.1700.76 Safari/537.36"
10.101.1.193 - - [21/Jan/2014:14:50:40 +0800] "POST /vendor/report/login.php HTTP/1.1" 200 15 "-" "Apache-HttpClient/4.3.1 (java 1.5)"
10.101.1.193 - - [21/Jan/2014:14:50:40 +0800] "POST /vendor/report/login.php HTTP/1.1" 200 15 "-" "Apache-HttpClient/4.3.1 (java 1.5)"
10.101.1.193 - - [21/Jan/2014:14:50:40 +0800] "POST /vendor/report/login.php HTTP/1.1" 200 15 "-" "Apache-HttpClient/4.3.1 (java 1.5)"
10.101.1.193 - - [21/Jan/2014:14:50:52 +0800] "POST /vendor/report/login.php HTTP/1.1" 200 15 "-" "Apache-HttpClient/4.3.1 (java 1.5)"
10.101.1.193 - - [21/Jan/2014:14:50:52 +0800] "POST /vendor/report/login.php HTTP/1.1" 200 15 "-" "Apache-HttpClient/4.3.1 (java 1.5)"
10.101.1.193 - - [21/Jan/2014:14:50:54 +0800] "POST /vendor/report/login.php HTTP/1.1" 200 15 "-" "Apache-HttpClient/4.3.1 (java 1.5)"
10.101.1.193 - - [21/Jan/2014:14:50:54 +0800] "POST /vendor/report/login.php HTTP/1.1" 200 15 "-" "Apache-HttpClient/4.3.1 (java 1.5)"
10.101.1.193 - - [21/Jan/2014:14:50:54 +0800] "POST /vendor/report/login.php HTTP/1.1" 200 15 "-" "Apache-HttpClient/4.3.1 (java 1.5)"
10.101.1.193 - - [21/Jan/2014:14:51:08 +0800] "POST /vendor/report/login.php HTTP/1.1" 200 15 "-" "Apache-HttpClient/4.3.1 (java 1.5)"
10.101.1.193 - - [21/Jan/2014:14:51:08 +0800] "POST /vendor/report/login.php HTTP/1.1" 200 15 "-" "Apache-HttpClient/4.3.1 (java 1.5)"
10.101.1.193 - - [21/Jan/2014:14:51:08 +0800] "POST /vendor/report/login.php HTTP/1.1" 200 15 "-" "Apache-HttpClient/4.3.1 (java 1.5)"
192.168.52.225 - - [21/Jan/2014:14:52:28 +0800] "POST /vendor/report/login.php HTTP/1.1" 200 15 "-" "Apache-HttpClient/4.3.1 (java 1.5)"
192.168.52.225 - - [21/Jan/2014:14:52:29 +0800] "POST /vendor/report/login.php HTTP/1.1" 200 15 "-" "Apache-HttpClient/4.3.1 (java 1.5)"
192.168.52.225 - - [21/Jan/2014:14:52:29 +0800] "POST /vendor/report/login.php HTTP/1.1" 200 15 "-" "Apache-HttpClient/4.3.1 (java 1.5)"
192.168.52.225 - - [21/Jan/2014:14:52:36 +0800] "POST /vendor/report/login.php HTTP/1.1" 200 15 "-" "Apache-HttpClient/4.3.1 (java 1.5)"
192.168.52.225 - - [21/Jan/2014:14:52:36 +0800] "POST /vendor/report/login.php HTTP/1.1" 200 15 "-" "Apache-HttpClient/4.3.1 (java 1.5)"
10.101.2.113 - - [21/Jan/2014:14:52:42 +0800] "GET /monitor/show?callback=angular.callbacks._0 HTTP/1.1" 200 66 "http://127.0.0.1/index.html" "Mozilla/5.0 (Windows NT 6.1; WOW64) AppleWebKit/537.36 (KHTML, like Gecko) Chrome/32.0.1700.76 Safari/537.36"
10.101.2.113 - - [21/Jan/2014:14:52:43 +0800] "GET /uservisit/updatepv?callback=jQuery1101011394959315657616_1390287161984&_=1390287161985 HTTP/1.1" 200 68 "http://127.0.0.1/index.html" "Mozilla/5.0 (Windows NT 6.1; WOW64) AppleWebKit/537.36 (KHTML, like Gecko) Chrome/32.0.1700.76 Safari/537.36"
10.101.2.113 - - [21/Jan/2014:14:52:52 +0800] "GET /monitor/show?callback=angular.callbacks._0 HTTP/1.1" 200 66 "http://127.0.0.1/index.html" "Mozilla/5.0 (Windows NT 6.1; WOW64) AppleWebKit/537.36 (KHTML, like Gecko) Chrome/32.0.1700.76 Safari/537.36"
10.101.2.113 - - [21/Jan/2014:14:52:52 +0800] "GET /uservisit/updatepv?callback=jQuery1101019790958962403238_1390287171106&_=1390287171107 HTTP/1.1" 200 68 "http://127.0.0.1/index.html" "Mozilla/5.0 (Windows NT 6.1; WOW64) AppleWebKit/537.36 (KHTML, like Gecko) Chrome/32.0.1700.76 Safari/537.36"
10.101.2.113 - - [21/Jan/2014:14:53:11 +0800] "GET /uservisit/updatepv?callback=jQuery1101019790958962403238_1390287171106&_=1390287171109 HTTP/1.1" 200 68 "http://127.0.0.1/index.html" "Mozilla/5.0 (Windows NT 6.1; WOW64) AppleWebKit/537.36 (KHTML, like Gecko) Chrome/32.0.1700.76 Safari/537.36"
10.101.2.113 - - [21/Jan/2014:14:53:12 +0800] "GET /uservisit/updatepv?callback=jQuery1101019790958962403238_1390287171106&_=1390287171111 HTTP/1.1" 200 68 "http://127.0.0.1/index.html" "Mozilla/5.0 (Windows NT 6.1; WOW64) AppleWebKit/537.36 (KHTML, like Gecko) Chrome/32.0.1700.76 Safari/537.36"
10.101.2.113 - - [21/Jan/2014:14:53:12 +0800] "GET /ranking/categories?&callback=jQuery1101019790958962403238_1390287171113&_=1390287171114 HTTP/1.1" 200 122 "http://127.0.0.1/index.html" "Mozilla/5.0 (Windows NT 6.1; WOW64) AppleWebKit/537.36 (KHTML, like Gecko) Chrome/32.0.1700.76 Safari/537.36"
10.101.2.113 - - [21/Jan/2014:14:53:18 +0800] "GET /uservisit/updatepv?callback=jQuery1101019790958962403238_1390287171113&_=1390287171115 HTTP/1.1" 200 68 "http://127.0.0.1/index.html" "Mozilla/5.0 (Windows NT 6.1; WOW64) AppleWebKit/537.36 (KHTML, like Gecko) Chrome/32.0.1700.76 Safari/537.36"
10.101.2.113 - - [21/Jan/2014:14:53:20 +0800] "GET /uservisit/updatepv?callback=jQuery1101019790958962403238_1390287171113&_=1390287171117 HTTP/1.1" 200 68 "http://127.0.0.1/index.html" "Mozilla/5.0 (Windows NT 6.1; WOW64) AppleWebKit/537.36 (KHTML, like Gecko) Chrome/32.0.1700.76 Safari/537.36"
10.101.2.113 - - [21/Jan/2014:14:53:20 +0800] "GET /ranking/categories?&callback=jQuery1101019790958962403238_1390287171106&_=1390287171119 HTTP/1.1" 200 122 "http://127.0.0.1/index.html" "Mozilla/5.0 (Windows NT 6.1; WOW64) AppleWebKit/537.36 (KHTML, like Gecko) Chrome/32.0.1700.76 Safari/537.36"
10.101.2.113 - - [21/Jan/2014:14:53:28 +0800] "GET /uservisit/updatepv?callback=jQuery1101019790958962403238_1390287171106&_=1390287171120 HTTP/1.1" 200 68 "http://127.0.0.1/index.html" "Mozilla/5.0 (Windows NT 6.1; WOW64) AppleWebKit/537.36 (KHTML, like Gecko) Chrome/32.0.1700.76 Safari/537.36"
10.101.2.113 - - [21/Jan/2014:14:53:30 +0800] "GET /uservisit/updatepv?callback=jQuery1101019790958962403238_1390287171106&_=1390287171122 HTTP/1.1" 200 68 "http://127.0.0.1/index.html" "Mozilla/5.0 (Windows NT 6.1; WOW64) AppleWebKit/537.36 (KHTML, like Gecko) Chrome/32.0.1700.76 Safari/537.36"
10.101.2.113 - - [21/Jan/2014:14:53:47 +0800] "GET /uservisit/updatepv?callback=jQuery1101019790958962403238_1390287171106&_=1390287171124 HTTP/1.1" 302 0 "http://127.0.0.1/index.html" "Mozilla/5.0 (Windows NT 6.1; WOW64) AppleWebKit/537.36 (KHTML, like Gecko) Chrome/32.0.1700.76 Safari/537.36"
10.101.2.113 - - [21/Jan/2014:14:53:49 +0800] "GET /login/casCallBack?ticket=ST-55147-kfiJbcJaveteQCShXS7a-cas.oa.vipshop.com HTTP/1.1" 302 0 "http://127.0.0.1/index.html" "Mozilla/5.0 (Windows NT 6.1; WOW64) AppleWebKit/537.36 (KHTML, like Gecko) Chrome/32.0.1700.76 Safari/537.36"
10.101.2.113 - - [21/Jan/2014:14:53:49 +0800] "GET /index.html HTTP/1.1" 200 3745 "http://127.0.0.1/index.html" "Mozilla/5.0 (Windows NT 6.1; WOW64) AppleWebKit/537.36 (KHTML, like Gecko) Chrome/32.0.1700.76 Safari/537.36"
10.101.2.113 - - [21/Jan/2014:14:53:53 +0800] "GET /uservisit/updatepv?callback=jQuery1101019790958962403238_1390287171106&_=1390287171126 HTTP/1.1" 302 0 "http://127.0.0.1/index.html" "Mozilla/5.0 (Windows NT 6.1; WOW64) AppleWebKit/537.36 (KHTML, like Gecko) Chrome/32.0.1700.76 Safari/537.36"
10.101.2.113 - - [21/Jan/2014:14:53:54 +0800] "GET /login/casCallBack?ticket=ST-55150-V0fJ6EHPSW2FXtIPwkTi-cas.oa.vipshop.com HTTP/1.1" 302 0 "http://127.0.0.1/index.html" "Mozilla/5.0 (Windows NT 6.1; WOW64) AppleWebKit/537.36 (KHTML, like Gecko) Chrome/32.0.1700.76 Safari/537.36"
10.101.2.113 - - [21/Jan/2014:14:53:54 +0800] "GET /index.html HTTP/1.1" 200 3745 "http://127.0.0.1/index.html" "Mozilla/5.0 (Windows NT 6.1; WOW64) AppleWebKit/537.36 (KHTML, like Gecko) Chrome/32.0.1700.76 Safari/537.36"
10.101.2.113 - - [21/Jan/2014:14:53:55 +0800] "GET /uservisit/updatepv?callback=jQuery1101019790958962403238_1390287171106&_=1390287171128 HTTP/1.1" 200 68 "http://127.0.0.1/index.html" "Mozilla/5.0 (Windows NT 6.1; WOW64) AppleWebKit/537.36 (KHTML, like Gecko) Chrome/32.0.1700.76 Safari/537.36"
10.101.2.113 - - [21/Jan/2014:14:53:55 +0800] "GET /uservisit/updatepv?callback=jQuery1101019790958962403238_1390287171106&_=1390287171130 HTTP/1.1" 302 0 "http://127.0.0.1/index.html" "Mozilla/5.0 (Windows NT 6.1; WOW64) AppleWebKit/537.36 (KHTML, like Gecko) Chrome/32.0.1700.76 Safari/537.36"
10.101.2.113 - - [21/Jan/2014:14:53:56 +0800] "GET /login/casCallBack?ticket=ST-55151-WDdIEIPQq1coA00SGCcZ-cas.oa.vipshop.com HTTP/1.1" 302 0 "http://127.0.0.1/index.html" "Mozilla/5.0 (Windows NT 6.1; WOW64) AppleWebKit/537.36 (KHTML, like Gecko) Chrome/32.0.1700.76 Safari/537.36"
10.101.2.113 - - [21/Jan/2014:14:53:56 +0800] "GET /index.html HTTP/1.1" 302 0 "http://127.0.0.1/index.html" "Mozilla/5.0 (Windows NT 6.1; WOW64) AppleWebKit/537.36 (KHTML, like Gecko) Chrome/32.0.1700.76 Safari/537.36"
10.101.2.113 - - [21/Jan/2014:14:53:56 +0800] "GET /login/casCallBack?ticket=ST-55152-9FLTgkFiEhBMnagAVurb-cas.oa.vipshop.com HTTP/1.1" 302 0 "http://127.0.0.1/index.html" "Mozilla/5.0 (Windows NT 6.1; WOW64) AppleWebKit/537.36 (KHTML, like Gecko) Chrome/32.0.1700.76 Safari/537.36"
10.101.2.113 - - [21/Jan/2014:14:53:56 +0800] "GET /index.html HTTP/1.1" 302 0 "http://127.0.0.1/index.html" "Mozilla/5.0 (Windows NT 6.1; WOW64) AppleWebKit/537.36 (KHTML, like Gecko) Chrome/32.0.1700.76 Safari/537.36"
10.101.2.113 - - [21/Jan/2014:14:53:57 +0800] "GET /login/casCallBack?ticket=ST-55153-hlIQlv2sw66rUSWhoOTh-cas.oa.vipshop.com HTTP/1.1" 302 0 "http://127.0.0.1/index.html" "Mozilla/5.0 (Windows NT 6.1; WOW64) AppleWebKit/537.36 (KHTML, like Gecko) Chrome/32.0.1700.76 Safari/537.36"
10.101.2.113 - - [21/Jan/2014:14:53:57 +0800] "GET /index.html HTTP/1.1" 302 0 "http://127.0.0.1/index.html" "Mozilla/5.0 (Windows NT 6.1; WOW64) AppleWebKit/537.36 (KHTML, like Gecko) Chrome/32.0.1700.76 Safari/537.36"
10.101.2.113 - - [21/Jan/2014:14:53:57 +0800] "GET /uservisit/updatepv?callback=jQuery1101019790958962403238_1390287171113&_=1390287171132 HTTP/1.1" 302 0 "http://127.0.0.1/index.html" "Mozilla/5.0 (Windows NT 6.1; WOW64) AppleWebKit/537.36 (KHTML, like Gecko) Chrome/32.0.1700.76 Safari/537.36"
10.101.2.113 - - [21/Jan/2014:14:53:58 +0800] "GET /login/casCallBack?ticket=ST-55154-RQFnu6V2TEcy4gLdv4nM-cas.oa.vipshop.com HTTP/1.1" 302 0 "http://127.0.0.1/index.html" "Mozilla/5.0 (Windows NT 6.1; WOW64) AppleWebKit/537.36 (KHTML, like Gecko) Chrome/32.0.1700.76 Safari/537.36"
10.101.2.113 - - [21/Jan/2014:14:53:58 +0800] "GET /index.html HTTP/1.1" 200 3745 "http://127.0.0.1/index.html" "Mozilla/5.0 (Windows NT 6.1; WOW64) AppleWebKit/537.36 (KHTML, like Gecko) Chrome/32.0.1700.76 Safari/537.36"
10.101.2.113 - - [21/Jan/2014:14:53:58 +0800] "GET /login/casCallBack?ticket=ST-55155-zWSdmVfIFqmGyRXjeVhq-cas.oa.vipshop.com HTTP/1.1" 302 0 "http://127.0.0.1/index.html" "Mozilla/5.0 (Windows NT 6.1; WOW64) AppleWebKit/537.36 (KHTML, like Gecko) Chrome/32.0.1700.76 Safari/537.36"
10.101.2.113 - - [21/Jan/2014:14:53:58 +0800] "GET /index.html HTTP/1.1" 200 3745 "http://127.0.0.1/index.html" "Mozilla/5.0 (Windows NT 6.1; WOW64) AppleWebKit/537.36 (KHTML, like Gecko) Chrome/32.0.1700.76 Safari/537.36"
10.101.2.113 - - [21/Jan/2014:14:53:58 +0800] "GET /uservisit/updatepv?callback=jQuery1101019790958962403238_1390287171113&_=1390287171134 HTTP/1.1" 200 68 "http://127.0.0.1/index.html" "Mozilla/5.0 (Windows NT 6.1; WOW64) AppleWebKit/537.36 (KHTML, like Gecko) Chrome/32.0.1700.76 Safari/537.36"
127.0.0.1 - - [21/Jan/2014:14:54:36 +0800] "POST /vendor/report/login.php HTTP/1.1" 200 15 "-" "Apache-HttpClient/4.3.1 (java 1.5)"
127.0.0.1 - - [21/Jan/2014:14:54:36 +0800] "POST /vendor/report/login.php HTTP/1.1" 200 15 "-" "Apache-HttpClient/4.3.1 (java 1.5)"
10.101.2.137 - - [21/Jan/2014:14:54:36 +0800] "GET /dangqi/latest/overview?callback=jQuery11020996590047251027_1390287020277&_=1390287020282 HTTP/1.1" 200 624 "http://127.0.0.1/summary.html" "Mozilla/5.0 (Windows NT 6.1; WOW64; rv:26.0) Gecko/20100101 Firefox/26.0"
10.101.2.137 - - [21/Jan/2014:14:54:36 +0800] "GET /dangqi/latest/detail?callback=jQuery11020996590047251027_1390287020280&_=1390287020283 HTTP/1.1" 200 3456 "http://127.0.0.1/summary.html" "Mozilla/5.0 (Windows NT 6.1; WOW64; rv:26.0) Gecko/20100101 Firefox/26.0"
127.0.0.1 - - [21/Jan/2014:14:54:40 +0800] "POST /vendor/report/login.php HTTP/1.1" 200 15 "-" "Apache-HttpClient/4.3.1 (java 1.5)"
127.0.0.1 - - [21/Jan/2014:14:54:40 +0800] "POST /vendor/report/login.php HTTP/1.1" 200 15 "-" "Apache-HttpClient/4.3.1 (java 1.5)"
10.101.2.137 - - [21/Jan/2014:14:54:41 +0800] "GET /dangqi/last30Days/detail?callback=jQuery11020996590047251027_1390287020280&_=1390287020285 HTTP/1.1" 200 95 "http://127.0.0.1/summary.html" "Mozilla/5.0 (Windows NT 6.1; WOW64; rv:26.0) Gecko/20100101 Firefox/26.0"
127.0.0.1 - - [21/Jan/2014:14:54:43 +0800] "POST /vendor/report/login.php HTTP/1.1" 200 15 "-" "Apache-HttpClient/4.3.1 (java 1.5)"
127.0.0.1 - - [21/Jan/2014:14:54:43 +0800] "POST /vendor/report/login.php HTTP/1.1" 200 15 "-" "Apache-HttpClient/4.3.1 (java 1.5)"
10.101.2.137 - - [21/Jan/2014:14:54:43 +0800] "GET /dangqi/latest/overview?callback=jQuery11020996590047251027_1390287020280&_=1390287020286 HTTP/1.1" 200 624 "http://127.0.0.1/summary.html" "Mozilla/5.0 (Windows NT 6.1; WOW64; rv:26.0) Gecko/20100101 Firefox/26.0"
10.101.2.137 - - [21/Jan/2014:14:54:43 +0800] "GET /dangqi/latest/detail?callback=jQuery11020996590047251027_1390287020287&_=1390287020288 HTTP/1.1" 200 3456 "http://127.0.0.1/summary.html" "Mozilla/5.0 (Windows NT 6.1; WOW64; rv:26.0) Gecko/20100101 Firefox/26.0"
127.0.0.1 - - [21/Jan/2014:14:54:51 +0800] "POST /vendor/report/login.php HTTP/1.1" 200 15 "-" "Apache-HttpClient/4.3.1 (java 1.5)"
10.101.2.137 - - [21/Jan/2014:14:54:52 +0800] "GET /dangqi/today?callback=jQuery11020996590047251027_1390287020280&_=1390287020289 HTTP/1.1" 200 1158 "http://127.0.0.1/summary.html" "Mozilla/5.0 (Windows NT 6.1; WOW64; rv:26.0) Gecko/20100101 Firefox/26.0"
127.0.0.1 - - [21/Jan/2014:14:54:52 +0800] "POST /vendor/report/login.php HTTP/1.1" 200 15 "-" "Apache-HttpClient/4.3.1 (java 1.5)"
127.0.0.1 - - [21/Jan/2014:14:54:52 +0800] "POST /vendor/report/login.php HTTP/1.1" 200 15 "-" "Apache-HttpClient/4.3.1 (java 1.5)"
10.101.2.137 - - [21/Jan/2014:14:54:53 +0800] "GET /dangqi/realTime/overview?brandName=%E5%A6%82%E7%86%99&callback=jQuery11020996590047251027_1390287020280&_=1390287020290 HTTP/1.1" 200 612 "http://127.0.0.1/summary.html" "Mozilla/5.0 (Windows NT 6.1; WOW64; rv:26.0) Gecko/20100101 Firefox/26.0"
10.101.2.137 - - [21/Jan/2014:14:54:53 +0800] "GET /dangqi/realTime/detail?brandName=%E5%A6%82%E7%86%99&callback=jQuery11020996590047251027_1390287020287&_=1390287020291 HTTP/1.1" 200 7795 "http://127.0.0.1/summary.html" "Mozilla/5.0 (Windows NT 6.1; WOW64; rv:26.0) Gecko/20100101 Firefox/26.0"
10.101.2.113 - - [21/Jan/2014:14:54:58 +0800] "GET /ranking/categories?&callback=jQuery1101019790958962403238_1390287171106&_=1390287171136 HTTP/1.1" 404 570 "http://127.0.0.1/index.html" "Mozilla/5.0 (Windows NT 6.1; WOW64) AppleWebKit/537.36 (KHTML, like Gecko) Chrome/32.0.1700.76 Safari/537.36"
10.101.2.137 - - [21/Jan/2014:14:55:02 +0800] "GET /dangqi/last30Days/overview?callback=jQuery11020996590047251027_1390287020277&_=1390287020284 HTTP/1.1" 200 97 "http://127.0.0.1/summary.html" "Mozilla/5.0 (Windows NT 6.1; WOW64; rv:26.0) Gecko/20100101 Firefox/26.0"
127.0.0.1 - - [21/Jan/2014:14:55:48 +0800] "POST /vendor/report/login.php HTTP/1.1" 200 15 "-" "Apache-HttpClient/4.3.1 (java 1.5)"
10.101.2.137 - - [21/Jan/2014:14:55:48 +0800] "GET /dangqi/today?callback=jQuery110207894267646471812_1390287348812&_=1390287348813 HTTP/1.1" 200 1159 "http://127.0.0.1/summary.html" "Mozilla/5.0 (Windows NT 6.1; WOW64; rv:26.0) Gecko/20100101 Firefox/26.0"
127.0.0.1 - - [21/Jan/2014:14:55:48 +0800] "POST /vendor/report/login.php HTTP/1.1" 200 15 "-" "Apache-HttpClient/4.3.1 (java 1.5)"
127.0.0.1 - - [21/Jan/2014:14:55:48 +0800] "POST /vendor/report/login.php HTTP/1.1" 200 15 "-" "Apache-HttpClient/4.3.1 (java 1.5)"
10.101.2.137 - - [21/Jan/2014:14:55:49 +0800] "GET /dangqi/realTime/detail?brandName=%E5%A6%82%E7%86%99&callback=jQuery110207894267646471812_1390287348815&_=1390287348816 HTTP/1.1" 200 7796 "http://127.0.0.1/summary.html" "Mozilla/5.0 (Windows NT 6.1; WOW64; rv:26.0) Gecko/20100101 Firefox/26.0"
10.101.2.137 - - [21/Jan/2014:14:55:49 +0800] "GET /dangqi/realTime/overview?brandName=%E5%A6%82%E7%86%99&callback=jQuery110207894267646471812_1390287348812&_=1390287348814 HTTP/1.1" 200 613 "http://127.0.0.1/summary.html" "Mozilla/5.0 (Windows NT 6.1; WOW64; rv:26.0) Gecko/20100101 Firefox/26.0"
127.0.0.1 - - [21/Jan/2014:14:55:53 +0800] "POST /vendor/report/login.php HTTP/1.1" 200 15 "-" "Apache-HttpClient/4.3.1 (java 1.5)"
10.101.2.137 - - [21/Jan/2014:14:55:53 +0800] "GET /dangqi/today?callback=jQuery1102042651300775423007_1390287353767&_=1390287353768 HTTP/1.1" 200 1160 "http://127.0.0.1/summary.html" "Mozilla/5.0 (Windows NT 6.1; WOW64; rv:26.0) Gecko/20100101 Firefox/26.0"
127.0.0.1 - - [21/Jan/2014:14:55:53 +0800] "POST /vendor/report/login.php HTTP/1.1" 200 15 "-" "Apache-HttpClient/4.3.1 (java 1.5)"
127.0.0.1 - - [21/Jan/2014:14:55:53 +0800] "POST /vendor/report/login.php HTTP/1.1" 200 15 "-" "Apache-HttpClient/4.3.1 (java 1.5)"
10.101.2.137 - - [21/Jan/2014:14:55:54 +0800] "GET /dangqi/realTime/overview?brandName=%E5%A6%82%E7%86%99&callback=jQuery1102042651300775423007_1390287353767&_=1390287353769 HTTP/1.1" 200 614 "http://127.0.0.1/summary.html" "Mozilla/5.0 (Windows NT 6.1; WOW64; rv:26.0) Gecko/20100101 Firefox/26.0"
10.101.2.137 - - [21/Jan/2014:14:55:54 +0800] "GET /dangqi/realTime/detail?brandName=%E5%A6%82%E7%86%99&callback=jQuery1102042651300775423007_1390287353770&_=1390287353771 HTTP/1.1" 200 7797 "http://127.0.0.1/summary.html" "Mozilla/5.0 (Windows NT 6.1; WOW64; rv:26.0) Gecko/20100101 Firefox/26.0"
127.0.0.1 - - [21/Jan/2014:14:55:55 +0800] "POST /vendor/report/login.php HTTP/1.1" 200 15 "-" "Apache-HttpClient/4.3.1 (java 1.5)"
10.101.2.137 - - [21/Jan/2014:14:55:56 +0800] "GET /dangqi/today?callback=jQuery110205770822536459608_1390287356018&_=1390287356019 HTTP/1.1" 200 1159 "http://127.0.0.1/summary.html" "Mozilla/5.0 (Windows NT 6.1; WOW64; rv:26.0) Gecko/20100101 Firefox/26.0"
127.0.0.1 - - [21/Jan/2014:14:55:56 +0800] "POST /vendor/report/login.php HTTP/1.1" 200 15 "-" "Apache-HttpClient/4.3.1 (java 1.5)"
127.0.0.1 - - [21/Jan/2014:14:55:56 +0800] "POST /vendor/report/login.php HTTP/1.1" 200 15 "-" "Apache-HttpClient/4.3.1 (java 1.5)"
10.101.2.137 - - [21/Jan/2014:14:55:56 +0800] "GET /dangqi/realTime/detail?brandName=%E5%A6%82%E7%86%99&callback=jQuery110205770822536459608_1390287356021&_=1390287356022 HTTP/1.1" 200 7796 "http://127.0.0.1/summary.html" "Mozilla/5.0 (Windows NT 6.1; WOW64; rv:26.0) Gecko/20100101 Firefox/26.0"
10.101.2.137 - - [21/Jan/2014:14:55:56 +0800] "GET /dangqi/realTime/overview?brandName=%E5%A6%82%E7%86%99&callback=jQuery110205770822536459608_1390287356018&_=1390287356020 HTTP/1.1" 200 613 "http://127.0.0.1/summary.html" "Mozilla/5.0 (Windows NT 6.1; WOW64; rv:26.0) Gecko/20100101 Firefox/26.0"
127.0.0.1 - - [21/Jan/2014:14:55:58 +0800] "POST /vendor/report/login.php HTTP/1.1" 200 15 "-" "Apache-HttpClient/4.3.1 (java 1.5)"
127.0.0.1 - - [21/Jan/2014:14:55:58 +0800] "POST /vendor/report/login.php HTTP/1.1" 200 15 "-" "Apache-HttpClient/4.3.1 (java 1.5)"
10.101.2.137 - - [21/Jan/2014:14:55:59 +0800] "GET /dangqi/realTime/overview?brandName=%E8%8A%B7%E7%88%B1ONLY%20LOVE&callback=jQuery110205770822536459608_1390287356021&_=1390287356023 HTTP/1.1" 200 610 "http://127.0.0.1/summary.html" "Mozilla/5.0 (Windows NT 6.1; WOW64; rv:26.0) Gecko/20100101 Firefox/26.0"
10.101.2.137 - - [21/Jan/2014:14:55:59 +0800] "GET /dangqi/realTime/detail?brandName=%E8%8A%B7%E7%88%B1ONLY%20LOVE&callback=jQuery110205770822536459608_1390287356018&_=1390287356024 HTTP/1.1" 200 7774 "http://127.0.0.1/summary.html" "Mozilla/5.0 (Windows NT 6.1; WOW64; rv:26.0) Gecko/20100101 Firefox/26.0"
127.0.0.1 - - [21/Jan/2014:14:56:58 +0800] "POST /vendor/report/login.php HTTP/1.1" 200 15 "-" "Apache-HttpClient/4.3.1 (java 1.5)"
10.101.2.137 - - [21/Jan/2014:14:56:58 +0800] "GET /dangqi/today?callback=jQuery1102048890348970442377_1390287418974&_=1390287418975 HTTP/1.1" 200 1160 "http://127.0.0.1/summary.html" "Mozilla/5.0 (Windows NT 6.1; WOW64; rv:26.0) Gecko/20100101 Firefox/26.0"
127.0.0.1 - - [21/Jan/2014:14:56:58 +0800] "POST /vendor/report/login.php HTTP/1.1" 200 15 "-" "Apache-HttpClient/4.3.1 (java 1.5)"
127.0.0.1 - - [21/Jan/2014:14:56:58 +0800] "POST /vendor/report/login.php HTTP/1.1" 200 15 "-" "Apache-HttpClient/4.3.1 (java 1.5)"
10.101.2.137 - - [21/Jan/2014:14:56:59 +0800] "GET /dangqi/realTime/overview?brandName=%E5%A6%82%E7%86%99&callback=jQuery1102048890348970442377_1390287418974&_=1390287418976 HTTP/1.1" 200 614 "http://127.0.0.1/summary.html" "Mozilla/5.0 (Windows NT 6.1; WOW64; rv:26.0) Gecko/20100101 Firefox/26.0"
10.101.2.137 - - [21/Jan/2014:14:56:59 +0800] "GET /dangqi/realTime/detail?brandName=%E5%A6%82%E7%86%99&callback=jQuery1102048890348970442377_1390287418977&_=1390287418978 HTTP/1.1" 200 7797 "http://127.0.0.1/summary.html" "Mozilla/5.0 (Windows NT 6.1; WOW64; rv:26.0) Gecko/20100101 Firefox/26.0"
127.0.0.1 - - [21/Jan/2014:14:57:07 +0800] "POST /vendor/report/login.php HTTP/1.1" 200 15 "-" "Apache-HttpClient/4.3.1 (java 1.5)"
10.101.2.137 - - [21/Jan/2014:14:57:07 +0800] "GET /dangqi/today?callback=jQuery110203203510950052475_1390287427353&_=1390287427354 HTTP/1.1" 200 1159 "http://127.0.0.1/summary.html" "Mozilla/5.0 (Windows NT 6.1; WOW64; rv:26.0) Gecko/20100101 Firefox/26.0"
127.0.0.1 - - [21/Jan/2014:14:57:07 +0800] "POST /vendor/report/login.php HTTP/1.1" 200 15 "-" "Apache-HttpClient/4.3.1 (java 1.5)"
127.0.0.1 - - [21/Jan/2014:14:57:07 +0800] "POST /vendor/report/login.php HTTP/1.1" 200 15 "-" "Apache-HttpClient/4.3.1 (java 1.5)"
10.101.2.137 - - [21/Jan/2014:14:57:08 +0800] "GET /dangqi/realTime/overview?brandName=%E5%A6%82%E7%86%99&callback=jQuery110203203510950052475_1390287427353&_=1390287427355 HTTP/1.1" 200 613 "http://127.0.0.1/summary.html" "Mozilla/5.0 (Windows NT 6.1; WOW64; rv:26.0) Gecko/20100101 Firefox/26.0"
10.101.2.137 - - [21/Jan/2014:14:57:08 +0800] "GET /dangqi/realTime/detail?brandName=%E5%A6%82%E7%86%99&callback=jQuery110203203510950052475_1390287427356&_=1390287427357 HTTP/1.1" 200 7796 "http://127.0.0.1/summary.html" "Mozilla/5.0 (Windows NT 6.1; WOW64; rv:26.0) Gecko/20100101 Firefox/26.0"
127.0.0.1 - - [21/Jan/2014:14:57:16 +0800] "POST /vendor/report/login.php HTTP/1.1" 200 15 "-" "Apache-HttpClient/4.3.1 (java 1.5)"
10.101.2.137 - - [21/Jan/2014:14:57:16 +0800] "GET /dangqi/today?callback=jQuery110202952596286489404_1390287436441&_=1390287436442 HTTP/1.1" 200 1159 "http://127.0.0.1/summary.html" "Mozilla/5.0 (Windows NT 6.1; WOW64; rv:26.0) Gecko/20100101 Firefox/26.0"
127.0.0.1 - - [21/Jan/2014:14:57:17 +0800] "POST /vendor/report/login.php HTTP/1.1" 200 15 "-" "Apache-HttpClient/4.3.1 (java 1.5)"
127.0.0.1 - - [21/Jan/2014:14:57:17 +0800] "POST /vendor/report/login.php HTTP/1.1" 200 15 "-" "Apache-HttpClient/4.3.1 (java 1.5)"
10.101.2.137 - - [21/Jan/2014:14:57:17 +0800] "GET /dangqi/realTime/detail?brandName=%E5%A6%82%E7%86%99&callback=jQuery110202952596286489404_1390287436444&_=1390287436445 HTTP/1.1" 200 7796 "http://127.0.0.1/summary.html" "Mozilla/5.0 (Windows NT 6.1; WOW64; rv:26.0) Gecko/20100101 Firefox/26.0"
10.101.2.137 - - [21/Jan/2014:14:57:17 +0800] "GET /dangqi/realTime/overview?brandName=%E5%A6%82%E7%86%99&callback=jQuery110202952596286489404_1390287436441&_=1390287436443 HTTP/1.1" 200 613 "http://127.0.0.1/summary.html" "Mozilla/5.0 (Windows NT 6.1; WOW64; rv:26.0) Gecko/20100101 Firefox/26.0"
127.0.0.1 - - [21/Jan/2014:14:57:40 +0800] "POST /vendor/report/login.php HTTP/1.1" 200 15 "-" "Apache-HttpClient/4.3.1 (java 1.5)"
10.101.2.137 - - [21/Jan/2014:14:57:41 +0800] "GET /dangqi/today?callback=jQuery1102039699576621891797_1390287461220&_=1390287461221 HTTP/1.1" 200 1160 "http://127.0.0.1/summary.html" "Mozilla/5.0 (Windows NT 6.1; WOW64; rv:26.0) Gecko/20100101 Firefox/26.0"
127.0.0.1 - - [21/Jan/2014:14:57:41 +0800] "POST /vendor/report/login.php HTTP/1.1" 200 15 "-" "Apache-HttpClient/4.3.1 (java 1.5)"
127.0.0.1 - - [21/Jan/2014:14:57:41 +0800] "POST /vendor/report/login.php HTTP/1.1" 200 15 "-" "Apache-HttpClient/4.3.1 (java 1.5)"
10.101.2.137 - - [21/Jan/2014:14:57:42 +0800] "GET /dangqi/realTime/overview?brandName=%E5%A6%82%E7%86%99&callback=jQuery1102039699576621891797_1390287461220&_=1390287461222 HTTP/1.1" 200 614 "http://127.0.0.1/summary.html" "Mozilla/5.0 (Windows NT 6.1; WOW64; rv:26.0) Gecko/20100101 Firefox/26.0"
10.101.2.137 - - [21/Jan/2014:14:57:42 +0800] "GET /dangqi/realTime/detail?brandName=%E5%A6%82%E7%86%99&callback=jQuery1102039699576621891797_1390287461223&_=1390287461224 HTTP/1.1" 200 7797 "http://127.0.0.1/summary.html" "Mozilla/5.0 (Windows NT 6.1; WOW64; rv:26.0) Gecko/20100101 Firefox/26.0"
127.0.0.1 - - [21/Jan/2014:14:57:47 +0800] "POST /vendor/report/login.php HTTP/1.1" 200 15 "-" "Apache-HttpClient/4.3.1 (java 1.5)"
10.101.2.137 - - [21/Jan/2014:14:57:48 +0800] "GET /dangqi/today?callback=jQuery1102014450776445383606_1390287468101&_=1390287468102 HTTP/1.1" 200 1160 "http://127.0.0.1/summary.html" "Mozilla/5.0 (Windows NT 6.1; WOW64; rv:26.0) Gecko/20100101 Firefox/26.0"
127.0.0.1 - - [21/Jan/2014:14:57:48 +0800] "POST /vendor/report/login.php HTTP/1.1" 200 15 "-" "Apache-HttpClient/4.3.1 (java 1.5)"
127.0.0.1 - - [21/Jan/2014:14:57:48 +0800] "POST /vendor/report/login.php HTTP/1.1" 200 15 "-" "Apache-HttpClient/4.3.1 (java 1.5)"
10.101.2.137 - - [21/Jan/2014:14:57:49 +0800] "GET /dangqi/realTime/overview?brandName=%E5%A6%82%E7%86%99&callback=jQuery1102014450776445383606_1390287468101&_=1390287468103 HTTP/1.1" 200 614 "http://127.0.0.1/summary.html" "Mozilla/5.0 (Windows NT 6.1; WOW64; rv:26.0) Gecko/20100101 Firefox/26.0"
10.101.2.137 - - [21/Jan/2014:14:57:49 +0800] "GET /dangqi/realTime/detail?brandName=%E5%A6%82%E7%86%99&callback=jQuery1102014450776445383606_1390287468104&_=1390287468105 HTTP/1.1" 200 7797 "http://127.0.0.1/summary.html" "Mozilla/5.0 (Windows NT 6.1; WOW64; rv:26.0) Gecko/20100101 Firefox/26.0"
127.0.0.1 - - [21/Jan/2014:14:57:54 +0800] "POST /vendor/report/login.php HTTP/1.1" 200 15 "-" "Apache-HttpClient/4.3.1 (java 1.5)"
10.101.2.137 - - [21/Jan/2014:14:57:55 +0800] "GET /dangqi/today?callback=jQuery110205754057850160351_1390287474894&_=1390287474895 HTTP/1.1" 200 1159 "http://127.0.0.1/summary.html" "Mozilla/5.0 (Windows NT 6.1; WOW64; rv:26.0) Gecko/20100101 Firefox/26.0"
127.0.0.1 - - [21/Jan/2014:14:57:55 +0800] "POST /vendor/report/login.php HTTP/1.1" 200 15 "-" "Apache-HttpClient/4.3.1 (java 1.5)"
127.0.0.1 - - [21/Jan/2014:14:57:55 +0800] "POST /vendor/report/login.php HTTP/1.1" 200 15 "-" "Apache-HttpClient/4.3.1 (java 1.5)"
10.101.2.137 - - [21/Jan/2014:14:57:56 +0800] "GET /dangqi/realTime/detail?brandName=%E5%A6%82%E7%86%99&callback=jQuery110205754057850160351_1390287474897&_=1390287474898 HTTP/1.1" 200 7796 "http://127.0.0.1/summary.html" "Mozilla/5.0 (Windows NT 6.1; WOW64; rv:26.0) Gecko/20100101 Firefox/26.0"
10.101.2.137 - - [21/Jan/2014:14:57:56 +0800] "GET /dangqi/realTime/overview?brandName=%E5%A6%82%E7%86%99&callback=jQuery110205754057850160351_1390287474894&_=1390287474896 HTTP/1.1" 200 613 "http://127.0.0.1/summary.html" "Mozilla/5.0 (Windows NT 6.1; WOW64; rv:26.0) Gecko/20100101 Firefox/26.0"
127.0.0.1 - - [21/Jan/2014:14:58:05 +0800] "POST /vendor/report/login.php HTTP/1.1" 200 15 "-" "Apache-HttpClient/4.3.1 (java 1.5)"
10.101.2.137 - - [21/Jan/2014:14:58:05 +0800] "GET /dangqi/today?callback=jQuery110206647475628134358_1390287485394&_=1390287485395 HTTP/1.1" 200 1159 "http://127.0.0.1/summary.html" "Mozilla/5.0 (Windows NT 6.1; WOW64; rv:26.0) Gecko/20100101 Firefox/26.0"
127.0.0.1 - - [21/Jan/2014:14:58:06 +0800] "POST /vendor/report/login.php HTTP/1.1" 200 15 "-" "Apache-HttpClient/4.3.1 (java 1.5)"
127.0.0.1 - - [21/Jan/2014:14:58:06 +0800] "POST /vendor/report/login.php HTTP/1.1" 200 15 "-" "Apache-HttpClient/4.3.1 (java 1.5)"
10.101.2.137 - - [21/Jan/2014:14:58:06 +0800] "GET /dangqi/realTime/overview?brandName=%E5%A6%82%E7%86%99&callback=jQuery110206647475628134358_1390287485394&_=1390287485396 HTTP/1.1" 200 613 "http://127.0.0.1/summary.html" "Mozilla/5.0 (Windows NT 6.1; WOW64; rv:26.0) Gecko/20100101 Firefox/26.0"
10.101.2.137 - - [21/Jan/2014:14:58:06 +0800] "GET /dangqi/realTime/detail?brandName=%E5%A6%82%E7%86%99&callback=jQuery110206647475628134358_1390287485397&_=1390287485398 HTTP/1.1" 200 7796 "http://127.0.0.1/summary.html" "Mozilla/5.0 (Windows NT 6.1; WOW64; rv:26.0) Gecko/20100101 Firefox/26.0"
127.0.0.1 - - [21/Jan/2014:14:58:13 +0800] "POST /vendor/report/login.php HTTP/1.1" 200 15 "-" "Apache-HttpClient/4.3.1 (java 1.5)"
10.101.2.137 - - [21/Jan/2014:14:58:13 +0800] "GET /dangqi/today?callback=jQuery110209313876018336213_1390287493426&_=1390287493427 HTTP/1.1" 200 1159 "http://127.0.0.1/summary.html" "Mozilla/5.0 (Windows NT 6.1; WOW64; rv:26.0) Gecko/20100101 Firefox/26.0"
127.0.0.1 - - [21/Jan/2014:14:58:14 +0800] "POST /vendor/report/login.php HTTP/1.1" 200 15 "-" "Apache-HttpClient/4.3.1 (java 1.5)"
127.0.0.1 - - [21/Jan/2014:14:58:14 +0800] "POST /vendor/report/login.php HTTP/1.1" 200 15 "-" "Apache-HttpClient/4.3.1 (java 1.5)"
10.101.2.137 - - [21/Jan/2014:14:58:14 +0800] "GET /dangqi/realTime/overview?brandName=%E5%A6%82%E7%86%99&callback=jQuery110209313876018336213_1390287493426&_=1390287493428 HTTP/1.1" 200 613 "http://127.0.0.1/summary.html" "Mozilla/5.0 (Windows NT 6.1; WOW64; rv:26.0) Gecko/20100101 Firefox/26.0"
10.101.2.137 - - [21/Jan/2014:14:58:14 +0800] "GET /dangqi/realTime/detail?brandName=%E5%A6%82%E7%86%99&callback=jQuery110209313876018336213_1390287493429&_=1390287493430 HTTP/1.1" 200 7796 "http://127.0.0.1/summary.html" "Mozilla/5.0 (Windows NT 6.1; WOW64; rv:26.0) Gecko/20100101 Firefox/26.0"
